
[1m[46m RUN [49m[22m [36mv3.2.4 [39m[90mC:/_vibe/todolist-app/frontend[39m

 [32m??[39m src/test/setup.test.ts[2m > [22m?꾨줈?앺듃 ?ㅼ젙 寃利?[2m > [22mTypeScript strict 紐⑤뱶媛 ?쒖꽦?붾릺???덈떎[32m 2[2mms[22m[39m
 [32m??[39m src/test/setup.test.ts[2m > [22m?꾨줈?앺듃 ?ㅼ젙 寃利?[2m > [22mzustand ?⑦궎吏媛 import 媛?ν븯??[32m 10[2mms[22m[39m
 [32m??[39m src/test/setup.test.ts[2m > [22m?꾨줈?앺듃 ?ㅼ젙 寃利?[2m > [22m@tanstack/react-query ?⑦궎吏媛 import 媛?ν븯??[32m 63[2mms[22m[39m
 [32m??[39m src/test/setup.test.ts[2m > [22m?꾨줈?앺듃 ?ㅼ젙 寃利?[2m > [22maxios ?⑦궎吏媛 import 媛?ν븯??[32m 126[2mms[22m[39m
node.exe : [90mstderr[2m | src/test/axiosInstance.test.ts[2m > [22m[2m?묐떟 ?명꽣?됲꽣 ??401 泥섎━[2m > [22m[2m401 ?묐떟 
??POST /api/auth/refresh瑜??몄텧?섍퀬 ???좏겙????ν븳??[22m[39mError: Not implemented: navigation (except hash changes)
위치 줄:1 문자:1
+ & "C:\nvm4w\nodejs/node.exe" "C:\nvm4w\nodejs/node_modules/npm/bin/np ...
+ ~~~~~~~~~~~~~~~~~~~~~~~~~~~~~~~~~~~~~~~~~~~~~~~~~~~~~~~~~~~~~~~~~~~~~
    + CategoryInfo          : NotSpecified: ([90mstderr[2m...t hash changes):String) [], RemoteException
    + FullyQualifiedErrorId : NativeCommandError
 
    at module.exports (C:\_vibe\todolist-app\frontend\node_modules\jsdom\lib\jsdom\browser\not-implemented.js:9:17)
    at navigateFetch (C:\_vibe\todolist-app\frontend\node_modules\jsdom\lib\jsdom\living\window\navigation.js:77:3)
    at exports.navigate (C:\_vibe\todolist-app\frontend\node_modules\jsdom\lib\jsdom\living\window\navigation.js:55:3)
    at LocationImpl._locationObjectNavigate (C:\_vibe\todolist-app\frontend\node_modules\jsdom\lib\jsdom\living\window\
Location-impl.js:30:5)
    at LocationImpl._locationObjectSetterNavigate (C:\_vibe\todolist-app\frontend\node_modules\jsdom\lib\jsdom\living\w
indow\Location-impl.js:24:17)
    at LocationImpl.set href [as href] (C:\_vibe\todolist-app\frontend\node_modules\jsdom\lib\jsdom\living\window\Locat
ion-impl.js:46:10)
    at Location.set href [as href] (C:\_vibe\todolist-app\frontend\node_modules\jsdom\lib\jsdom\living\generated\Locati
on.js:125:37)
    at C:\_vibe\todolist-app\frontend\src\api\axiosInstance.ts:49:25
    at processTicksAndRejections (node:internal/process/task_queues:104:5)
    at Axios.request (file:///C:/_vibe/todolist-app/frontend/node_modules/axios/lib/core/Axios.js:41:14) [90mundefined
[39m

[90mstderr[2m | src/test/axiosInstance.test.ts[2m > [22m[2m?묐떟 ?명꽣?됲꽣 ??401 泥섎━[2m > [22m[2mrefresh ?깃났 ???먮옒 ?
붿껌???ъ떆?꾪븯???깃났 ?묐떟??諛섑솚?쒕떎
[22m[39mError: Not implemented: navigation (except hash changes)
    at module.exports (C:\_vibe\todolist-app\frontend\node_modules\jsdom\lib\jsdom\browser\not-implemented.js:9:17)
    at navigateFetch (C:\_vibe\todolist-app\frontend\node_modules\jsdom\lib\jsdom\living\window\navigation.js:77:3)
    at exports.navigate (C:\_vibe\todolist-app\frontend\node_modules\jsdom\lib\jsdom\living\window\navigation.js:55:3)
    at LocationImpl._locationObjectNavigate (C:\_vibe\todolist-app\frontend\node_modules\jsdom\lib\jsdom\living\window\
Location-impl.js:30:5)
    at LocationImpl._locationObjectSetterNavigate (C:\_vibe\todolist-app\frontend\node_modules\jsdom\lib\jsdom\living\w
indow\Location-impl.js:24:17)
    at LocationImpl.set href [as href] (C:\_vibe\todolist-app\frontend\node_modules\jsdom\lib\jsdom\living\window\Locat
ion-impl.js:46:10)
    at Location.set href [as href] (C:\_vibe\todolist-app\frontend\node_modules\jsdom\lib\jsdom\living\generated\Locati
on.js:125:37)
    at C:\_vibe\todolist-app\frontend\src\api\axiosInstance.ts:49:25
    at processTicksAndRejections (node:internal/process/task_queues:104:5)
    at Axios.request (file:///C:/_vibe/todolist-app/frontend/node_modules/axios/lib/core/Axios.js:41:14) [90mundefined
[39m

[90mstderr[2m | src/test/axiosInstance.test.ts[2m > [22m[2m?묐떟 ?명꽣?됲꽣 ??401 泥섎━[2m > [22m[2mrefresh ?ㅽ뙣 ??clear
Auth瑜??몄텧?섏뿬 ?좏겙??珥덇린?뷀븳??[22m[39mError: Not implemented: navigation (except hash changes)
    at module.exports (C:\_vibe\todolist-app\frontend\node_modules\jsdom\lib\jsdom\browser\not-implemented.js:9:17)
    at navigateFetch (C:\_vibe\todolist-app\frontend\node_modules\jsdom\lib\jsdom\living\window\navigation.js:77:3)
    at exports.navigate (C:\_vibe\todolist-app\frontend\node_modules\jsdom\lib\jsdom\living\window\navigation.js:55:3)
    at LocationImpl._locationObjectNavigate (C:\_vibe\todolist-app\frontend\node_modules\jsdom\lib\jsdom\living\window\
Location-impl.js:30:5)
    at LocationImpl._locationObjectSetterNavigate (C:\_vibe\todolist-app\frontend\node_modules\jsdom\lib\jsdom\living\w
indow\Location-impl.js:24:17)
    at LocationImpl.set href [as href] (C:\_vibe\todolist-app\frontend\node_modules\jsdom\lib\jsdom\living\window\Locat
ion-impl.js:46:10)
    at Location.set href [as href] (C:\_vibe\todolist-app\frontend\node_modules\jsdom\lib\jsdom\living\generated\Locati
on.js:125:37)
    at C:\_vibe\todolist-app\frontend\src\api\axiosInstance.ts:49:25
    at processTicksAndRejections (node:internal/process/task_queues:104:5)
    at Axios.request (file:///C:/_vibe/todolist-app/frontend/node_modules/axios/lib/core/Axios.js:41:14) [90mundefined
[39m

 [32m??[39m src/test/setup.test.ts[2m > [22m?꾨줈?앺듃 ?ㅼ젙 寃利?[2m > [22mreact-router-dom ?⑦궎吏媛 import 媛?ν븯??[32m 29[2mms[22m[39m
 [32m??[39m src/test/axiosInstance.test.ts[2m > [22maxiosInstance 湲곕낯 ?ㅼ젙[2m > [22m?붿껌 ?명꽣?됲꽣媛 ?깅줉?섏뼱 ?덈떎[32m 2[2mms[22m[39m
 [32m??[39m src/test/axiosInstance.test.ts[2m > [22maxiosInstance 湲곕낯 ?ㅼ젙[2m > [22m?묐떟 ?명꽣?됲꽣媛 ?깅줉?섏뼱 ?덈떎[32m 0[2mms[22m[39m
 [32m??[39m src/test/axiosInstance.test.ts[2m > [22m?붿껌 ?명꽣?됲꽣 ??Authorization ?ㅻ뜑 二쇱엯[2m > [22maccessToken???놁쑝硫?Authorization ?ㅻ뜑瑜?二쇱엯?섏? ?딅뒗??[32m 4[2mms[22m[39m
 [32m??[39m src/test/axiosInstance.test.ts[2m > [22m?붿껌 ?명꽣?됲꽣 ??Authorization ?ㅻ뜑 二쇱엯[2m > [22maccessToken???덉쑝硫?Authorization: Bearer ?ㅻ뜑瑜?二쇱엯?쒕떎[32m 1[2mms[22m[39m
 [32m??[39m src/test/axiosInstance.test.ts[2m > [22m?묐떟 ?명꽣?됲꽣 ??401 泥섎━[2m > [22m401???꾨땶 ?먮윭??洹몃?濡?reject?쒕떎[32m 21[2mms[22m[39m
 [31m횞[39m src/test/axiosInstance.test.ts[2m > [22m?묐떟 ?명꽣?됲꽣 ??401 泥섎━[2m > [22m401 ?묐떟 ??POST /api/auth/refresh瑜??몄텧?섍퀬 ???좏겙????ν븳??[32m 15[2mms[22m[39m
[31m   ??Request failed with status code 401[39m
 [31m횞[39m src/test/axiosInstance.test.ts[2m > [22m?묐떟 ?명꽣?됲꽣 ??401 泥섎━[2m > [22mrefresh ?깃났 ???먮옒 ?붿껌???ъ떆?꾪븯???깃났 ?묐떟??諛섑솚?쒕떎[32m 2[2mms[22m[39m
[31m   ??Request failed with status code 401[39m
 [32m??[39m src/test/axiosInstance.test.ts[2m > [22m?묐떟 ?명꽣?됲꽣 ??401 泥섎━[2m > [22mrefresh ?ㅽ뙣 ??clearAuth瑜??몄텧?섏뿬 ?좏겙??珥덇린?뷀븳??[32m 3[2mms[22m[39m
 [32m??[39m src/test/axiosInstance.test.ts[2m > [22m?묐떟 ?명꽣?됲꽣 ??401 泥섎━[2m > [22mrefresh ?ㅽ뙣 ??/login?쇰줈 ?대룞?쒕떎[32m 2[2mms[22m[39m
[90mstderr[2m | src/test/todo.api.test.ts[2m > [22m[2mgetTodos[2m > [22m[2m401 ?먮윭 ??reject?쒕떎
[22m[39mError: Not implemented: navigation (except hash changes)
    at module.exports (C:\_vibe\todolist-app\frontend\node_modules\jsdom\lib\jsdom\browser\not-implemented.js:9:17)
    at navigateFetch (C:\_vibe\todolist-app\frontend\node_modules\jsdom\lib\jsdom\living\window\navigation.js:77:3)
    at exports.navigate (C:\_vibe\todolist-app\frontend\node_modules\jsdom\lib\jsdom\living\window\navigation.js:55:3)
    at LocationImpl._locationObjectNavigate (C:\_vibe\todolist-app\frontend\node_modules\jsdom\lib\jsdom\living\window\
Location-impl.js:30:5)
    at LocationImpl._locationObjectSetterNavigate (C:\_vibe\todolist-app\frontend\node_modules\jsdom\lib\jsdom\living\w
indow\Location-impl.js:24:17)
    at LocationImpl.set href [as href] (C:\_vibe\todolist-app\frontend\node_modules\jsdom\lib\jsdom\living\window\Locat
ion-impl.js:46:10)
    at Location.set href [as href] (C:\_vibe\todolist-app\frontend\node_modules\jsdom\lib\jsdom\living\generated\Locati
on.js:125:37)
    at C:\_vibe\todolist-app\frontend\src\api\axiosInstance.ts:49:25
    at processTicksAndRejections (node:internal/process/task_queues:104:5)
    at Axios.request (file:///C:/_vibe/todolist-app/frontend/node_modules/axios/lib/core/Axios.js:41:14) [90mundefined
[39m

 [32m??[39m src/test/todo.api.test.ts[2m > [22mgetTodos[2m > [22m?꾪꽣 ?놁씠 ?꾩껜 ?좎씪 紐⑸줉??諛섑솚?쒕떎[32m 7[2mms[22m[39m
 [32m??[39m src/test/todo.api.test.ts[2m > [22mgetTodos[2m > [22mcategory_id ?꾪꽣媛 荑쇰━ ?뚮씪誘명꽣濡?吏곷젹?붾맂??[32m 1[2mms[22m[39m
 [32m??[39m src/test/todo.api.test.ts[2m > [22mgetTodos[2m > [22mfrom/to ?꾪꽣媛 荑쇰━ ?뚮씪誘명꽣濡?吏곷젹?붾맂??[32m 1[2mms[22m[39m
 [32m??[39m src/test/todo.api.test.ts[2m > [22mgetTodos[2m > [22mis_completed=false媛 臾몄옄??"false"濡?吏곷젹?붾맂??[32m 1[2mms[22m[39m
 [32m??[39m src/test/todo.api.test.ts[2m > [22mgetTodos[2m > [22mis_completed=true媛 臾몄옄??"true"濡?吏곷젹?붾맂??[32m 1[2mms[22m[39m
 [32m??[39m src/test/todo.api.test.ts[2m > [22mgetTodos[2m > [22mundefined ?꾪꽣??荑쇰━ ?뚮씪誘명꽣???ы븿?섏? ?딅뒗??[32m 1[2mms[22m[39m
 [32m??[39m src/test/todo.api.test.ts[2m > [22mgetTodos[2m > [22m鍮??꾪꽣 媛앹껜???뚮씪誘명꽣 ?놁씠 ?붿껌?쒕떎[32m 2[2mms[22m[39m
 [32m??[39m src/test/todo.api.test.ts[2m > [22mgetTodos[2m > [22m401 ?먮윭 ??reject?쒕떎[32m 87[2mms[22m[39m
 [32m??[39m src/test/todo.api.test.ts[2m > [22mgetTodoById[2m > [22m?깃났 ???④굔 Todo瑜?諛섑솚?쒕떎[32m 1[2mms[22m[39m
 [32m??[39m src/test/todo.api.test.ts[2m > [22mgetTodoById[2m > [22m404 ?먮윭 ??reject?쒕떎[32m 1[2mms[22m[39m
 [32m??[39m src/test/todo.api.test.ts[2m > [22mcreateTodo[2m > [22m?깃났 ???앹꽦??Todo瑜?諛섑솚?쒕떎[32m 1[2mms[22m[39m
 [32m??[39m src/test/todo.api.test.ts[2m > [22mcreateTodo[2m > [22m?붿껌 諛붾뵒??title怨?category_id媛 ?ы븿?쒕떎[32m 1[2mms[22m[39m
 [32m??[39m src/test/todo.api.test.ts[2m > [22mcreateTodo[2m > [22m404 議댁옱?섏? ?딅뒗 category_id ??reject?쒕떎[32m 1[2mms[22m[39m
 [32m??[39m src/test/todo.api.test.ts[2m > [22mupdateTodo[2m > [22m?깃났 ???섏젙??Todo瑜?諛섑솚?쒕떎[32m 1[2mms[22m[39m
 [32m??[39m src/test/todo.api.test.ts[2m > [22mupdateTodo[2m > [22m403 ????뚯쑀 Todo ?섏젙 ?쒕룄 ??reject?쒕떎[32m 1[2mms[22m[39m
 [32m??[39m src/test/todo.api.test.ts[2m > [22mdeleteTodo[2m > [22m?깃났 ??resolve?쒕떎 (204)[32m 1[2mms[22m[39m
 [32m??[39m src/test/todo.api.test.ts[2m > [22mdeleteTodo[2m > [22m?щ컮瑜?URL濡??붿껌?쒕떎[32m 0[2mms[22m[39m
 [32m??[39m src/test/todo.api.test.ts[2m > [22mdeleteTodo[2m > [22m403 ????뚯쑀 Todo ??젣 ?쒕룄 ??reject?쒕떎[32m 1[2mms[22m[39m
 [32m??[39m src/test/todo.api.test.ts[2m > [22mtoggleTodoComplete[2m > [22m?깃났 ???좉???Todo瑜?諛섑솚?쒕떎[32m 1[2mms[22m[39m
 [32m??[39m src/test/todo.api.test.ts[2m > [22mtoggleTodoComplete[2m > [22m?щ컮瑜?URL濡??붿껌?쒕떎[32m 1[2mms[22m[39m
 [32m??[39m src/test/category.hooks.test.tsx[2m > [22museCategoryList[2m > [22museQuery濡?移댄뀒怨좊━ 紐⑸줉??議고쉶?쒕떎[32m 99[2mms[22m[39m
 [32m??[39m src/test/components.test.tsx[2m > [22mButton[2m > [22mchildren ?띿뒪?몃? ?뚮뜑留곹븳??[32m 60[2mms[22m[39m
 [32m??[39m src/test/todo.hooks.test.tsx[2m > [22museTodoList[2m > [22m?꾪꽣 ?놁씠 ?좎씪 紐⑸줉??議고쉶?쒕떎[32m 110[2mms[22m[39m
 [32m??[39m src/test/todo.hooks.test.tsx[2m > [22museTodoList[2m > [22m?꾪꽣媛 queryKey???ы븿?쒕떎[32m 86[2mms[22m[39m
 [32m??[39m src/test/todo.hooks.test.tsx[2m > [22museTodoList[2m > [22m?꾪꽣 蹂寃??????붿껌??諛쒖깮?쒕떎[32m 9[2mms[22m[39m
 [32m??[39m src/test/components.test.tsx[2m > [22mButton[2m > [22mvariant=primary 踰꾪듉???뚮뜑留곷맂??[32m 60[2mms[22m[39m
 [32m??[39m src/test/components.test.tsx[2m > [22mButton[2m > [22mvariant=secondary 踰꾪듉???뚮뜑留곷맂??[32m 9[2mms[22m[39m
 [32m??[39m src/test/components.test.tsx[2m > [22mButton[2m > [22mvariant=danger 踰꾪듉???뚮뜑留곷맂??[32m 13[2mms[22m[39m
 [32m??[39m src/test/components.test.tsx[2m > [22mButton[2m > [22misLoading=true?대㈃ 踰꾪듉??鍮꾪솢?깊솕?쒕떎[32m 13[2mms[22m[39m
 [32m??[39m src/test/components.test.tsx[2m > [22mButton[2m > [22misLoading=true?대㈃ ?ㅽ뵾?덇? ?쒖떆?쒕떎[32m 19[2mms[22m[39m
 [32m??[39m src/test/components.test.tsx[2m > [22mButton[2m > [22mdisabled=true?대㈃ ?대┃ ?몃뱾?ш? ?몄텧?섏? ?딅뒗??[32m 14[2mms[22m[39m
 [32m??[39m src/test/components.test.tsx[2m > [22mButton[2m > [22monClick ?몃뱾?ш? ?몄텧?쒕떎[32m 9[2mms[22m[39m
 [32m??[39m src/test/components.test.tsx[2m > [22mInput[2m > [22mlabel???뚮뜑留곷맂??[32m 7[2mms[22m[39m
 [32m??[39m src/test/components.test.tsx[2m > [22mInput[2m > [22merror媛 ?놁쑝硫??먮윭 硫붿떆吏媛 ?쒖떆?섏? ?딅뒗??[32m 3[2mms[22m[39m
 [32m??[39m src/test/components.test.tsx[2m > [22mInput[2m > [22merror 硫붿떆吏媛 ?섎떒???쒖떆?쒕떎[32m 6[2mms[22m[39m
 [32m??[39m src/test/components.test.tsx[2m > [22mInput[2m > [22merror媛 ?덉쑝硫?input??aria-invalid=true媛 ?ㅼ젙?쒕떎[32m 4[2mms[22m[39m
 [32m??[39m src/test/category.hooks.test.tsx[2m > [22museCategoryList[2m > [22mqueryKey媛 ["categories"]?대떎[32m 64[2mms[22m[39m
 [32m??[39m src/test/components.test.tsx[2m > [22mInput[2m > [22m?먮윭媛 ?놁쑝硫?aria-invalid媛 false?대떎[32m 3[2mms[22m[39m
 [32m??[39m src/test/components.test.tsx[2m > [22mSpinner[2m > [22m濡쒕뵫 以?aria-label濡??뚮뜑留곷맂??[32m 5[2mms[22m[39m
 [32m??[39m src/test/components.test.tsx[2m > [22mSpinner[2m > [22msize prop???곕씪 ?뚮뜑留곷맂??[32m 15[2mms[22m[39m
 [32m??[39m src/test/components.test.tsx[2m > [22mErrorMessage[2m > [22mmessage媛 null?대㈃ ?뚮뜑留곹븯吏 ?딅뒗??[32m 2[2mms[22m[39m
 [32m??[39m src/test/components.test.tsx[2m > [22mErrorMessage[2m > [22mmessage媛 ?덉쑝硫??띿뒪?몃? ?뚮뜑留곹븳??[32m 4[2mms[22m[39m
 [32m??[39m src/test/components.test.tsx[2m > [22mBadge[2m > [22misCompleted=true?대㈃ "?꾨즺"瑜??쒖떆?쒕떎[32m 2[2mms[22m[39m
 [32m??[39m src/test/components.test.tsx[2m > [22mBadge[2m > [22misCompleted=false?대㈃ "誘몄셿猷?瑜??쒖떆?쒕떎[32m 2[2mms[22m[39m
 [32m??[39m src/test/components.test.tsx[2m > [22mModal[2m > [22misOpen=false?대㈃ ?뚮뜑留곹븯吏 ?딅뒗??[32m 3[2mms[22m[39m
 [32m??[39m src/test/components.test.tsx[2m > [22mModal[2m > [22misOpen=true?대㈃ 紐⑤떖???쒖떆?쒕떎[32m 7[2mms[22m[39m
 [32m??[39m src/test/components.test.tsx[2m > [22mModal[2m > [22m횞 踰꾪듉 ?대┃ ??onClose媛 ?몄텧?쒕떎[32m 7[2mms[22m[39m
 [32m??[39m src/test/components.test.tsx[2m > [22mModal[2m > [22m諛곌꼍 ?대┃ ??onClose媛 ?몄텧?쒕떎[32m 7[2mms[22m[39m
 [32m??[39m src/test/components.test.tsx[2m > [22mModal[2m > [22m紐⑤떖 ?대? ?대┃ ??onClose媛 ?몄텧?섏? ?딅뒗??[32m 4[2mms[22m[39m
 [32m??[39m src/test/components.test.tsx[2m > [22mModal[2m > [22mESC ???낅젰 ??onClose媛 ?몄텧?쒕떎[32m 3[2mms[22m[39m
 [32m??[39m src/test/components.test.tsx[2m > [22mModal[2m > [22misOpen=false?대㈃ ESC ?ㅺ? ?숈옉?섏? ?딅뒗??[32m 1[2mms[22m[39m
 [32m??[39m src/test/auth.pages.test.tsx[2m > [22mLoginPage[2m > [22m/login ?묎렐 ???섏씠吏 ?쒕ぉ???쒖떆?쒕떎[32m 92[2mms[22m[39m
 [32m??[39m src/test/category.hooks.test.tsx[2m > [22museCategoryList[2m > [22mAPI ?ㅻ쪟 ??isError媛 true媛 ?쒕떎[32m 86[2mms[22m[39m
 [32m??[39m src/test/category.hooks.test.tsx[2m > [22museCategoryList[2m > [22m珥덇린 濡쒕뵫 ??isPending??true?대떎[32m 3[2mms[22m[39m
 [32m??[39m src/test/category.hooks.test.tsx[2m > [22museCreateCategory[2m > [22m?깃났 ??categories 罹먯떆媛 臾댄슚?붾맂??[32m 63[2mms[22m[39m
 [32m??[39m src/test/todo.hooks.test.tsx[2m > [22museTodoList[2m > [22mAPI ?ㅻ쪟 ??isError媛 true媛 ?쒕떎[32m 72[2mms[22m[39m
 [32m??[39m src/test/category.feature.test.tsx[2m > [22mCategoryList[2m > [22m湲곕낯 移댄뀒怨좊━??[湲곕낯] 諭껋?媛 ?쒖떆?섍퀬 ??젣 踰꾪듉???녿떎[32m 191[2mms[22m[39m
 [32m??[39m src/test/category.feature.test.tsx[2m > [22mCategoryList[2m > [22m?ъ슜??移댄뀒怨좊━????젣 踰꾪듉???쒖떆?쒕떎[32m 24[2mms[22m[39m
 [32m??[39m src/test/category.feature.test.tsx[2m > [22mCategoryList[2m > [22m??젣 踰꾪듉 ?대┃ ??onDeleteRequest媛 ?대떦 移댄뀒怨좊━? ?④퍡 ?몄텧?쒕떎[32m 22[2mms[22m[39m
 [32m??[39m src/test/category.feature.test.tsx[2m > [22mCategoryList[2m > [22mdeleteErrors???대떦 移댄뀒怨좊━ ?ㅻ쪟媛 ?덉쑝硫??ㅻ쪟 硫붿떆吏媛 ?쒖떆?쒕떎[32m 14[2mms[22m[39m
 [32m??[39m src/test/category.feature.test.tsx[2m > [22mCategoryList[2m > [22m移댄뀒怨좊━媛 ?놁쓣 ??鍮??곹깭 硫붿떆吏媛 ?쒖떆?쒕떎[32m 4[2mms[22m[39m
 [32m??[39m src/test/auth.pages.test.tsx[2m > [22mLoginPage[2m > [22m/login ?묎렐 ??LoginForm(?대찓?셋룸퉬諛踰덊샇쨌踰꾪듉)???쒖떆?쒕떎[32m 79[2mms[22m[39m
 [32m??[39m src/test/auth.pages.test.tsx[2m > [22mLoginPage[2m > [22m?뚯썝媛??留곹겕媛 ?쒖떆?쒕떎[32m 18[2mms[22m[39m
 [32m??[39m src/test/auth.pages.test.tsx[2m > [22mLoginPage[2m > [22m?뚯썝媛??留곹겕 ?대┃ ??SignupPage濡??대룞?쒕떎[32m 35[2mms[22m[39m
 [32m??[39m src/test/auth.pages.test.tsx[2m > [22mLoginPage[2m > [22m?섏씠吏 ?섑띁媛 flexbox 以묒븰 ?뺣젹 ?ㅽ??쇱쓣 媛吏꾨떎[32m 8[2mms[22m[39m
 [32m??[39m src/test/auth.pages.test.tsx[2m > [22mLoginPage[2m > [22m?섏씠吏 ?섑띁媛 minHeight: 100vh瑜?媛吏꾨떎[32m 8[2mms[22m[39m
 [32m??[39m src/test/auth.pages.test.tsx[2m > [22mSignupPage[2m > [22m/signup ?묎렐 ???섏씠吏 ?쒕ぉ???쒖떆?쒕떎[32m 9[2mms[22m[39m
 [32m??[39m src/test/auth.pages.test.tsx[2m > [22mSignupPage[2m > [22m/signup ?묎렐 ??SignupForm(?대쫫쨌?대찓?셋룸퉬諛踰덊샇쨌踰꾪듉)???쒖떆?쒕떎[32m 19[2mms[22m[39m
 [32m??[39m src/test/auth.feature.test.tsx[2m > [22mLoginForm[2m > [22m?대찓?? 鍮꾨?踰덊샇, 濡쒓렇??踰꾪듉???뚮뜑留곷맂??[32m 159[2mms[22m[39m
 [32m??[39m src/test/auth.feature.test.tsx[2m > [22mLoginForm[2m > [22m?뚯썝媛??留곹겕媛 ?뚮뜑留곷맂??[32m 17[2mms[22m[39m
 [32m??[39m src/test/auth.feature.test.tsx[2m > [22mLoginForm[2m > [22m?대찓??誘몄엯?????대씪?댁뼵???ㅻ쪟 硫붿떆吏媛 ?쒖떆?쒕떎[32m 33[2mms[22m[39m
 [32m??[39m src/test/auth.feature.test.tsx[2m > [22mLoginForm[2m > [22m鍮꾨?踰덊샇 誘몄엯?????대씪?댁뼵???ㅻ쪟 硫붿떆吏媛 ?쒖떆?쒕떎[32m 29[2mms[22m[39m
 [32m??[39m src/test/auth.feature.test.tsx[2m > [22mLoginForm[2m > [22m?좏슚???ㅻ쪟 ??API媛 ?몄텧?섏? ?딅뒗??[32m 14[2mms[22m[39m
 [32m??[39m src/test/todo.hooks.test.tsx[2m > [22museCreateTodo[2m > [22m?깃났 ??todos 罹먯떆媛 臾댄슚?붾맂??[32m 75[2mms[22m[39m
 [32m??[39m src/test/todo.hooks.test.tsx[2m > [22museCreateTodo[2m > [22m?깃났 ???앹꽦??Todo瑜?諛섑솚?쒕떎[32m 67[2mms[22m[39m
 [32m??[39m src/test/auth.pages.test.tsx[2m > [22mSignupPage[2m > [22m濡쒓렇??留곹겕媛 ?쒖떆?쒕떎[32m 12[2mms[22m[39m
 [32m??[39m src/test/auth.pages.test.tsx[2m > [22mSignupPage[2m > [22m濡쒓렇??留곹겕 ?대┃ ??LoginPage濡??대룞?쒕떎[32m 22[2mms[22m[39m
 [32m??[39m src/test/auth.pages.test.tsx[2m > [22mSignupPage[2m > [22m?섏씠吏 ?섑띁媛 flexbox 以묒븰 ?뺣젹 ?ㅽ??쇱쓣 媛吏꾨떎[32m 8[2mms[22m[39m
 [32m??[39m src/test/auth.pages.test.tsx[2m > [22mSignupPage[2m > [22m?섏씠吏 ?섑띁媛 minHeight: 100vh瑜?媛吏꾨떎[32m 8[2mms[22m[39m
 [32m??[39m src/test/category.hooks.test.tsx[2m > [22museCreateCategory[2m > [22m?깃났 ???앹꽦??移댄뀒怨좊━瑜?諛섑솚?쒕떎[32m 64[2mms[22m[39m
 [32m??[39m src/test/category.hooks.test.tsx[2m > [22museCreateCategory[2m > [22m?ㅽ뙣 ??isError媛 true媛 ?쒕떎[32m 73[2mms[22m[39m
 [32m??[39m src/test/category.feature.test.tsx[2m > [22mCategoryForm[2m > [22m?대쫫 ?낅젰 ?꾨뱶? 異붽? 踰꾪듉???뚮뜑留곷맂??[32m 57[2mms[22m[39m
 [32m??[39m src/test/category.feature.test.tsx[2m > [22mCategoryForm[2m > [22m鍮??대쫫?쇰줈 ?쒖텧 ???대씪?댁뼵???좏슚???ㅻ쪟媛 ?쒖떆?쒕떎[32m 22[2mms[22m[39m
 [32m??[39m src/test/category.feature.test.tsx[2m > [22mCategoryForm[2m > [22m?좏슚???ㅻ쪟 ??API媛 ?몄텧?섏? ?딅뒗??[32m 12[2mms[22m[39m
 [32m??[39m src/test/category.feature.test.tsx[2m > [22mCategoryForm[2m > [22m?깃났 ???낅젰 ?꾨뱶媛 珥덇린?붾맂??[32m 32[2mms[22m[39m
 [32m??[39m src/test/profile.feature.test.tsx[2m > [22mProfilePage ???대쫫 蹂寃?[2m > [22m?섏씠吏 吏꾩엯 ???꾩옱 ?ъ슜???대쫫???대쫫 ?꾨뱶??誘몃━ 梨꾩썙吏꾨떎[32m 274[2mms[22m[39m
 [32m??[39m src/test/auth.feature.test.tsx[2m > [22mLoginForm[2m > [22m濡쒓렇???깃났 ??authStore???좏겙怨??ъ슜?먭? ??λ맂??[32m 35[2mms[22m[39m
 [32m??[39m src/test/auth.feature.test.tsx[2m > [22mLoginForm[2m > [22m濡쒓렇???깃났 ??/濡??대룞?쒕떎[32m 26[2mms[22m[39m
 [32m??[39m src/test/auth.feature.test.tsx[2m > [22mLoginForm[2m > [22m401 ?ㅻ쪟 ???쒕쾭 ?먮윭 硫붿떆吏媛 ?쒖떆?쒕떎[32m 55[2mms[22m[39m
[90mstderr[2m | src/test/auth.feature.test.tsx[2m > [22m[2mLoginForm[2m > [22m[2m?쒖텧 以?踰꾪듉??isLoading ?곹깭媛 ?쒕떎
[22m[39mAn update to LoginForm inside a test was not wrapped in act(...).

When testing, code that causes React state updates should be wrapped into act(...):

act(() => {
  /* fire events that update state */
});
/* assert on the output */

This ensures that you're testing the behavior the user would see in the browser. Learn more at https://react.dev/link/w
rap-tests-with-act
An update to LoginForm inside a test was not wrapped in act(...).

When testing, code that causes React state updates should be wrapped into act(...):

act(() => {
  /* fire events that update state */
});
/* assert on the output */

This ensures that you're testing the behavior the user would see in the browser. Learn more at https://react.dev/link/w
rap-tests-with-act

 [32m??[39m src/test/todo.hooks.test.tsx[2m > [22museCreateTodo[2m > [22m?ㅽ뙣 ??isError媛 true媛 ?쒕떎[32m 73[2mms[22m[39m
 [32m??[39m src/test/category.hooks.test.tsx[2m > [22museDeleteCategory[2m > [22m?깃났 ??categories 罹먯떆媛 臾댄슚?붾맂??[32m 75[2mms[22m[39m
 [32m??[39m src/test/category.feature.test.tsx[2m > [22mCategoryForm[2m > [22m?대쫫 以묐났(409 DUPLICATE_CATEGORY) ???ㅻ쪟 硫붿떆吏媛 ?쒖떆?쒕떎[32m 48[2mms[22m[39m
 [32m??[39m src/test/todo.feature.test.tsx[2m > [22mTodoFilter[2m > [22m移댄뀒怨좊━, ?꾨즺?щ?, 湲곌컙 ?꾪꽣媛 ?뚮뜑留곷맂??[32m 175[2mms[22m[39m
 [32m??[39m src/test/todo.feature.test.tsx[2m > [22mTodoFilter[2m > [22m移댄뀒怨좊━ 蹂寃???onFilterChange媛 ?몄텧?쒕떎[32m 45[2mms[22m[39m
 [32m??[39m src/test/todo.feature.test.tsx[2m > [22mTodoFilter[2m > [22m?꾨즺?щ? ?꾪꽣 蹂寃???onFilterChange媛 ?몄텧?쒕떎[32m 23[2mms[22m[39m
 [32m??[39m src/test/auth.feature.test.tsx[2m > [22mLoginForm[2m > [22m?쒖텧 以?踰꾪듉??isLoading ?곹깭媛 ?쒕떎[32m 42[2mms[22m[39m
 [32m??[39m src/test/auth.feature.test.tsx[2m > [22mSignupForm[2m > [22m?대쫫, ?대찓?? 鍮꾨?踰덊샇, 媛?낇븯湲?踰꾪듉???뚮뜑留곷맂??[32m 25[2mms[22m[39m
 [32m??[39m src/test/auth.feature.test.tsx[2m > [22mSignupForm[2m > [22m濡쒓렇??留곹겕媛 ?뚮뜑留곷맂??[32m 9[2mms[22m[39m
 [32m??[39m src/test/auth.feature.test.tsx[2m > [22mSignupForm[2m > [22m?대쫫 誘몄엯?????대씪?댁뼵???ㅻ쪟 硫붿떆吏媛 ?쒖떆?쒕떎[32m 27[2mms[22m[39m
 [32m??[39m src/test/category.hooks.test.tsx[2m > [22museDeleteCategory[2m > [22m?깃났 ??todos 罹먯떆??臾댄슚?붾맂??[32m 70[2mms[22m[39m
 [32m??[39m src/test/category.hooks.test.tsx[2m > [22museDeleteCategory[2m > [22m?ㅽ뙣 ??isError媛 true媛 ?쒕떎[32m 82[2mms[22m[39m
 [32m??[39m src/test/todo.hooks.test.tsx[2m > [22museUpdateTodo[2m > [22m?깃났 ??todos 罹먯떆媛 臾댄슚?붾맂??[32m 69[2mms[22m[39m
 [32m??[39m src/test/todo.hooks.test.tsx[2m > [22museDeleteTodo[2m > [22m?깃났 ??todos 罹먯떆媛 臾댄슚?붾맂??[32m 67[2mms[22m[39m
 [32m??[39m src/test/profile.feature.test.tsx[2m > [22mProfilePage ???대쫫 蹂寃?[2m > [22m?대쫫 蹂寃??깃났 ??authStore.user.name???낅뜲?댄듃?쒕떎[32m 167[2mms[22m[39m
 [32m??[39m src/test/todo.hooks.test.tsx[2m > [22museToggleTodoComplete[2m > [22m?깃났 ??todos 罹먯떆媛 臾댄슚?붾맂??[32m 55[2mms[22m[39m
 [32m??[39m src/test/todo.hooks.test.tsx[2m > [22museTodoFilter[2m > [22m珥덇린 filter??鍮?媛앹껜?대떎[32m 2[2mms[22m[39m
 [32m??[39m src/test/todo.hooks.test.tsx[2m > [22museTodoFilter[2m > [22m珥덇린 filterError??null?대떎[32m 1[2mms[22m[39m
 [32m??[39m src/test/todo.hooks.test.tsx[2m > [22museTodoFilter[2m > [22msetFilter濡??꾪꽣瑜??낅뜲?댄듃?쒕떎[32m 4[2mms[22m[39m
 [32m??[39m src/test/todo.hooks.test.tsx[2m > [22museTodoFilter[2m > [22m湲곗〈 ?꾪꽣瑜??좎??섎㈃??遺遺??낅뜲?댄듃?쒕떎[32m 4[2mms[22m[39m
 [32m??[39m src/test/todo.hooks.test.tsx[2m > [22museTodoFilter[2m > [22mfrom > to 議곌굔 ???먮윭 硫붿떆吏媛 諛섑솚?쒕떎[32m 1[2mms[22m[39m
 [32m??[39m src/test/todo.hooks.test.tsx[2m > [22museTodoFilter[2m > [22mfrom <= to 議곌굔 ??filterError??null?대떎[32m 1[2mms[22m[39m
 [32m??[39m src/test/todo.hooks.test.tsx[2m > [22museTodoFilter[2m > [22mfrom === to 議곌굔 ??filterError??null?대떎[32m 1[2mms[22m[39m
 [32m??[39m src/test/todo.hooks.test.tsx[2m > [22museTodoFilter[2m > [22mfrom留??덇퀬 to媛 ?놁쑝硫?filterError??null?대떎[32m 2[2mms[22m[39m
 [32m??[39m src/test/todo.hooks.test.tsx[2m > [22museTodoFilter[2m > [22mresetFilter濡??꾪꽣媛 珥덇린?붾맂??[32m 5[2mms[22m[39m
 [32m??[39m src/test/category.feature.test.tsx[2m > [22mCategoryPage[2m > [22m移댄뀒怨좊━ 紐⑸줉???뚮뜑留곷맂??[32m 104[2mms[22m[39m
 [32m??[39m src/test/category.feature.test.tsx[2m > [22mCategoryPage[2m > [22m湲곕낯 移댄뀒怨좊━ ?뱀뀡怨??ъ슜??移댄뀒怨좊━ ?뱀뀡??援щ텇?쒕떎[32m 54[2mms[22m[39m
 [32m??[39m src/test/auth.feature.test.tsx[2m > [22mSignupForm[2m > [22m?대찓??誘몄엯?????대씪?댁뼵???ㅻ쪟 硫붿떆吏媛 ?쒖떆?쒕떎[32m 37[2mms[22m[39m
 [32m??[39m src/test/auth.feature.test.tsx[2m > [22mSignupForm[2m > [22m鍮꾨?踰덊샇 誘몄엯?????대씪?댁뼵???ㅻ쪟 硫붿떆吏媛 ?쒖떆?쒕떎[32m 46[2mms[22m[39m
 [32m??[39m src/test/auth.feature.test.tsx[2m > [22mSignupForm[2m > [22m鍮꾨?踰덊샇 8??誘몃쭔 ???ㅻ쪟 硫붿떆吏媛 ?쒖떆?쒕떎[32m 37[2mms[22m[39m
 [32m??[39m src/test/profile.feature.test.tsx[2m > [22mProfilePage ???대쫫 蹂寃?[2m > [22m?대쫫 蹂寃??깃났 ???깃났 硫붿떆吏媛 ?쒖떆?쒕떎[32m 148[2mms[22m[39m
 [32m??[39m src/test/profile.feature.test.tsx[2m > [22mProfilePage ???대쫫 蹂寃?[2m > [22m蹂寃???ぉ ?놁씠 ?대쫫 ????쒕룄 ???좏슚???ㅻ쪟媛 ?쒖떆?쒕떎[32m 77[2mms[22m[39m
 [32m??[39m src/test/todo.feature.test.tsx[2m > [22mTodoFilter[2m > [22mfilterError媛 ?덉쑝硫??먮윭 硫붿떆吏媛 ?쒖떆?쒕떎[32m 31[2mms[22m[39m
 [32m??[39m src/test/todo.feature.test.tsx[2m > [22mTodoFilter[2m > [22m移댄뀒怨좊━ 紐⑸줉???듭뀡?쇰줈 ?쒖떆?쒕떎[32m 32[2mms[22m[39m
 [32m??[39m src/test/todo.feature.test.tsx[2m > [22mTodoFilter[2m > [22m移댄뀒怨좊━ ?꾩껜 ?좏깮 ??undefined濡?onFilterChange媛 ?몄텧?쒕떎[32m 16[2mms[22m[39m
 [31m횞[39m src/test/todo.feature.test.tsx[2m > [22mTodoForm[2m > [22m?쒕ぉ, ?ㅻ챸, 醫낅즺?? 移댄뀒怨좊━ ?꾨뱶媛 ?뚮뜑留곷맂??[32m 42[2mms[22m[39m
[31m   ??Unable to find a label with the text of: 醫낅즺 ?덉젙??
Ignored nodes: comments, script, style
[36m<body>[31m
  [36m<div>[31m
    [36m<form[31m
      [33mnovalidate[31m=[32m""[31m
      [33mstyle[31m=[32m"display: flex; flex-direction: column; gap: 16px;"[31m
    [36m>[31m
      [36m<div[31m
        [33mstyle[31m=[32m"display: flex; flex-direction: column; gap: 4px; width: 100%;"[31m
      [36m>[31m
        [36m<label[31m
          [33mfor[31m=[32m"?쒕ぉ-*"[31m
          [33mstyle[31m=[32m"font-size: 13px; font-weight: 500; color: var(--color-text-primary);"[31m
        [36m>[31m
          [0m?쒕ぉ *[0m
        [36m</label>[31m
        [36m<input[31m
          [33maria-invalid[31m=[32m"false"[31m
          [33mid[31m=[32m"?쒕ぉ-*"[31m
          [33mplaceholder[31m=[32m"?좎씪 ?쒕ぉ???낅젰?섏꽭??[31m
          [33mstyle[31m=[32m"padding: 8px 12px; border: 1px solid var(--color-border); border-radius: 4px; font-size: 14px; outline: none; width: 100%;"[31m
          [33mvalue[31m=[32m""[31m
        [36m/>[31m
      [36m</div>[31m
      [36m<div[31m
        [33mstyle[31m=[32m"display: flex; flex-direction: column; gap: 4px;"[31m
      [36m>[31m
        [36m<label[31m
          [33mstyle[31m=[32m"font-size: 13px; font-weight: 500; color: var(--color-text-primary);"[31m
        [36m>[31m
          [0m?댁슜 (?좏깮)[0m
        [36m</label>[31m
        [36m<textarea[31m
          [33mplaceholder[31m=[32m"?곸꽭 ?댁슜???낅젰?섏꽭??[31m
          [33mrows[31m=[32m"3"[31m
          [33mstyle[31m=[32m"padding: 8px 12px; border: 1px solid var(--color-border); border-radius: 4px; font-size: 14px; resize: vertical; font-family: inherit;"[31m
        [36m/>[31m
      [36m</div>[31m
      [36m<div[31m
        [33mstyle[31m=[32m"display: flex; gap: 12px; flex-wrap: wrap;"[31m
      [36m>[31m
        [36m<div[31m
          [33mstyle[31m=[32m"flex: 1 1 140px; display: flex; flex-direction: column; gap: 4px;"[31m
        [36m>[31m
          [36m<label[31m
            [33mstyle[31m=[32m"font-size: 13px; font-weight: 500; color: var(--color-text-primary);"[31m
          [36m>[31m
            [0m?쒖옉??(?좏깮)[0m
          [36m</label>[31m
          [36m<input[31m
            [33maria-label[31m=[32m"?쒖옉??[31m
            [33mstyle[31m=[32m"padding: 8px 12px; border: 1px solid var(--color-border); border-radius: 4px; font-size: 14px;"[31m
            [33mtype[31m=[32m"date"[31m
            [33mvalue[31m=[32m""[31m
          [36m/>[31m
        [36m</div>[31m
        [36m<div[31m
          [33mstyle[31m=[32m"flex: 1 1 140px; display: flex; flex-direction: column; gap: 4px;"[31m
        [36m>[31m
          [36m<label[31m
            [33mstyle[31m=[32m"font-size: 13px; font-weight: 500; color: var(--color-text-primary);"[31m
          [36m>[31m
            [0m醫낅즺??(?좏깮)[0m
          [36m</label>[31m
          [36m<input[31m
            [33maria-label[31m=[32m"醫낅즺??[31m
            [33mstyle[31m=[32m"padding: 8px 12px; border: 1px solid var(--color-border); border-radius: 4px; font-size: 14px;"[31m
            [33mtype[31m=[32m"date"[31m
            [33mvalue[31m=[32m""[31m
          [36m/>[31m
        [36m</div>[31m
      [36m</div>[31m
      [36m<div[31m
        [33mstyle[31m=[32m"display: flex; flex-direction: column; gap: 4px;"[31m
      [36m>[31m
        [36m<label[31m
          [33mstyle[31m=[32m"font-size: 13px; font-weight: 500; color: var(--color-text-primary);"[31m
        [36m>[31m
          [0m移댄뀒怨좊━ *[0m
        [36m</label>[31m
        [36m<select[31m
          [33maria-invalid[31m=[32m"false"[31m
          [33maria-label[31m=[32m"移댄뀒怨좊━"[31m
          [33mstyle[31m=[32m"padding: 8px 12px; border: 1px solid var(--color-border); border-radius: 4px; font-size: 14px;"[31m
        [36m>[31m
          [36m<option[31m
            [33mvalue[31m=[32m""[31m
          [36m>[31m
            [0m?좏깮[0m
          [36m</option>[31m
          [36m<option[31m
            [33mvalue[31m=[32m"1"[31m
          [36m>[31m
            [0m?꾩껜[0m
          [36m</option>[31m
          [36m<option[31m
            [33mvalue[31m=[32m"2"[31m
          [36m>[31m
            [0m?낅Т[0m
          [36m</option>[31m
          [36m<option[31m
            [33mvalue[31m=[32m"3"[31m
          [36m>[31m
            [0m?곌뎄[0m
          [36m</option>[31m
        [36m</select>[31m
      [36m</div>[31m
      [36m<div[31m
        [33mstyle[31m=[32m"display: flex; gap: 8px; justify-content: flex-end;"[31m
      [36m>[31m
        [36m<button[31m
          [33mstyle[31m=[32m"display: inline-flex; align-items: center; justify-content: center; gap: 6px; padding: 8px 16px; border-radius: 4px; font-size: 14px; font-weight: 500; cursor: pointer; opacity: 1; transition: opacity 0.2s; background-color: rgb(255, 255, 255); color: var(--color-text-primary); border: 1px solid var(--color-border);"[31m
          [33mtype[31m=[32m"button"[31m
        [36m>[31m
          [0m痍⑥냼[0m
        [36m</button>[31m
        [36m<button[31m
          [33mstyle[31m=[32m"display: inline-flex; align-items: center; justify-content: center; gap: 6px; padding: 8px 16px; border-radius: 4px; font-size: 14px; font-weight: 500; cursor: pointer; opacity: 1; transition: opacity 0.2s; background-color: var(--color-brand-blue); color: rgb(255, 255, 255);"[31m
          [33mtype[31m=[32m"submit"[31m
        [36m>[31m
          [0m?깅줉[0m
        [36m</button>[31m
      [36m</div>[31m
    [36m</form>[31m
  [36m</div>[31m
[36m</body>[31m[39m
 [32m??[39m src/test/category.feature.test.tsx[2m > [22mCategoryPage[2m > [22m??젣 踰꾪듉 ?대┃ ????젣 ?뺤씤 紐⑤떖???쒖떆?쒕떎[32m 68[2mms[22m[39m
 [32m??[39m src/test/category.feature.test.tsx[2m > [22mCategoryPage[2m > [22m??젣 ?뺤씤 紐⑤떖?먯꽌 痍⑥냼 ?대┃ ????젣?섏? ?딅뒗??[32m 80[2mms[22m[39m
 [32m??[39m src/test/auth.feature.test.tsx[2m > [22mSignupForm[2m > [22m?좏슚???ㅻ쪟 ??API媛 ?몄텧?섏? ?딅뒗??[32m 27[2mms[22m[39m
 [32m??[39m src/test/auth.feature.test.tsx[2m > [22mSignupForm[2m > [22m?뚯썝媛???깃났 ??/login?쇰줈 ?대룞?쒕떎[32m 42[2mms[22m[39m
 [32m??[39m src/test/auth.feature.test.tsx[2m > [22mSignupForm[2m > [22m?대찓??以묐났(409) ??"?대? ?ъ슜 以묒씤 ?대찓?쇱엯?덈떎." 硫붿떆吏媛 ?쒖떆?쒕떎[32m 31[2mms[22m[39m
 [32m??[39m src/test/auth.feature.test.tsx[2m > [22mSignupForm[2m > [22m?쒖텧 以?踰꾪듉??isLoading ?곹깭媛 ?쒕떎[32m 48[2mms[22m[39m
 [32m??[39m src/test/todo.feature.test.tsx[2m > [22mTodoForm[2m > [22m?쒕ぉ 誘몄엯?????ㅻ쪟 硫붿떆吏媛 ?쒖떆?쒕떎[32m 53[2mms[22m[39m
 [32m??[39m src/test/todo.feature.test.tsx[2m > [22mTodoForm[2m > [22m移댄뀒怨좊━ 誘몄꽑?????ㅻ쪟 硫붿떆吏媛 ?쒖떆?쒕떎[32m 52[2mms[22m[39m
 [32m??[39m src/test/todo.feature.test.tsx[2m > [22mTodoForm[2m > [22m?좏슚???ㅻ쪟 ??onSubmit???몄텧?섏? ?딅뒗??[32m 33[2mms[22m[39m
 [32m??[39m src/test/profile.feature.test.tsx[2m > [22mProfilePage ???대쫫 蹂寃?[2m > [22m?대쫫 ?꾨뱶媛 鍮꾩뼱 ?덉쑝硫??좏슚???ㅻ쪟媛 ?쒖떆?쒕떎[32m 71[2mms[22m[39m
[90mstderr[2m | src/test/profile.feature.test.tsx[2m > [22m[2mProfilePage ??鍮꾨?踰덊샇 蹂寃?[2m > [22m[2m?꾩옱 鍮꾨?踰덊샇 遺
덉씪移?401) ???ㅻ쪟 硫붿떆吏媛 ?쒖떆?쒕떎
[22m[39mError: Not implemented: navigation (except hash changes)
    at module.exports (C:\_vibe\todolist-app\frontend\node_modules\jsdom\lib\jsdom\browser\not-implemented.js:9:17)
    at navigateFetch (C:\_vibe\todolist-app\frontend\node_modules\jsdom\lib\jsdom\living\window\navigation.js:77:3)
    at exports.navigate (C:\_vibe\todolist-app\frontend\node_modules\jsdom\lib\jsdom\living\window\navigation.js:55:3)
    at LocationImpl._locationObjectNavigate (C:\_vibe\todolist-app\frontend\node_modules\jsdom\lib\jsdom\living\window\
Location-impl.js:30:5)
    at LocationImpl._locationObjectSetterNavigate (C:\_vibe\todolist-app\frontend\node_modules\jsdom\lib\jsdom\living\w
indow\Location-impl.js:24:17)
    at LocationImpl.set href [as href] (C:\_vibe\todolist-app\frontend\node_modules\jsdom\lib\jsdom\living\window\Locat
ion-impl.js:46:10)
    at Location.set href [as href] (C:\_vibe\todolist-app\frontend\node_modules\jsdom\lib\jsdom\living\generated\Locati
on.js:125:37)
    at C:\_vibe\todolist-app\frontend\src\api\axiosInstance.ts:49:25
    at processTicksAndRejections (node:internal/process/task_queues:104:5)
    at Axios.request (file:///C:/_vibe/todolist-app/frontend/node_modules/axios/lib/core/Axios.js:41:14) [90mundefined
[39m

 [32m??[39m src/test/todo.feature.test.tsx[2m > [22mTodoForm[2m > [22m?좏슚???낅젰?쇰줈 ?쒖텧 ??onSubmit???몄텧?쒕떎[32m 45[2mms[22m[39m
 [31m횞[39m src/test/todo.feature.test.tsx[2m > [22mTodoForm[2m > [22minitialValues媛 ?덉쑝硫??꾨뱶??湲곗〈 媛믪씠 誘몃━ 梨꾩썙吏꾨떎[32m 25[2mms[22m[39m
[31m   ??Unable to find a label with the text of: 醫낅즺 ?덉젙??
Ignored nodes: comments, script, style
[36m<body>[31m
  [36m<div>[31m
    [36m<form[31m
      [33mnovalidate[31m=[32m""[31m
      [33mstyle[31m=[32m"display: flex; flex-direction: column; gap: 16px;"[31m
    [36m>[31m
      [36m<div[31m
        [33mstyle[31m=[32m"display: flex; flex-direction: column; gap: 4px; width: 100%;"[31m
      [36m>[31m
        [36m<label[31m
          [33mfor[31m=[32m"?쒕ぉ-*"[31m
          [33mstyle[31m=[32m"font-size: 13px; font-weight: 500; color: var(--color-text-primary);"[31m
        [36m>[31m
          [0m?쒕ぉ *[0m
        [36m</label>[31m
        [36m<input[31m
          [33maria-invalid[31m=[32m"false"[31m
          [33mid[31m=[32m"?쒕ぉ-*"[31m
          [33mplaceholder[31m=[32m"?좎씪 ?쒕ぉ???낅젰?섏꽭??[31m
          [33mstyle[31m=[32m"padding: 8px 12px; border: 1px solid var(--color-border); border-radius: 4px; font-size: 14px; outline: none; width: 100%;"[31m
          [33mvalue[31m=[32m"? 誘명똿 ?먮즺 以鍮?[31m
        [36m/>[31m
      [36m</div>[31m
      [36m<div[31m
        [33mstyle[31m=[32m"display: flex; flex-direction: column; gap: 4px;"[31m
      [36m>[31m
        [36m<label[31m
          [33mstyle[31m=[32m"font-size: 13px; font-weight: 500; color: var(--color-text-primary);"[31m
        [36m>[31m
          [0m?댁슜 (?좏깮)[0m
        [36m</label>[31m
        [36m<textarea[31m
          [33mplaceholder[31m=[32m"?곸꽭 ?댁슜???낅젰?섏꽭??[31m
          [33mrows[31m=[32m"3"[31m
          [33mstyle[31m=[32m"padding: 8px 12px; border: 1px solid var(--color-border); border-radius: 4px; font-size: 14px; resize: vertical; font-family: inherit;"[31m
        [36m/>[31m
      [36m</div>[31m
      [36m<div[31m
        [33mstyle[31m=[32m"display: flex; gap: 12px; flex-wrap: wrap;"[31m
      [36m>[31m
        [36m<div[31m
          [33mstyle[31m=[32m"flex: 1 1 140px; display: flex; flex-direction: column; gap: 4px;"[31m
        [36m>[31m
          [36m<label[31m
            [33mstyle[31m=[32m"font-size: 13px; font-weight: 500; color: var(--color-text-primary);"[31m
          [36m>[31m
            [0m?쒖옉??(?좏깮)[0m
          [36m</label>[31m
          [36m<input[31m
            [33maria-label[31m=[32m"?쒖옉??[31m
            [33mstyle[31m=[32m"padding: 8px 12px; border: 1px solid var(--color-border); border-radius: 4px; font-size: 14px;"[31m
            [33mtype[31m=[32m"date"[31m
            [33mvalue[31m=[32m""[31m
          [36m/>[31m
        [36m</div>[31m
        [36m<div[31m
          [33mstyle[31m=[32m"flex: 1 1 140px; display: flex; flex-direction: column; gap: 4px;"[31m
        [36m>[31m
          [36m<label[31m
            [33mstyle[31m=[32m"font-size: 13px; font-weight: 500; color: var(--color-text-primary);"[31m
          [36m>[31m
            [0m醫낅즺??(?좏깮)[0m
          [36m</label>[31m
          [36m<input[31m
            [33maria-label[31m=[32m"醫낅즺??[31m
            [33mstyle[31m=[32m"padding: 8px 12px; border: 1px solid var(--color-border); border-radius: 4px; font-size: 14px;"[31m
            [33mtype[31m=[32m"date"[31m
            [33mvalue[31m=[32m"2026-05-14"[31m
          [36m/>[31m
        [36m</div>[31m
      [36m</div>[31m
      [36m<div[31m
        [33mstyle[31m=[32m"display: flex; flex-direction: column; gap: 4px;"[31m
      [36m>[31m
        [36m<label[31m
          [33mstyle[31m=[32m"font-size: 13px; font-weight: 500; color: var(--color-text-primary);"[31m
        [36m>[31m
          [0m移댄뀒怨좊━ *[0m
        [36m</label>[31m
        [36m<select[31m
          [33maria-invalid[31m=[32m"false"[31m
          [33maria-label[31m=[32m"移댄뀒怨좊━"[31m
          [33mstyle[31m=[32m"padding: 8px 12px; border: 1px solid var(--color-border); border-radius: 4px; font-size: 14px;"[31m
        [36m>[31m
          [36m<option[31m
            [33mvalue[31m=[32m""[31m
          [36m>[31m
            [0m?좏깮[0m
          [36m</option>[31m
          [36m<option[31m
            [33mvalue[31m=[32m"1"[31m
          [36m>[31m
            [0m?꾩껜[0m
          [36m</option>[31m
          [36m<option[31m
            [33mvalue[31m=[32m"2"[31m
          [36m>[31m
            [0m?낅Т[0m
          [36m</option>[31m
          [36m<option[31m
            [33mvalue[31m=[32m"3"[31m
          [36m>[31m
            [0m?곌뎄[0m
          [36m</option>[31m
        [36m</select>[31m
      [36m</div>[31m
      [36m<div[31m
        [33mstyle[31m=[32m"display: flex; align-items: center; gap: 8px;"[31m
      [36m>[31m
        [36m<input[31m
          [33mid[31m=[32m"is-completed"[31m
          [33mstyle[31m=[32m"width: 16px; height: 16px; cursor: pointer;"[31m
          [33mtype[31m=[32m"checkbox"[31m
        [36m/>[31m
        [36m<label[31m
          [33mfor[31m=[32m"is-completed"[31m
          [33mstyle[31m=[32m"font-size: 14px; cursor: pointer;"[31m
        [36m>[31m
          [0m?꾨즺[0m
        [36m</label>[31m
      [36m</div>[31m
      [36m<div[31m
        [33mstyle[31m=[32m"display: flex; gap: 8px; justify-content: flex-end;"[31m
      [36m>[31m
        [36m<button[31m
          [33mstyle[31m=[32m"display: inline-flex; align-items: center; justify-content: center; gap: 6px; padding: 8px 16px; border-radius: 4px; font-size: 14px; font-weight: 500; cursor: pointer; opacity: 1; transition: opacity 0.2s; background-color: rgb(255, 255, 255); color: var(--color-text-primary); border: 1px solid var(--color-border);"[31m
          [33mtype[31m=[32m"button"[31m
        [36m>[31m
          [0m痍⑥냼[0m
        [36m</button>[31m
        [36m<button[31m
          [33mstyle[31m=[32m"display: inline-flex; align-items: center; justify-content: center; gap: 6px; padding: 8px 16px; border-radius: 4px; font-size: 14px; font-weight: 500; cursor: pointer; opacity: 1; transition: opacity 0.2s; background-color: var(--color-brand-blue); color: rgb(255, 255, 255);"[31m
          [33mtype[31m=[32m"submit"[31m
        [36m>[31m
          [0m???[0m
        [36m</button>[31m
      [36m</div>[31m
    [36m</form>[31m
  [36m</div>[31m
[36m</body>[31m[39m
 [32m??[39m src/test/todo.feature.test.tsx[2m > [22mTodoForm[2m > [22minitialValues媛 ?덉쑝硫????踰꾪듉???쒖떆?쒕떎[32m 15[2mms[22m[39m
 [31m횞[39m src/test/todo.feature.test.tsx[2m > [22mTodoForm[2m > [22m?ㅻ뒛 ?댁쟾 ?좎쭨 ?낅젰 ??沅뚯옣 ?덈궡 硫붿떆吏媛 ?쒖떆?쒕떎[32m 12[2mms[22m[39m
[31m   ??Unable to find a label with the text of: 醫낅즺 ?덉젙??
Ignored nodes: comments, script, style
[36m<body>[31m
  [36m<div>[31m
    [36m<form[31m
      [33mnovalidate[31m=[32m""[31m
      [33mstyle[31m=[32m"display: flex; flex-direction: column; gap: 16px;"[31m
    [36m>[31m
      [36m<div[31m
        [33mstyle[31m=[32m"display: flex; flex-direction: column; gap: 4px; width: 100%;"[31m
      [36m>[31m
        [36m<label[31m
          [33mfor[31m=[32m"?쒕ぉ-*"[31m
          [33mstyle[31m=[32m"font-size: 13px; font-weight: 500; color: var(--color-text-primary);"[31m
        [36m>[31m
          [0m?쒕ぉ *[0m
        [36m</label>[31m
        [36m<input[31m
          [33maria-invalid[31m=[32m"false"[31m
          [33mid[31m=[32m"?쒕ぉ-*"[31m
          [33mplaceholder[31m=[32m"?좎씪 ?쒕ぉ???낅젰?섏꽭??[31m
          [33mstyle[31m=[32m"padding: 8px 12px; border: 1px solid var(--color-border); border-radius: 4px; font-size: 14px; outline: none; width: 100%;"[31m
          [33mvalue[31m=[32m""[31m
        [36m/>[31m
      [36m</div>[31m
      [36m<div[31m
        [33mstyle[31m=[32m"display: flex; flex-direction: column; gap: 4px;"[31m
      [36m>[31m
        [36m<label[31m
          [33mstyle[31m=[32m"font-size: 13px; font-weight: 500; color: var(--color-text-primary);"[31m
        [36m>[31m
          [0m?댁슜 (?좏깮)[0m
        [36m</label>[31m
        [36m<textarea[31m
          [33mplaceholder[31m=[32m"?곸꽭 ?댁슜???낅젰?섏꽭??[31m
          [33mrows[31m=[32m"3"[31m
          [33mstyle[31m=[32m"padding: 8px 12px; border: 1px solid var(--color-border); border-radius: 4px; font-size: 14px; resize: vertical; font-family: inherit;"[31m
        [36m/>[31m
      [36m</div>[31m
      [36m<div[31m
        [33mstyle[31m=[32m"display: flex; gap: 12px; flex-wrap: wrap;"[31m
      [36m>[31m
        [36m<div[31m
          [33mstyle[31m=[32m"flex: 1 1 140px; display: flex; flex-direction: column; gap: 4px;"[31m
        [36m>[31m
          [36m<label[31m
            [33mstyle[31m=[32m"font-size: 13px; font-weight: 500; color: var(--color-text-primary);"[31m
          [36m>[31m
            [0m?쒖옉??(?좏깮)[0m
          [36m</label>[31m
          [36m<input[31m
            [33maria-label[31m=[32m"?쒖옉??[31m
            [33mstyle[31m=[32m"padding: 8px 12px; border: 1px solid var(--color-border); border-radius: 4px; font-size: 14px;"[31m
            [33mtype[31m=[32m"date"[31m
            [33mvalue[31m=[32m""[31m
          [36m/>[31m
        [36m</div>[31m
        [36m<div[31m
          [33mstyle[31m=[32m"flex: 1 1 140px; display: flex; flex-direction: column; gap: 4px;"[31m
        [36m>[31m
          [36m<label[31m
            [33mstyle[31m=[32m"font-size: 13px; font-weight: 500; color: var(--color-text-primary);"[31m
          [36m>[31m
            [0m醫낅즺??(?좏깮)[0m
          [36m</label>[31m
          [36m<input[31m
            [33maria-label[31m=[32m"醫낅즺??[31m
            [33mstyle[31m=[32m"padding: 8px 12px; border: 1px solid var(--color-border); border-radius: 4px; font-size: 14px;"[31m
            [33mtype[31m=[32m"date"[31m
            [33mvalue[31m=[32m""[31m
          [36m/>[31m
        [36m</div>[31m
      [36m</div>[31m
      [36m<div[31m
        [33mstyle[31m=[32m"display: flex; flex-direction: column; gap: 4px;"[31m
      [36m>[31m
        [36m<label[31m
          [33mstyle[31m=[32m"font-size: 13px; font-weight: 500; color: var(--color-text-primary);"[31m
        [36m>[31m
          [0m移댄뀒怨좊━ *[0m
        [36m</label>[31m
        [36m<select[31m
          [33maria-invalid[31m=[32m"false"[31m
          [33maria-label[31m=[32m"移댄뀒怨좊━"[31m
          [33mstyle[31m=[32m"padding: 8px 12px; border: 1px solid var(--color-border); border-radius: 4px; font-size: 14px;"[31m
        [36m>[31m
          [36m<option[31m
            [33mvalue[31m=[32m""[31m
          [36m>[31m
            [0m?좏깮[0m
          [36m</option>[31m
          [36m<option[31m
            [33mvalue[31m=[32m"1"[31m
          [36m>[31m
            [0m?꾩껜[0m
          [36m</option>[31m
          [36m<option[31m
            [33mvalue[31m=[32m"2"[31m
          [36m>[31m
            [0m?낅Т[0m
          [36m</option>[31m
          [36m<option[31m
            [33mvalue[31m=[32m"3"[31m
          [36m>[31m
            [0m?곌뎄[0m
          [36m</option>[31m
        [36m</select>[31m
      [36m</div>[31m
      [36m<div[31m
        [33mstyle[31m=[32m"display: flex; gap: 8px; justify-content: flex-end;"[31m
      [36m>[31m
        [36m<button[31m
          [33mstyle[31m=[32m"display: inline-flex; align-items: center; justify-content: center; gap: 6px; padding: 8px 16px; border-radius: 4px; font-size: 14px; font-weight: 500; cursor: pointer; opacity: 1; transition: opacity 0.2s; background-color: rgb(255, 255, 255); color: var(--color-text-primary); border: 1px solid var(--color-border);"[31m
          [33mtype[31m=[32m"button"[31m
        [36m>[31m
          [0m痍⑥냼[0m
        [36m</button>[31m
        [36m<button[31m
          [33mstyle[31m=[32m"display: inline-flex; align-items: center; justify-content: center; gap: 6px; padding: 8px 16px; border-radius: 4px; font-size: 14px; font-weight: 500; cursor: pointer; opacity: 1; transition: opacity 0.2s; background-color: var(--color-brand-blue); color: rgb(255, 255, 255);"[31m
          [33mtype[31m=[32m"submit"[31m
        [36m>[31m
          [0m?깅줉[0m
        [36m</button>[31m
      [36m</div>[31m
    [36m</form>[31m
  [36m</div>[31m
[36m</body>[31m[39m
 [31m횞[39m src/test/todo.feature.test.tsx[2m > [22mTodoForm[2m > [22m怨쇨굅 ?좎쭨 ?낅젰 ?쒖뿉????μ씠 媛?ν븯??(onSubmit ?몄텧??[32m 28[2mms[22m[39m
[31m   ??Unable to find a label with the text of: 醫낅즺 ?덉젙??
Ignored nodes: comments, script, style
[36m<body>[31m
  [36m<div>[31m
    [36m<form[31m
      [33mnovalidate[31m=[32m""[31m
      [33mstyle[31m=[32m"display: flex; flex-direction: column; gap: 16px;"[31m
    [36m>[31m
      [36m<div[31m
        [33mstyle[31m=[32m"display: flex; flex-direction: column; gap: 4px; width: 100%;"[31m
      [36m>[31m
        [36m<label[31m
          [33mfor[31m=[32m"?쒕ぉ-*"[31m
          [33mstyle[31m=[32m"font-size: 13px; font-weight: 500; color: var(--color-text-primary);"[31m
        [36m>[31m
          [0m?쒕ぉ *[0m
        [36m</label>[31m
        [36m<input[31m
          [33maria-invalid[31m=[32m"false"[31m
          [33mid[31m=[32m"?쒕ぉ-*"[31m
          [33mplaceholder[31m=[32m"?좎씪 ?쒕ぉ???낅젰?섏꽭??[31m
          [33mstyle[31m=[32m"padding: 8px 12px; border: 1px solid var(--color-border); border-radius: 4px; font-size: 14px; outline: none; width: 100%;"[31m
          [33mvalue[31m=[32m"怨쇨굅 ?좎씪"[31m
        [36m/>[31m
      [36m</div>[31m
      [36m<div[31m
        [33mstyle[31m=[32m"display: flex; flex-direction: column; gap: 4px;"[31m
      [36m>[31m
        [36m<label[31m
          [33mstyle[31m=[32m"font-size: 13px; font-weight: 500; color: var(--color-text-primary);"[31m
        [36m>[31m
          [0m?댁슜 (?좏깮)[0m
        [36m</label>[31m
        [36m<textarea[31m
          [33mplaceholder[31m=[32m"?곸꽭 ?댁슜???낅젰?섏꽭??[31m
          [33mrows[31m=[32m"3"[31m
          [33mstyle[31m=[32m"padding: 8px 12px; border: 1px solid var(--color-border); border-radius: 4px; font-size: 14px; resize: vertical; font-family: inherit;"[31m
        [36m/>[31m
      [36m</div>[31m
      [36m<div[31m
        [33mstyle[31m=[32m"display: flex; gap: 12px; flex-wrap: wrap;"[31m
      [36m>[31m
        [36m<div[31m
          [33mstyle[31m=[32m"flex: 1 1 140px; display: flex; flex-direction: column; gap: 4px;"[31m
        [36m>[31m
          [36m<label[31m
            [33mstyle[31m=[32m"font-size: 13px; font-weight: 500; color: var(--color-text-primary);"[31m
          [36m>[31m
            [0m?쒖옉??(?좏깮)[0m
          [36m</label>[31m
          [36m<input[31m
            [33maria-label[31m=[32m"?쒖옉??[31m
            [33mstyle[31m=[32m"padding: 8px 12px; border: 1px solid var(--color-border); border-radius: 4px; font-size: 14px;"[31m
            [33mtype[31m=[32m"date"[31m
            [33mvalue[31m=[32m""[31m
          [36m/>[31m
        [36m</div>[31m
        [36m<div[31m
          [33mstyle[31m=[32m"flex: 1 1 140px; display: flex; flex-direction: column; gap: 4px;"[31m
        [36m>[31m
          [36m<label[31m
            [33mstyle[31m=[32m"font-size: 13px; font-weight: 500; color: var(--color-text-primary);"[31m
          [36m>[31m
            [0m醫낅즺??(?좏깮)[0m
          [36m</label>[31m
          [36m<input[31m
            [33maria-label[31m=[32m"醫낅즺??[31m
            [33mstyle[31m=[32m"padding: 8px 12px; border: 1px solid var(--color-border); border-radius: 4px; font-size: 14px;"[31m
            [33mtype[31m=[32m"date"[31m
            [33mvalue[31m=[32m""[31m
          [36m/>[31m
        [36m</div>[31m
      [36m</div>[31m
      [36m<div[31m
        [33mstyle[31m=[32m"display: flex; flex-direction: column; gap: 4px;"[31m
      [36m>[31m
        [36m<label[31m
          [33mstyle[31m=[32m"font-size: 13px; font-weight: 500; color: var(--color-text-primary);"[31m
        [36m>[31m
          [0m移댄뀒怨좊━ *[0m
        [36m</label>[31m
        [36m<select[31m
          [33maria-invalid[31m=[32m"false"[31m
          [33maria-label[31m=[32m"移댄뀒怨좊━"[31m
          [33mstyle[31m=[32m"padding: 8px 12px; border: 1px solid var(--color-border); border-radius: 4px; font-size: 14px;"[31m
        [36m>[31m
          [36m<option[31m
            [33mvalue[31m=[32m""[31m
          [36m>[31m
            [0m?좏깮[0m
          [36m</option>[31m
          [36m<option[31m
            [33mvalue[31m=[32m"1"[31m
          [36m>[31m
            [0m?꾩껜[0m
          [36m</option>[31m
          [36m<option[31m
            [33mvalue[31m=[32m"2"[31m
          [36m>[31m
            [0m?낅Т[0m
          [36m</option>[31m
          [36m<option[31m
            [33mvalue[31m=[32m"3"[31m
          [36m>[31m
            [0m?곌뎄[0m
          [36m</option>[31m
        [36m</select>[31m
      [36m</div>[31m
      [36m<div[31m
        [33mstyle[31m=[32m"display: flex; gap: 8px; justify-content: flex-end;"[31m
      [36m>[31m
        [36m<button[31m
          [33mstyle[31m=[32m"display: inline-flex; align-items: center; justify-content: center; gap: 6px; padding: 8px 16px; border-radius: 4px; font-size: 14px; font-weight: 500; cursor: pointer; opacity: 1; transition: opacity 0.2s; background-color: rgb(255, 255, 255); color: var(--color-text-primary); border: 1px solid var(--color-border);"[31m
          [33mtype[31m=[32m"button"[31m
        [36m>[31m
          [0m痍⑥냼[0m
        [36m</button>[31m
        [36m<button[31m
          [33mstyle[31m=[32m"display: inline-flex; align-items: center; justify-content: center; gap: 6px; padding: 8px 16px; border-radius: 4px; font-size: 14px; font-weight: 500; cursor: pointer; opacity: 1; transition: opacity 0.2s; background-color: var(--color-brand-blue); color: rgb(255, 255, 255);"[31m
          [33mtype[31m=[32m"submit"[31m
        [36m>[31m
          [0m?깅줉[0m
        [36m</button>[31m
      [36m</div>[31m
    [36m</form>[31m
  [36m</div>[31m
[36m</body>[31m[39m
 [32m??[39m src/test/category.feature.test.tsx[2m > [22mCategoryPage[2m > [22m??젣 ?뺤씤 ??API媛 ?몄텧?섍퀬 紐⑸줉??媛깆떊?쒕떎[32m 98[2mms[22m[39m
 [32m??[39m src/test/category.feature.test.tsx[2m > [22mCategoryPage[2m > [22m?좎씪 ?덈뒗 移댄뀒怨좊━ ??젣(409 CATEGORY_HAS_TODOS) ???몃씪???ㅻ쪟媛 ?쒖떆?쒕떎[32m 134[2mms[22m[39m
 [32m??[39m src/test/profile.feature.test.tsx[2m > [22mProfilePage ??鍮꾨?踰덊샇 蹂寃?[2m > [22m?꾩옱 鍮꾨?踰덊샇 遺덉씪移?401) ???ㅻ쪟 硫붿떆吏媛 ?쒖떆?쒕떎[32m 215[2mms[22m[39m
 [32m??[39m src/test/todo.feature.test.tsx[2m > [22mTodoForm[2m > [22m痍⑥냼 踰꾪듉 ?대┃ ??onCancel???몄텧?쒕떎[32m 26[2mms[22m[39m
 [32m??[39m src/test/todo.feature.test.tsx[2m > [22mTodoForm[2m > [22misLoading=true?대㈃ ?쒖텧 踰꾪듉??鍮꾪솢?깊솕?쒕떎[32m 20[2mms[22m[39m
 [31m횞[39m src/test/todo.feature.test.tsx[2m > [22mTodoItem[2m > [22m?쒕ぉ, 移댄뀒怨좊━, ?좎쭨, 諛곗?媛 ?뚮뜑留곷맂??[32m 11[2mms[22m[39m
[31m   ??Unable to find an element with the text: /2026-05-15/. This could be because the text is broken up by multiple elements. In this case, you can provide a function for your text matcher to make your matcher more flexible.

Ignored nodes: comments, script, style
[36m<body>[31m
  [36m<div>[31m
    [36m<div[31m
      [33mstyle[31m=[32m"background-color: rgb(255, 255, 255); border: 1px solid var(--color-border); border-radius: 8px; padding: 12px 16px; display: flex; align-items: flex-start; gap: 12px;"[31m
    [36m>[31m
      [36m<input[31m
        [33maria-label[31m=[32m"?꾨즺 ?좉?: ? 誘명똿 ?먮즺 以鍮?[31m
        [33mstyle[31m=[32m"margin-top: 3px; cursor: pointer; width: 16px; height: 16px; flex-shrink: 0;"[31m
        [33mtype[31m=[32m"checkbox"[31m
      [36m/>[31m
      [36m<div[31m
        [33mstyle[31m=[32m"flex: 1 1 0%; min-width: 0;"[31m
      [36m>[31m
        [36m<p[31m
          [33mstyle[31m=[32m"font-size: 14px; font-weight: 500; color: var(--color-text-primary); text-decoration: none; margin-bottom: 4px; word-break: break-word;"[31m
        [36m>[31m
          [0m? 誘명똿 ?먮즺 以鍮?[0m
        [36m</p>[31m
        [36m<div[31m
          [33mstyle[31m=[32m"display: flex; gap: 8px; align-items: center; flex-wrap: wrap;"[31m
        [36m>[31m
          [36m<span[31m
            [33mstyle[31m=[32m"font-size: 12px; color: var(--color-text-secondary);"[31m
          [36m>[31m
            [0m?뱚 [0m
            [0m?낅Т[0m
          [36m</span>[31m
          [36m<span[31m
            [33mstyle[31m=[32m"font-size: 12px; color: var(--color-text-secondary);"[31m
          [36m>[31m
            [0m?뱟 [0m
            [0m2026-05-14[0m
          [36m</span>[31m
          [36m<span[31m
            [33mstyle[31m=[32m"display: inline-flex; align-items: center; padding: 2px 8px; border-radius: 12px; font-size: 12px; font-weight: 500; background-color: rgb(241, 243, 244); color: rgb(95, 99, 104);"[31m
          [36m>[31m
            [0m誘몄셿猷?[0m
          [36m</span>[31m
        [36m</div>[31m
      [36m</div>[31m
      [36m<div[31m
        [33mstyle[31m=[32m"display: flex; gap: 4px; flex-shrink: 0;"[31m
      [36m>[31m
        [36m<button[31m
          [33maria-label[31m=[32m"?섏젙: ? 誘명똿 ?먮즺 以鍮?[31m
          [33mstyle[31m=[32m"background: none; cursor: pointer; font-size: 16px; padding: 4px; border-radius: 4px; color: var(--color-text-secondary);"[31m
        [36m>[31m
          [0m?륅툘[0m
        [36m</button>[31m
        [36m<button[31m
          [33maria-label[31m=[32m"??젣: ? 誘명똿 ?먮즺 以鍮?[31m
          [33mstyle[31m=[32m"background: none; cursor: pointer; font-size: 16px; padding: 4px; border-radius: 4px; color: var(--color-text-secondary);"[31m
        [36m>[31m
          [0m?뿊截?[0m
        [36m</button>[31m
      [36m</div>[31m
    [36m</div>[31m
  [36m</div>[31m
[36m</body>[31m[39m
 [32m??[39m src/test/todo.feature.test.tsx[2m > [22mTodoItem[2m > [22m?꾨즺???좎씪? 痍⑥냼?좎씠 ?곸슜?쒕떎[32m 11[2mms[22m[39m
 [32m??[39m src/test/todo.feature.test.tsx[2m > [22mTodoItem[2m > [22m泥댄겕諛뺤뒪 ?대┃ ??onToggleComplete媛 ?몄텧?쒕떎[32m 13[2mms[22m[39m
 [32m??[39m src/test/todo.feature.test.tsx[2m > [22mTodoItem[2m > [22m?섏젙 踰꾪듉 ?대┃ ??onEdit???몄텧?쒕떎[32m 18[2mms[22m[39m
 [32m??[39m src/test/todo.feature.test.tsx[2m > [22mTodoItem[2m > [22m??젣 踰꾪듉 ?대┃ ??onDelete媛 ?몄텧?쒕떎[32m 8[2mms[22m[39m
 [32m??[39m src/test/todo.feature.test.tsx[2m > [22mTodoList[2m > [22m?좎씪 紐⑸줉??鍮꾩뼱 ?덉쑝硫?"?깅줉???좎씪???놁뒿?덈떎." 硫붿떆吏媛 ?쒖떆?쒕떎[32m 2[2mms[22m[39m
 [32m??[39m src/test/todo.feature.test.tsx[2m > [22mTodoList[2m > [22m?좎씪 紐⑸줉???덉쑝硫?紐⑤뱺 ??ぉ???뚮뜑留곷맂??[32m 11[2mms[22m[39m
 [32m??[39m src/test/profile.feature.test.tsx[2m > [22mProfilePage ??鍮꾨?踰덊샇 蹂寃?[2m > [22m??鍮꾨?踰덊샇 遺덉씪移????좏슚???ㅻ쪟媛 ?쒖떆?쒕떎[32m 68[2mms[22m[39m
 [32m??[39m src/test/profile.feature.test.tsx[2m > [22mProfilePage ??鍮꾨?踰덊샇 蹂寃?[2m > [22m?꾩옱 鍮꾨?踰덊샇 誘몄엯?????좏슚???ㅻ쪟媛 ?쒖떆?쒕떎[32m 54[2mms[22m[39m
 [32m??[39m src/test/todo.feature.test.tsx[2m > [22mTodoList[2m > [22m移댄뀒怨좊━ ?대쫫??留ㅽ븨?섏뿬 ?쒖떆?쒕떎[32m 8[2mms[22m[39m
 [31m횞[39m src/test/todo.feature.test.tsx[2m > [22mTodoListPage[2m > [22m?섏씠吏 ?쒕ぉ怨??좎씪 異붽? 踰꾪듉???뚮뜑留곷맂??[32m 64[2mms[22m[39m
[31m   ??Unable to find an element with the text: ?좎씪 紐⑸줉. This could be because the text is broken up by multiple elements. In this case, you can provide a function for your text matcher to make your matcher more flexible.

Ignored nodes: comments, script, style
[36m<body>[31m
  [36m<div>[31m
    [36m<div[31m
      [33mstyle[31m=[32m"min-height: 100vh; background-color: var(--color-surface); padding-bottom: 60px;"[31m
    [36m>[31m
      [36m<header[31m
        [33mstyle[31m=[32m"background-color: rgb(255, 255, 255); border-bottom: 1px solid var(--color-border); padding: 12px 16px; display: flex; align-items: center; justify-content: space-between; position: sticky; top: 0px; z-index: 100;"[31m
      [36m>[31m
        [36m<span[31m
          [33mstyle[31m=[32m"font-size: 20px; font-weight: 600; letter-spacing: -0.3px;"[31m
        [36m>[31m
          [0mTodoList[0m
        [36m</span>[31m
        [36m<button[31m
          [33mstyle[31m=[32m"display: inline-flex; align-items: center; justify-content: center; gap: 6px; padding: 8px 16px; border-radius: 4px; font-size: 14px; font-weight: 500; cursor: pointer; opacity: 1; transition: opacity 0.2s; background-color: rgb(255, 255, 255); color: var(--color-text-primary); border: 1px solid var(--color-border);"[31m
        [36m>[31m
          [0m濡쒓렇?꾩썐[0m
        [36m</button>[31m
      [36m</header>[31m
      [36m<main[31m
        [33mstyle[31m=[32m"max-width: 720px; margin: 0px auto; padding: 12px 16px;"[31m
      [36m>[31m
        [36m<div[31m
          [33mstyle[31m=[32m"display: flex; align-items: center; justify-content: space-between; margin-bottom: 12px;"[31m
        [36m>[31m
          [36m<h1[31m
            [33mstyle[31m=[32m"font-size: 18px; font-weight: 600;"[31m
          [36m>[31m
            [0m?쇱젙 罹섎┛??[0m
          [36m</h1>[31m
          [36m<div[31m
            [33mstyle[31m=[32m"display: flex; gap: 4px; border: 1px solid var(--color-border); border-radius: 6px; overflow: hidden;"[31m
          [36m>[31m
            [36m<button[31m
              [33mstyle[31m=[32m"padding: 6px 14px; cursor: pointer; font-size: 13px; font-weight: 500; background: var(--color-brand-blue); color: rgb(255, 255, 255);"[31m
            [36m>[31m
              [0m罹섎┛??[0m
            [36m</button>[31m
            [36m<button[31m
              [33mstyle[31m=[32m"padding: 6px 14px; cursor: pointer; font-size: 13px; font-weight: 500; background: transparent; color: var(--color-text-secondary);"[31m
            [36m>[31m
              [0m紐⑸줉[0m
            [36m</button>[31m
          [36m</div>[31m
        [36m</div>[31m
        [36m<div[31m
          [33mstyle[31m=[32m"background-color: rgb(255, 255, 255); border: 1px solid var(--color-border); border-radius: 10px; overflow: hidden; box-shadow: 0 1px 4px rgba(0,0,0,0.06);"[31m
        [36m>[31m
          [36m<div[31m
            [33mstyle[31m=[32m"display: flex; align-items: center; justify-content: space-between; padding: 14px 16px; border-bottom: 1px solid var(--color-border);"[31m
          [36m>[31m
            [36m<div[31m
              [33mstyle[31m=[32m"display: flex; align-items: center; gap: 10px;"[31m
            [36m>[31m
              [36m<span[31m
                [33mstyle[31m=[32m"font-size: 18px; font-weight: 600; color: var(--color-text-primary); letter-spacing: -0.3px;"[31m
              [36m>[31m
                [0m2026[0m
                [0m??[0m
                [0m5[0m
                [0m??[0m
              [36m</span>[31m
              [36m<button[31m
                [33mstyle[31m=[32m"padding: 4px 12px; border: 1px solid var(--color-border); border-radius: 4px; background: rgb(255, 255, 255); font-size: 13px; color: var(--color-brand-blue); cursor: pointer; font-weight: 500;"[31m
              [36m>[31m
                [0m?ㅻ뒛[0m
              [36m</button>[31m
            [36m</div>[31m
            [36m<div[31m
              [33mstyle[31m=[32m"display: flex; gap: 2px;"[31m
            [36m>[31m
              [36m<button[31m
                [33maria-label[31m=[32m"?댁쟾 ??[31m
                [33mstyle[31m=[32m"width: 32px; height: 32px; border-radius: 50%; background: none; cursor: pointer; font-size: 16px; color: var(--color-text-secondary); display: flex; align-items: center; justify-content: center;"[31m
              [36m>[31m
                [0m?[0m
              [36m</button>[31m
              [36m<button[31m
                [33maria-label[31m=[32m"?ㅼ쓬 ??[31m
                [33mstyle[31m=[32m"width: 32px; height: 32px; border-radius: 50%; background: none; cursor: pointer; font-size: 16px; color: var(--color-text-secondary); display: flex; align-items: center; justify-content: center;"[31m
              [36m>[31m
                [0m??[0m
              [36m</button>[31m
            [36m</div>[31m
          [36m</div>[31m
          [36m<div[31m
            [33mstyle[31m=[32m"display: grid; grid-template-columns: repeat(7, 1fr); border-bottom: 1px solid var(--color-border);"[31m
          [36m>[31m
            [36m<div[31m
              [33mstyle[31m=[32m"text-align: center; padding: 8px 0px; font-size: 12px; font-weight: 600; color: rgb(213, 0, 0);"[31m
            [36m>[31m
              [0m??[0m
            [36m</div>[31m
            [36m<div[31m
              [33mstyle[31m=[32m"text-align: center; padding: 8px 0px; font-size: 12px; font-weight: 600; color: var(--color-text-secondary);"[31m
            [36m>[31m
              [0m??[0m
            [36m</div>[31m
            [36m<div[31m
              [33mstyle[31m=[32m"text-align: center; padding: 8px 0px; font-size: 12px; font-weight: 600; color: var(--color-text-secondary);"[31m
            [36m>[31m
              [0m??[0m
            [36m</div>[31m
            [36m<div[31m
              [33mstyle[31m=[32m"text-align: center; padding: 8px 0px; font-size: 12px; font-weight: 600; color: var(--color-text-secondary);"[31m
            [36m>[31m
              [0m??[0m
            [36m</div>[31m
            [36m<div[31m
              [33mstyle[31m=[32m"text-align: center; padding: 8px 0px; font-size: 12px; font-weight: 600; color: var(--color-text-secondary);"[31m
            [36m>[31m
              [0m紐?[0m
            [36m</div>[31m
            [36m<div[31m
              [33mstyle[31m=[32m"text-align: center; padding: 8px 0px; font-size: 12px; font-weight: 600; color: var(--color-text-secondary);"[31m
            [36m>[31m
              [0m湲?[0m
            [36m</div>[31m
            [36m<div[31m
              [33mstyle[31m=[32m"text-align: center; padding: 8px 0px; font-size: 12px; font-weight: 600; color: rgb(3, 155, 229);"[31m
            [36m>[31m
              [0m??[0m
            [36m</div>[31m
          [36m</div>[31m
          [36m<div[31m
            [33mstyle[31m=[32m"display: grid; grid-template-columns: repeat(7, 1fr);"[31m
          [36m>[31m
            [36m<div[31m
              [33mstyle[31m=[32m"min-height: 80px; background-color: rgb(248, 249, 250);"[31m
   ...[39m
 [32m??[39m src/test/profile.feature.test.tsx[2m > [22mProfilePage ???뚯썝 ?덊눜[2m > [22m?뚯썝 ?덊눜 踰꾪듉 ?대┃ ???뺤씤 紐⑤떖???쒖떆?쒕떎[32m 47[2mms[22m[39m
 [32m??[39m src/test/profile.feature.test.tsx[2m > [22mProfilePage ???뚯썝 ?덊눜[2m > [22m?뚯썝 ?덊눜 紐⑤떖?먯꽌 痍⑥냼 ?대┃ ???덊눜?섏? ?딅뒗??[32m 66[2mms[22m[39m
 [32m??[39m src/test/profile.feature.test.tsx[2m > [22mProfilePage ???뚯썝 ?덊눜[2m > [22m?덊눜 ?깃났 ??authStore媛 珥덇린?붾릺怨?/signup?쇰줈 ?대룞?쒕떎[32m 96[2mms[22m[39m
 [32m??[39m src/test/profile.feature.test.tsx[2m > [22mProfilePage ???뚯썝 ?덊눜[2m > [22m?덊눜 ??鍮꾨?踰덊샇 誘몄엯?μ씠硫??좏슚???ㅻ쪟媛 ?쒖떆?쒕떎[32m 52[2mms[22m[39m
[90mstderr[2m | src/test/profile.feature.test.tsx[2m > [22m[2mProfilePage ???뚯썝 ?덊눜[2m > [22m[2m?덊눜 ??鍮꾨?踰덊샇 遺덉
씪移?401) ?ㅻ쪟 硫붿떆吏媛 ?쒖떆?쒕떎
[22m[39mError: Not implemented: navigation (except hash changes)
    at module.exports (C:\_vibe\todolist-app\frontend\node_modules\jsdom\lib\jsdom\browser\not-implemented.js:9:17)
    at navigateFetch (C:\_vibe\todolist-app\frontend\node_modules\jsdom\lib\jsdom\living\window\navigation.js:77:3)
    at exports.navigate (C:\_vibe\todolist-app\frontend\node_modules\jsdom\lib\jsdom\living\window\navigation.js:55:3)
    at LocationImpl._locationObjectNavigate (C:\_vibe\todolist-app\frontend\node_modules\jsdom\lib\jsdom\living\window\
Location-impl.js:30:5)
    at LocationImpl._locationObjectSetterNavigate (C:\_vibe\todolist-app\frontend\node_modules\jsdom\lib\jsdom\living\w
indow\Location-impl.js:24:17)
    at LocationImpl.set href [as href] (C:\_vibe\todolist-app\frontend\node_modules\jsdom\lib\jsdom\living\window\Locat
ion-impl.js:46:10)
    at Location.set href [as href] (C:\_vibe\todolist-app\frontend\node_modules\jsdom\lib\jsdom\living\generated\Locati
on.js:125:37)
    at C:\_vibe\todolist-app\frontend\src\api\axiosInstance.ts:49:25
    at processTicksAndRejections (node:internal/process/task_queues:104:5)
    at Axios.request (file:///C:/_vibe/todolist-app/frontend/node_modules/axios/lib/core/Axios.js:41:14) [90mundefined
[39m

 [32m??[39m src/test/profile.feature.test.tsx[2m > [22mProfilePage ???뚯썝 ?덊눜[2m > [22m?덊눜 ??鍮꾨?踰덊샇 遺덉씪移?401) ?ㅻ쪟 硫붿떆吏媛 ?쒖떆?쒕떎[32m 82[2mms[22m[39m
[90mstderr[2m | src/test/category.test.ts[2m > [22m[2mgetCategories[2m > [22m[2m401 ?먮윭 ??reject?쒕떎
[22m[39mError: Not implemented: navigation (except hash changes)
    at module.exports (C:\_vibe\todolist-app\frontend\node_modules\jsdom\lib\jsdom\browser\not-implemented.js:9:17)
    at navigateFetch (C:\_vibe\todolist-app\frontend\node_modules\jsdom\lib\jsdom\living\window\navigation.js:77:3)
    at exports.navigate (C:\_vibe\todolist-app\frontend\node_modules\jsdom\lib\jsdom\living\window\navigation.js:55:3)
    at LocationImpl._locationObjectNavigate (C:\_vibe\todolist-app\frontend\node_modules\jsdom\lib\jsdom\living\window\
Location-impl.js:30:5)
    at LocationImpl._locationObjectSetterNavigate (C:\_vibe\todolist-app\frontend\node_modules\jsdom\lib\jsdom\living\w
indow\Location-impl.js:24:17)
    at LocationImpl.set href [as href] (C:\_vibe\todolist-app\frontend\node_modules\jsdom\lib\jsdom\living\window\Locat
ion-impl.js:46:10)
    at Location.set href [as href] (C:\_vibe\todolist-app\frontend\node_modules\jsdom\lib\jsdom\living\generated\Locati
on.js:125:37)
    at C:\_vibe\todolist-app\frontend\src\api\axiosInstance.ts:49:25
    at processTicksAndRejections (node:internal/process/task_queues:104:5)
    at Axios.request (file:///C:/_vibe/todolist-app/frontend/node_modules/axios/lib/core/Axios.js:41:14) [90mundefined
[39m

 [32m??[39m src/test/router.test.tsx[2m > [22mProtectedRoute[2m > [22maccessToken???놁쑝硫?/login?쇰줈 由щ떎?대젆?몃맂??[32m 43[2mms[22m[39m
 [32m??[39m src/test/router.test.tsx[2m > [22mProtectedRoute[2m > [22maccessToken???덉쑝硫?children???뚮뜑留곹븳??[32m 5[2mms[22m[39m
 [32m??[39m src/test/router.test.tsx[2m > [22mProtectedRoute[2m > [22m/categories 鍮꾩씤利??묎렐 ??/login?쇰줈 由щ떎?대젆?몃맂??[32m 5[2mms[22m[39m
 [32m??[39m src/test/router.test.tsx[2m > [22mProtectedRoute[2m > [22m/profile 鍮꾩씤利??묎렐 ??/login?쇰줈 由щ떎?대젆?몃맂??[32m 4[2mms[22m[39m
 [32m??[39m src/test/router.test.tsx[2m > [22mGuestRoute[2m > [22maccessToken???놁쑝硫?children???뚮뜑留곹븳??[32m 3[2mms[22m[39m
 [32m??[39m src/test/router.test.tsx[2m > [22mGuestRoute[2m > [22maccessToken???덉쑝硫?/濡?由щ떎?대젆?몃맂??[32m 4[2mms[22m[39m
 [32m??[39m src/test/router.test.tsx[2m > [22mGuestRoute[2m > [22m濡쒓렇???곹깭?먯꽌 /signup ?묎렐 ??/濡?由щ떎?대젆?몃맂??[32m 2[2mms[22m[39m
[90mstderr[2m | src/test/auth.api.test.ts[2m > [22m[2mlogin[2m > [22m[2m401 ?먮윭 ??reject?쒕떎
[22m[39mError: Not implemented: navigation (except hash changes)
    at module.exports (C:\_vibe\todolist-app\frontend\node_modules\jsdom\lib\jsdom\browser\not-implemented.js:9:17)
    at navigateFetch (C:\_vibe\todolist-app\frontend\node_modules\jsdom\lib\jsdom\living\window\navigation.js:77:3)
    at exports.navigate (C:\_vibe\todolist-app\frontend\node_modules\jsdom\lib\jsdom\living\window\navigation.js:55:3)
    at LocationImpl._locationObjectNavigate (C:\_vibe\todolist-app\frontend\node_modules\jsdom\lib\jsdom\living\window\
Location-impl.js:30:5)
    at LocationImpl._locationObjectSetterNavigate (C:\_vibe\todolist-app\frontend\node_modules\jsdom\lib\jsdom\living\w
indow\Location-impl.js:24:17)
    at LocationImpl.set href [as href] (C:\_vibe\todolist-app\frontend\node_modules\jsdom\lib\jsdom\living\window\Locat
ion-impl.js:46:10)
    at Location.set href [as href] (C:\_vibe\todolist-app\frontend\node_modules\jsdom\lib\jsdom\living\generated\Locati
on.js:125:37)
    at C:\_vibe\todolist-app\frontend\src\api\axiosInstance.ts:49:25
    at processTicksAndRejections (node:internal/process/task_queues:104:5)
    at Axios.request (file:///C:/_vibe/todolist-app/frontend/node_modules/axios/lib/core/Axios.js:41:14) [90mundefined
[39m

 [32m??[39m src/test/category.test.ts[2m > [22mgetCategories[2m > [22m?깃났 ??Category 諛곗뿴??諛섑솚?쒕떎[32m 6[2mms[22m[39m
 [32m??[39m src/test/category.test.ts[2m > [22mgetCategories[2m > [22m湲곕낯 移댄뀒怨좊━(user_id: null)? ?ъ슜??移댄뀒怨좊━媛 紐⑤몢 ?ы븿?쒕떎[32m 1[2mms[22m[39m
 [32m??[39m src/test/category.test.ts[2m > [22mgetCategories[2m > [22m401 ?먮윭 ??reject?쒕떎[32m 89[2mms[22m[39m
 [32m??[39m src/test/category.test.ts[2m > [22mcreateCategory[2m > [22m?깃났 ???앹꽦??Category瑜?諛섑솚?쒕떎[32m 1[2mms[22m[39m
 [32m??[39m src/test/category.test.ts[2m > [22mcreateCategory[2m > [22m?붿껌 諛붾뵒??name???ы븿?쒕떎[32m 1[2mms[22m[39m
 [32m??[39m src/test/utils.test.ts[2m > [22mgetTodayString()[2m > [22m?ㅻ뒛 ?좎쭨瑜?YYYY-MM-DD ?뺤떇?쇰줈 諛섑솚?쒕떎[32m 4[2mms[22m[39m
 [32m??[39m src/test/utils.test.ts[2m > [22mformatDate()[2m > [22mYYYY-MM-DD瑜?YYYY??MM??DD???뺤떇?쇰줈 蹂?섑븳??[32m 1[2mms[22m[39m
 [32m??[39m src/test/utils.test.ts[2m > [22mformatDate()[2m > [22m?ㅻⅨ ?좎쭨???щ컮瑜닿쾶 蹂?섑븳??[32m 1[2mms[22m[39m
 [32m??[39m src/test/utils.test.ts[2m > [22misPastDate()[2m > [22m?ㅻ뒛蹂대떎 ?댁쟾 ?좎쭨??true瑜?諛섑솚?쒕떎[32m 1[2mms[22m[39m
 [32m??[39m src/test/utils.test.ts[2m > [22misPastDate()[2m > [22m?ㅻ뒛 ?좎쭨??false瑜?諛섑솚?쒕떎[32m 1[2mms[22m[39m
 [32m??[39m src/test/utils.test.ts[2m > [22misPastDate()[2m > [22m?ㅻ뒛蹂대떎 ?댄썑 ?좎쭨??false瑜?諛섑솚?쒕떎[32m 0[2mms[22m[39m
 [32m??[39m src/test/utils.test.ts[2m > [22misOverdue()[2m > [22m留덇컧?쇱씠 ?ㅻ뒛蹂대떎 ?댁쟾?대㈃ true瑜?諛섑솚?쒕떎[32m 0[2mms[22m[39m
 [32m??[39m src/test/utils.test.ts[2m > [22misOverdue()[2m > [22m留덇컧?쇱씠 ?ㅻ뒛?대㈃ false瑜?諛섑솚?쒕떎[32m 0[2mms[22m[39m
 [32m??[39m src/test/utils.test.ts[2m > [22misOverdue()[2m > [22m留덇컧?쇱씠 ?ㅻ뒛蹂대떎 ?댄썑?대㈃ false瑜?諛섑솚?쒕떎[32m 1[2mms[22m[39m
 [32m??[39m src/test/utils.test.ts[2m > [22mgetErrorMessage()[2m > [22mVALIDATION_ERROR ???쒓뎅??硫붿떆吏 諛섑솚[32m 1[2mms[22m[39m
 [32m??[39m src/test/utils.test.ts[2m > [22mgetErrorMessage()[2m > [22mUNAUTHORIZED ???쒓뎅??硫붿떆吏 諛섑솚[32m 1[2mms[22m[39m
 [32m??[39m src/test/utils.test.ts[2m > [22mgetErrorMessage()[2m > [22mFORBIDDEN ???쒓뎅??硫붿떆吏 諛섑솚[32m 0[2mms[22m[39m
 [32m??[39m src/test/utils.test.ts[2m > [22mgetErrorMessage()[2m > [22mRESOURCE_NOT_FOUND ???쒓뎅??硫붿떆吏 諛섑솚[32m 0[2mms[22m[39m
 [32m??[39m src/test/utils.test.ts[2m > [22mgetErrorMessage()[2m > [22mDUPLICATE_EMAIL ???쒓뎅??硫붿떆吏 諛섑솚[32m 1[2mms[22m[39m
 [32m??[39m src/test/utils.test.ts[2m > [22mgetErrorMessage()[2m > [22mDUPLICATE_CATEGORY ???쒓뎅??硫붿떆吏 諛섑솚[32m 0[2mms[22m[39m
 [32m??[39m src/test/utils.test.ts[2m > [22mgetErrorMessage()[2m > [22mCATEGORY_HAS_TODOS ???쒓뎅??硫붿떆吏 諛섑솚[32m 0[2mms[22m[39m
 [32m??[39m src/test/utils.test.ts[2m > [22mgetErrorMessage()[2m > [22mDEFAULT_CATEGORY_IMMUTABLE ???쒓뎅??硫붿떆吏 諛섑솚[32m 0[2mms[22m[39m
 [32m??[39m src/test/utils.test.ts[2m > [22mgetErrorMessage()[2m > [22mINTERNAL_SERVER_ERROR ???쒓뎅??硫붿떆吏 諛섑솚[32m 0[2mms[22m[39m
 [32m??[39m src/test/utils.test.ts[2m > [22mgetErrorMessage()[2m > [22m?????녿뒗 肄붾뱶??湲곕낯 硫붿떆吏瑜?諛섑솚?쒕떎[32m 0[2mms[22m[39m
 [32m??[39m src/test/category.test.ts[2m > [22mcreateCategory[2m > [22m409 ?대쫫 以묐났 ??reject?쒕떎[32m 2[2mms[22m[39m
 [32m??[39m src/test/category.test.ts[2m > [22mcreateCategory[2m > [22m403 湲곕낯 移댄뀒怨좊━ ?섏젙 ?쒕룄 ??reject?쒕떎[32m 2[2mms[22m[39m
 [32m??[39m src/test/category.test.ts[2m > [22mdeleteCategory[2m > [22m?깃났 ??resolve?쒕떎[32m 1[2mms[22m[39m
 [32m??[39m src/test/category.test.ts[2m > [22mdeleteCategory[2m > [22m?щ컮瑜?URL濡??붿껌?쒕떎[32m 3[2mms[22m[39m
 [32m??[39m src/test/category.test.ts[2m > [22mdeleteCategory[2m > [22m409 ?좎씪 議댁옱 ??reject?쒕떎[32m 1[2mms[22m[39m
 [32m??[39m src/test/category.test.ts[2m > [22mdeleteCategory[2m > [22m403 湲곕낯 移댄뀒怨좊━ ??젣 ?쒕룄 ??reject?쒕떎[32m 1[2mms[22m[39m
 [32m??[39m src/test/category.test.ts[2m > [22mdeleteCategory[2m > [22m404 議댁옱?섏? ?딅뒗 移댄뀒怨좊━ ??젣 ??reject?쒕떎[32m 1[2mms[22m[39m
 [32m??[39m src/test/auth.api.test.ts[2m > [22mlogin[2m > [22m?깃났 ??accessToken, refreshToken, user瑜?諛섑솚?쒕떎[32m 6[2mms[22m[39m
 [32m??[39m src/test/auth.api.test.ts[2m > [22mlogin[2m > [22m401 ?먮윭 ??reject?쒕떎[32m 85[2mms[22m[39m
 [32m??[39m src/test/auth.api.test.ts[2m > [22mlogin[2m > [22m400 ?먮윭 ??reject?쒕떎[32m 2[2mms[22m[39m
 [32m??[39m src/test/auth.api.test.ts[2m > [22msignup[2m > [22m?깃났 ??AuthUser瑜?諛섑솚?쒕떎[32m 1[2mms[22m[39m
 [32m??[39m src/test/auth.api.test.ts[2m > [22msignup[2m > [22m409 ?대찓??以묐났 ??reject?쒕떎[32m 1[2mms[22m[39m
 [32m??[39m src/test/auth.api.test.ts[2m > [22mlogout[2m > [22m?깃났 ??resolve?쒕떎[32m 1[2mms[22m[39m
 [32m??[39m src/test/auth.api.test.ts[2m > [22mlogout[2m > [22mrefreshToken??諛붾뵒???댁븘 ?꾩넚?쒕떎[32m 1[2mms[22m[39m
 [32m??[39m src/test/auth.api.test.ts[2m > [22mrefreshAccessToken[2m > [22m?깃났 ????AccessToken怨?RefreshToken??諛섑솚?쒕떎[32m 1[2mms[22m[39m
[90mstderr[2m | src/test/auth.api.test.ts[2m > [22m[2mrefreshAccessToken[2m > [22m[2m401 ?먮윭 ??reject?쒕떎
[22m[39mError: Not implemented: navigation (except hash changes)
    at module.exports (C:\_vibe\todolist-app\frontend\node_modules\jsdom\lib\jsdom\browser\not-implemented.js:9:17)
    at navigateFetch (C:\_vibe\todolist-app\frontend\node_modules\jsdom\lib\jsdom\living\window\navigation.js:77:3)
    at exports.navigate (C:\_vibe\todolist-app\frontend\node_modules\jsdom\lib\jsdom\living\window\navigation.js:55:3)
    at LocationImpl._locationObjectNavigate (C:\_vibe\todolist-app\frontend\node_modules\jsdom\lib\jsdom\living\window\
Location-impl.js:30:5)
    at LocationImpl._locationObjectSetterNavigate (C:\_vibe\todolist-app\frontend\node_modules\jsdom\lib\jsdom\living\w
indow\Location-impl.js:24:17)
    at LocationImpl.set href [as href] (C:\_vibe\todolist-app\frontend\node_modules\jsdom\lib\jsdom\living\window\Locat
ion-impl.js:46:10)
    at Location.set href [as href] (C:\_vibe\todolist-app\frontend\node_modules\jsdom\lib\jsdom\living\generated\Locati
on.js:125:37)
    at C:\_vibe\todolist-app\frontend\src\api\axiosInstance.ts:49:25
    at processTicksAndRejections (node:internal/process/task_queues:104:5)
    at Axios.request (file:///C:/_vibe/todolist-app/frontend/node_modules/axios/lib/core/Axios.js:41:14) [90mundefined
[39m

[90mstderr[2m | src/test/auth.api.test.ts[2m > [22m[2mgetMe[2m > [22m[2m401 ?먮윭 ??reject?쒕떎
[22m[39mError: Not implemented: navigation (except hash changes)
    at module.exports (C:\_vibe\todolist-app\frontend\node_modules\jsdom\lib\jsdom\browser\not-implemented.js:9:17)
    at navigateFetch (C:\_vibe\todolist-app\frontend\node_modules\jsdom\lib\jsdom\living\window\navigation.js:77:3)
    at exports.navigate (C:\_vibe\todolist-app\frontend\node_modules\jsdom\lib\jsdom\living\window\navigation.js:55:3)
    at LocationImpl._locationObjectNavigate (C:\_vibe\todolist-app\frontend\node_modules\jsdom\lib\jsdom\living\window\
Location-impl.js:30:5)
    at LocationImpl._locationObjectSetterNavigate (C:\_vibe\todolist-app\frontend\node_modules\jsdom\lib\jsdom\living\w
indow\Location-impl.js:24:17)
    at LocationImpl.set href [as href] (C:\_vibe\todolist-app\frontend\node_modules\jsdom\lib\jsdom\living\window\Locat
ion-impl.js:46:10)
    at Location.set href [as href] (C:\_vibe\todolist-app\frontend\node_modules\jsdom\lib\jsdom\living\generated\Locati
on.js:125:37)
    at C:\_vibe\todolist-app\frontend\src\api\axiosInstance.ts:49:25
    at processTicksAndRejections (node:internal/process/task_queues:104:5)
    at Axios.request (file:///C:/_vibe/todolist-app/frontend/node_modules/axios/lib/core/Axios.js:41:14) [90mundefined
[39m

[90mstderr[2m | src/test/auth.api.test.ts[2m > [22m[2mupdateMe[2m > [22m[2m?꾩옱 鍮꾨?踰덊샇 遺덉씪移???reject?쒕떎
[22m[39mError: Not implemented: navigation (except hash changes)
    at module.exports (C:\_vibe\todolist-app\frontend\node_modules\jsdom\lib\jsdom\browser\not-implemented.js:9:17)
    at navigateFetch (C:\_vibe\todolist-app\frontend\node_modules\jsdom\lib\jsdom\living\window\navigation.js:77:3)
    at exports.navigate (C:\_vibe\todolist-app\frontend\node_modules\jsdom\lib\jsdom\living\window\navigation.js:55:3)
    at LocationImpl._locationObjectNavigate (C:\_vibe\todolist-app\frontend\node_modules\jsdom\lib\jsdom\living\window\
Location-impl.js:30:5)
    at LocationImpl._locationObjectSetterNavigate (C:\_vibe\todolist-app\frontend\node_modules\jsdom\lib\jsdom\living\w
indow\Location-impl.js:24:17)
    at LocationImpl.set href [as href] (C:\_vibe\todolist-app\frontend\node_modules\jsdom\lib\jsdom\living\window\Locat
ion-impl.js:46:10)
    at Location.set href [as href] (C:\_vibe\todolist-app\frontend\node_modules\jsdom\lib\jsdom\living\generated\Locati
on.js:125:37)
    at C:\_vibe\todolist-app\frontend\src\api\axiosInstance.ts:49:25
    at processTicksAndRejections (node:internal/process/task_queues:104:5)
    at Axios.request (file:///C:/_vibe/todolist-app/frontend/node_modules/axios/lib/core/Axios.js:41:14) [90mundefined
[39m

[90mstderr[2m | src/test/auth.api.test.ts[2m > [22m[2mdeleteMe[2m > [22m[2m鍮꾨?踰덊샇 遺덉씪移???reject?쒕떎
[22m[39mError: Not implemented: navigation (except hash changes)
    at module.exports (C:\_vibe\todolist-app\frontend\node_modules\jsdom\lib\jsdom\browser\not-implemented.js:9:17)
    at navigateFetch (C:\_vibe\todolist-app\frontend\node_modules\jsdom\lib\jsdom\living\window\navigation.js:77:3)
    at exports.navigate (C:\_vibe\todolist-app\frontend\node_modules\jsdom\lib\jsdom\living\window\navigation.js:55:3)
    at LocationImpl._locationObjectNavigate (C:\_vibe\todolist-app\frontend\node_modules\jsdom\lib\jsdom\living\window\
Location-impl.js:30:5)
    at LocationImpl._locationObjectSetterNavigate (C:\_vibe\todolist-app\frontend\node_modules\jsdom\lib\jsdom\living\w
indow\Location-impl.js:24:17)
    at LocationImpl.set href [as href] (C:\_vibe\todolist-app\frontend\node_modules\jsdom\lib\jsdom\living\window\Locat
ion-impl.js:46:10)
    at Location.set href [as href] (C:\_vibe\todolist-app\frontend\node_modules\jsdom\lib\jsdom\living\generated\Locati
on.js:125:37)
    at C:\_vibe\todolist-app\frontend\src\api\axiosInstance.ts:49:25
    at processTicksAndRejections (node:internal/process/task_queues:104:5)
    at Axios.request (file:///C:/_vibe/todolist-app/frontend/node_modules/axios/lib/core/Axios.js:41:14) [90mundefined
[39m

 [32m??[39m src/test/auth.api.test.ts[2m > [22mrefreshAccessToken[2m > [22m401 ?먮윭 ??reject?쒕떎[32m 17[2mms[22m[39m
 [32m??[39m src/test/auth.api.test.ts[2m > [22mgetMe[2m > [22m?깃났 ??AuthUser瑜?諛섑솚?쒕떎[32m 1[2mms[22m[39m
 [32m??[39m src/test/auth.api.test.ts[2m > [22mgetMe[2m > [22m401 ?먮윭 ??reject?쒕떎[32m 8[2mms[22m[39m
 [32m??[39m src/test/auth.api.test.ts[2m > [22mupdateMe[2m > [22m?대쫫 ?섏젙 ?깃났 ???섏젙??AuthUser瑜?諛섑솚?쒕떎[32m 1[2mms[22m[39m
 [32m??[39m src/test/auth.api.test.ts[2m > [22mupdateMe[2m > [22m鍮꾨?踰덊샇 蹂寃??깃났 ???섏젙??AuthUser瑜?諛섑솚?쒕떎[32m 1[2mms[22m[39m
 [32m??[39m src/test/auth.api.test.ts[2m > [22mupdateMe[2m > [22m?꾩옱 鍮꾨?踰덊샇 遺덉씪移???reject?쒕떎[32m 7[2mms[22m[39m
 [32m??[39m src/test/auth.api.test.ts[2m > [22mdeleteMe[2m > [22m?깃났 ??resolve?쒕떎 (204)[32m 1[2mms[22m[39m
 [32m??[39m src/test/auth.api.test.ts[2m > [22mdeleteMe[2m > [22m鍮꾨?踰덊샇 遺덉씪移???reject?쒕떎[32m 6[2mms[22m[39m
 [32m??[39m src/test/store.test.ts[2m > [22mauthStore[2m > [22m珥덇린 ?곹깭媛 紐⑤몢 null?대떎[32m 1[2mms[22m[39m
 [32m??[39m src/test/store.test.ts[2m > [22mauthStore[2m > [22msetTokens()媛 accessToken怨?refreshToken????ν븳??[32m 0[2mms[22m[39m
 [32m??[39m src/test/store.test.ts[2m > [22mauthStore[2m > [22msetUser()媛 user瑜???ν븳??[32m 1[2mms[22m[39m
 [32m??[39m src/test/store.test.ts[2m > [22mauthStore[2m > [22mclearAuth()媛 紐⑤뱺 ?곹깭瑜?null濡?珥덇린?뷀븳??[32m 0[2mms[22m[39m
 [32m??[39m src/test/store.test.ts[2m > [22mauthStore[2m > [22mpersist 誘몃뱾?⑥뼱瑜??ъ슜?섏? ?딅뒗??(localStorage????λ릺吏 ?딅뒗??[32m 0[2mms[22m[39m
 [32m??[39m src/test/store.test.ts[2m > [22muiStore[2m > [22m珥덇린 ?곹깭: isModalOpen??false?닿퀬 toasts媛 鍮?諛곗뿴?대떎[32m 0[2mms[22m[39m
 [32m??[39m src/test/store.test.ts[2m > [22muiStore[2m > [22mopenModal()??isModalOpen??true濡??ㅼ젙?쒕떎[32m 0[2mms[22m[39m
 [32m??[39m src/test/store.test.ts[2m > [22muiStore[2m > [22mcloseModal()??isModalOpen??false濡??ㅼ젙?쒕떎[32m 0[2mms[22m[39m
 [32m??[39m src/test/store.test.ts[2m > [22muiStore[2m > [22maddToast()媛 ?좎뒪?몃? ?먯뿉 異붽??쒕떎[32m 2[2mms[22m[39m
 [32m??[39m src/test/store.test.ts[2m > [22muiStore[2m > [22maddToast()媛 ?щ윭 ?좎뒪?몃? ?쒖꽌?濡?異붽??쒕떎[32m 1[2mms[22m[39m
 [32m??[39m src/test/store.test.ts[2m > [22muiStore[2m > [22mremoveToast()媛 ?대떦 id???좎뒪?몃쭔 ?쒓굅?쒕떎[32m 0[2mms[22m[39m
 [32m??[39m src/test/store.test.ts[2m > [22muiStore[2m > [22m媛??좎뒪?몄쓽 id媛 怨좎쑀?섎떎[32m 0[2mms[22m[39m
 [32m??[39m src/test/types.test.ts[2m > [22mErrorCode[2m > [22mPRD 6.2??9媛??먮윭 肄붾뱶瑜?紐⑤몢 ?ы븿?쒕떎[32m 1[2mms[22m[39m
 [32m??[39m src/test/types.test.ts[2m > [22mErrorCode[2m > [22m珥?9媛쒖쓽 ?먮윭 肄붾뱶媛 ?덈떎[32m 1[2mms[22m[39m
 [32m??[39m src/test/types.test.ts[2m > [22mApiError ???[2m > [22mcode? message ?꾨뱶瑜?媛吏?媛앹껜瑜??앹꽦?????덈떎[32m 0[2mms[22m[39m
 [32m??[39m src/test/types.test.ts[2m > [22mApiResponse<T> ???[2m > [22mdata ?꾨뱶瑜?媛吏??깃났 ?묐떟???쒗쁽?????덈떎[32m 1[2mms[22m[39m
 [32m??[39m src/test/types.test.ts[2m > [22mApiResponse<T> ???[2m > [22merror ?꾨뱶瑜?媛吏??ㅽ뙣 ?묐떟???쒗쁽?????덈떎[32m 0[2mms[22m[39m
 [32m??[39m src/test/types.test.ts[2m > [22mNullable<T> ???[2m > [22m媛??먮뒗 null???덉슜?쒕떎[32m 0[2mms[22m[39m
 [32m??[39m src/test/types.test.ts[2m > [22mOptional<T> ???[2m > [22m媛??먮뒗 undefined瑜??덉슜?쒕떎[32m 0[2mms[22m[39m
 [32m??[39m src/test/App.test.tsx[2m > [22mApp ??QueryClient ?ㅼ젙[2m > [22mstaleTime??30000?쇰줈 ?ㅼ젙?섏뼱 ?덈떎[32m 1[2mms[22m[39m
 [32m??[39m src/test/App.test.tsx[2m > [22mApp ??QueryClient ?ㅼ젙[2m > [22mretry媛 1濡??ㅼ젙?섏뼱 ?덈떎[32m 0[2mms[22m[39m
 [31m횞[39m src/test/todo.feature.test.tsx[2m > [22mTodoListPage[2m > [22m?좎씪 紐⑸줉??濡쒕뱶?섏뼱 ?쒖떆?쒕떎[33m 1039[2mms[22m[39m
[31m   ??Found multiple elements with the text: ? 誘명똿 ?먮즺 以鍮?
Here are the matching elements:

Ignored nodes: comments, script, style
[36m<div[31m
  [33mstyle[31m=[32m"font-size: 11px; padding: 1px 4px; border-radius: 3px; background-color: rgb(230, 124, 115); color: rgb(255, 255, 255); overflow: hidden; text-overflow: ellipsis; white-space: nowrap; margin-top: 2px; line-height: 1.4; text-decoration: none; opacity: 1;"[31m
  [33mtitle[31m=[32m"? 誘명똿 ?먮즺 以鍮?[31m
[36m>[31m
  [0m? 誘명똿 ?먮즺 以鍮?[0m
[36m</div>[31m

Ignored nodes: comments, script, style
[36m<p[31m
  [33mstyle[31m=[32m"font-size: 14px; font-weight: 500; color: var(--color-text-primary); text-decoration: none; margin-bottom: 4px; word-break: break-word;"[31m
[36m>[31m
  [0m? 誘명똿 ?먮즺 以鍮?[0m
[36m</p>[31m

(If this is intentional, then use the `*AllBy*` variant of the query (like `queryAllByText`, `getAllByText`, or `findAllByText`)).

Ignored nodes: comments, script, style
[36m<body>[31m
  [36m<div>[31m
    [36m<div[31m
      [33mstyle[31m=[32m"min-height: 100vh; background-color: var(--color-surface); padding-bottom: 60px;"[31m
    [36m>[31m
      [36m<header[31m
        [33mstyle[31m=[32m"background-color: rgb(255, 255, 255); border-bottom: 1px solid var(--color-border); padding: 12px 16px; display: flex; align-items: center; justify-content: space-between; position: sticky; top: 0px; z-index: 100;"[31m
      [36m>[31m
        [36m<span[31m
          [33mstyle[31m=[32m"font-size: 20px; font-weight: 600; letter-spacing: -0.3px;"[31m
        [36m>[31m
          [0mTodoList[0m
        [36m</span>[31m
        [36m<button[31m
          [33mstyle[31m=[32m"display: inline-flex; align-items: center; justify-content: center; gap: 6px; padding: 8px 16px; border-radius: 4px; font-size: 14px; font-weight: 500; cursor: pointer; opacity: 1; transition: opacity 0.2s; background-color: rgb(255, 255, 255); color: var(--color-text-primary); border: 1px solid var(--color-border);"[31m
        [36m>[31m
          [0m濡쒓렇?꾩썐[0m
        [36m</button>[31m
      [36m</header>[31m
      [36m<main[31m
        [33mstyle[31m=[32m"max-width: 720px; margin: 0px auto; padding: 12px 16px;"[31m
      [36m>[31m
        [36m<div[31m
          [33mstyle[31m=[32m"display: flex; align-items: center; justify-content: space-between; margin-bottom: 12px;"[31m
        [36m>[31m
          [36m<h1[31m
            [33mstyle[31m=[32m"font-size: 18px; font-weight: 600;"[31m
          [36m>[31m
            [0m?쇱젙 罹섎┛??[0m
          [36m</h1>[31m
          [36m<div[31m
            [33mstyle[31m=[32m"display: flex; gap: 4px; border: 1px solid var(--color-border); border-radius: 6px; overflow: hidden;"[31m
          [36m>[31m
            [36m<button[31m
              [33mstyle[31m=[32m"padding: 6px 14px; cursor: pointer; font-size: 13px; font-weight: 500; background: var(--color-brand-blue); color: rgb(255, 255, 255);"[31m
            [36m>[31m
              [0m罹섎┛??[0m
            [36m</button>[31m
            [36m<button[31m
              [33mstyle[31m=[32m"padding: 6px 14px; cursor: pointer; font-size: 13px; font-weight: 500; background: transparent; color: var(--color-text-secondary);"[31m
            [36m>[31m
              [0m紐⑸줉[0m
            [36m</button>[31m
          [36m</div>[31m
        [36m</div>[31m
        [36m<div[31m
          [33mstyle[31m=[32m"background-color: rgb(255, 255, 255); border: 1px solid var(--color-border); border-radius: 10px; overflow: hidden; box-shadow: 0 1px 4px rgba(0,0,0,0.06);"[31m
        [36m>[31m
          [36m<div[31m
            [33mstyle[31m=[32m"display: flex; align-items: center; justify-content: space-between; padding: 14px 16px; border-bottom: 1px solid var(--color-border);"[31m
          [36m>[31m
            [36m<div[31m
              [33mstyle[31m=[32m"display: flex; align-items: center; gap: 10px;"[31m
            [36m>[31m
              [36m<span[31m
                [33mstyle[31m=[32m"font-size: 18px; font-weight: 600; color: var(--color-text-primary); letter-spacing: -0.3px;"[31m
              [36m>[31m
                [0m2026[0m
                [0m??[0m
                [0m5[0m
                [0m??[0m
              [36m</span>[31m
              [36m<button[31m
                [33mstyle[31m=[32m"padding: 4px 12px; border: 1px solid var(--color-border); border-radius: 4px; background: rgb(255, 255, 255); font-size: 13px; color: var(--color-brand-blue); cursor: pointer; font-weight: 500;"[31m
              [36m>[31m
                [0m?ㅻ뒛[0m
              [36m</button>[31m
            [36m</div>[31m
            [36m<div[31m
              [33mstyle[31m=[32m"display: flex; gap: 2px;"[31m
            [36m>[31m
              [36m<button[31m
                [33maria-label[31m=[32m"?댁쟾 ??[31m
                [33mstyle[31m=[32m"width: 32px; height: 32px; border-radius: 50%; background: none; cursor: pointer; font-size: 16px; color: var(--color-text-secondary); display: flex; align-items: center; justify-content: center;"[31m
              [36m>[31m
                [0m?[0m
              [36m</button>[31m
              [36m<button[31m
                [33maria-label[31m=[32m"?ㅼ쓬 ??[31m
                [33mstyle[31m=[32m"width: 32px; height: 32px; border-radius: 50%; background: none; cursor: pointer; font-size: 16px; color: var(--color-text-secondary); display: flex; align-items: center; justify-content: center;"[31m
              [36m>[31m
                [0m??[0m
              [36m</button>[31m
            [36m</div>[31m
          [36m</div>[31m
          [36m<div[31m
            [33mstyle[31m=[32m"display: grid; grid-template-columns: repeat(7, 1fr); border-bottom: 1px solid var(--color-border);"[31m
          [36m>[31m
            [36m<div[31m
              [33mstyle[31m=[32m"text-align: center; padding: 8px 0px; font-size: 12px; font-weight: 600; color: rgb(213, 0, 0);"[31m
            [36m>[31m
              [0m??[0m
            [36m</div>[31m
            [36m<div[31m
              [33mstyle[31m=[32m"text-align: center; padding: 8px 0px; font-size: 12px; font-weight: 600; color: var(--color-text-secondary);"[31m
            [36m>[31m
              [0m??[0m
            [36m</div>[31m
            [36m<div[31m
              [33mstyle[31m=[32m"text-align: center; padding: 8px 0px; font-size: 12px; font-weight: 600; color: var(--color-text-secondary);"[31m
            [36m>[31m
              [0m??[0m
            [36m</div>[31m
            [36m<div[31m
              [33mstyle[31m=[32m"text-align: center; padding: 8px 0px; font-size: 12px; font-weight: 600; color: var(--color-text-secondary);"[31m
            [36m>[31m
              [0m??[0m
            [36m</div>[31m
            [36m<div[31m
              [33mstyle[31m=[32m"text-align: center; padding: 8px 0px; font-size: 12px; font-weight: 600; color: var(--color-text-secondary);"[31m
            [36m>[31m
              [0m紐?[0m
            [36m</div>[31m
            [36m<div[31m
              [33mstyle[31m=[32m"text-align: center; padding: 8px 0px; font-size: 12px; font-weight: 600; color: var(--color-text-secondary);"[31m
            [36m>[31m
              [0m湲?[0m
            [36m</div>[31m
            [36m<div[31m
              [33mstyle[31m=[32m"text-align: center; padding: 8px 0px; font-size: 12px; font-weight: 600; color: rgb(3, 155, 229);"[31m
            [36m>[31m
              [0m??[0m
            [36m</div>[31m
          [36m</div>[31m
          [36m<div[31m
            [33mstyle[31m=[32m"display: grid; grid-template-columns: repeat(7, 1fr);"[31m
          [36m>[31m
            [36m<div[31m
              [33mstyle[31m=[32m"min-height: 80px; background-color: rgb(248, 249, 250);"[31m
   ...

Ignored nodes: comments, script, style
[36m<html>[31m
  [36m<head />[31m
  [36m<body>[31m
    [36m<div>[31m
      [36m<div[31m
        [33mstyle[31m=[32m"min-height: 100vh; background-color: var(--color-surface); padding-bottom: 60px;"[31m
      [36m>[31m
        [36m<header[31m
          [33mstyle[31m=[32m"background-color: rgb(255, 255, 255); border-bottom: 1px solid var(--color-border); padding: 12px 16px; display: flex; align-items: center; justify-content: space-between; position: sticky; top: 0px; z-index: 100;"[31m
        [36m>[31m
          [36m<span[31m
            [33mstyle[31m=[32m"font-size: 20px; font-weight: 600; letter-spacing: -0.3px;"[31m
          [36m>[31m
            [0mTodoList[0m
          [36m</span>[31m
          [36m<button[31m
            [33mstyle[31m=[32m"display: inline-flex; align-items: center; justify-content: center; gap: 6px; padding: 8px 16px; border-radius: 4px; font-size: 14px; font-weight: 500; cursor: pointer; opacity: 1; transition: opacity 0.2s; background-color: rgb(255, 255, 255); color: var(--color-text-primary); border: 1px solid var(--color-border);"[31m
          [36m>[31m
            [0m濡쒓렇?꾩썐[0m
          [36m</button>[31m
        [36m</header>[31m
        [36m<main[31m
          [33mstyle[31m=[32m"max-width: 720px; margin: 0px auto; padding: 12px 16px;"[31m
        [36m>[31m
          [36m<div[31m
            [33mstyle[31m=[32m"display: flex; align-items: center; justify-content: space-between; margin-bottom: 12px;"[31m
          [36m>[31m
            [36m<h1[31m
              [33mstyle[31m=[32m"font-size: 18px; font-weight: 600;"[31m
            [36m>[31m
              [0m?쇱젙 罹섎┛??[0m
            [36m</h1>[31m
            [36m<div[31m
              [33mstyle[31m=[32m"display: flex; gap: 4px; border: 1px solid var(--color-border); border-radius: 6px; overflow: hidden;"[31m
            [36m>[31m
              [36m<button[31m
                [33mstyle[31m=[32m"padding: 6px 14px; cursor: pointer; font-size: 13px; font-weight: 500; background: var(--color-brand-blue); color: rgb(255, 255, 255);"[31m
              [36m>[31m
                [0m罹섎┛??[0m
              [36m</button>[31m
              [36m<button[31m
                [33mstyle[31m=[32m"padding: 6px 14px; cursor: pointer; font-size: 13px; font-weight: 500; background: transparent; color: var(--color-text-secondary);"[31m
              [36m>[31m
                [0m紐⑸줉[0m
              [36m</button>[31m
            [36m</div>[31m
          [36m</div>[31m
          [36m<div[31m
            [33mstyle[31m=[32m"background-color: rgb(255, 255, 255); border: 1px solid var(--color-border); border-radius: 10px; overflow: hidden; box-shadow: 0 1px 4px rgba(0,0,0,0.06);"[31m
          [36m>[31m
            [36m<div[31m
              [33mstyle[31m=[32m"display: flex; align-items: center; justify-content: space-between; padding: 14px 16px; border-bottom: 1px solid var(--color-border);"[31m
            [36m>[31m
              [36m<div[31m
                [33mstyle[31m=[32m"display: flex; align-items: center; gap: 10px;"[31m
              [36m>[31m
                [36m<span[31m
                  [33mstyle[31m=[32m"font-size: 18px; font-weight: 600; color: var(--color-text-primary); letter-spacing: -0.3px;"[31m
                [36m>[31m
                  [0m2026[0m
                  [0m??[0m
                  [0m5[0m
                  [0m??[0m
                [36m</span>[31m
                [36m<button[31m
                  [33mstyle[31m=[32m"padding: 4px 12px; border: 1px solid var(--color-border); border-radius: 4px; background: rgb(255, 255, 255); font-size: 13px; color: var(--color-brand-blue); cursor: pointer; font-weight: 500;"[31m
                [36m>[31m
                  [0m?ㅻ뒛[0m
                [36m</button>[31m
              [36m</div>[31m
              [36m<div[31m
                [33mstyle[31m=[32m"display: flex; gap: 2px;"[31m
              [36m>[31m
                [36m<button[31m
                  [33maria-label[31m=[32m"?댁쟾 ??[31m
                  [33mstyle[31m=[32m"width: 32px; height: 32px; border-radius: 50%; background: none; cursor: pointer; font-size: 16px; color: var(--color-text-secondary); display: flex; align-items: center; justify-content: center;"[31m
                [36m>[31m
                  [0m?[0m
                [36m</button>[31m
                [36m<button[31m
                  [33maria-label[31m=[32m"?ㅼ쓬 ??[31m
                  [33mstyle[31m=[32m"width: 32px; height: 32px; border-radius: 50%; background: none; cursor: pointer; font-size: 16px; color: var(--color-text-secondary); display: flex; align-items: center; justify-content: center;"[31m
                [36m>[31m
                  [0m??[0m
                [36m</button>[31m
              [36m</div>[31m
            [36m</div>[31m
            [36m<div[31m
              [33mstyle[31m=[32m"display: grid; grid-template-columns: repeat(7, 1fr); border-bottom: 1px solid var(--color-border);"[31m
            [36m>[31m
              [36m<div[31m
                [33mstyle[31m=[32m"text-align: center; padding: 8px 0px; font-size: 12px; font-weight: 600; color: rgb(213, 0, 0);"[31m
              [36m>[31m
                [0m??[0m
              [36m</div>[31m
              [36m<div[31m
                [33mstyle[31m=[32m"text-align: center; padding: 8px 0px; font-size: 12px; font-weight: 600; color: var(--color-text-secondary);"[31m
              [36m>[31m
                [0m??[0m
              [36m</div>[31m
              [36m<div[31m
                [33mstyle[31m=[32m"text-align: center; padding: 8px 0px; font-size: 12px; font-weight: 600; color: var(--color-text-secondary);"[31m
              [36m>[31m
                [0m??[0m
              [36m</div>[31m
              [36m<div[31m
                [33mstyle[31m=[32m"text-align: center; padding: 8px 0px; font-size: 12px; font-weight: 600; color: var(--color-text-secondary);"[31m
              [36m>[31m
                [0m??[0m
              [36m</div>[31m
              [36m<div[31m
                [33mstyle[31m=[32m"text-align: center; padding: 8px 0px; font-size: 12px; font-weight: 600; color: var(--color-text-secondary);"[31m
              [36m>[31m
                [0m紐?[0m
              [36m</div>[31m
              [36m<div[31m
                [33mstyle[31m=[32m"text-align: center; padding: 8px 0px; font-size: 12px; font-weight: 600; color: var(--color-text-secondary);"[31m
              [36m>[31m
                [0m湲?[0m
              [36m</div>[31m
              [36m<div[31m
                [33mstyle[31m=[32m"text-align: center; padding: 8px 0px; font-size: 12px; font-weight: 600; color: rgb(3, 155, 229);"[31m
              [36m>[31m
                [0m??[0m
              [36m</div>[31m
            ...[39m
 [32m??[39m src/test/todo.feature.test.tsx[2m > [22mTodoListPage[2m > [22m+ ?좎씪 異붽? 踰꾪듉 ?대┃ ???깅줉 紐⑤떖???대┛??[32m 33[2mms[22m[39m
 [31m횞[39m src/test/todo.feature.test.tsx[2m > [22mTodoListPage[2m > [22m?좎씪 紐⑸줉??鍮꾩뼱 ?덉쑝硫?鍮??곹깭 硫붿떆吏媛 ?쒖떆?쒕떎[33m 1023[2mms[22m[39m
[31m   ??Unable to find an element with the text: ?깅줉???좎씪???놁뒿?덈떎.. This could be because the text is broken up by multiple elements. In this case, you can provide a function for your text matcher to make your matcher more flexible.

Ignored nodes: comments, script, style
[36m<body>[31m
  [36m<div>[31m
    [36m<div[31m
      [33mstyle[31m=[32m"min-height: 100vh; background-color: var(--color-surface); padding-bottom: 60px;"[31m
    [36m>[31m
      [36m<header[31m
        [33mstyle[31m=[32m"background-color: rgb(255, 255, 255); border-bottom: 1px solid var(--color-border); padding: 12px 16px; display: flex; align-items: center; justify-content: space-between; position: sticky; top: 0px; z-index: 100;"[31m
      [36m>[31m
        [36m<span[31m
          [33mstyle[31m=[32m"font-size: 20px; font-weight: 600; letter-spacing: -0.3px;"[31m
        [36m>[31m
          [0mTodoList[0m
        [36m</span>[31m
        [36m<button[31m
          [33mstyle[31m=[32m"display: inline-flex; align-items: center; justify-content: center; gap: 6px; padding: 8px 16px; border-radius: 4px; font-size: 14px; font-weight: 500; cursor: pointer; opacity: 1; transition: opacity 0.2s; background-color: rgb(255, 255, 255); color: var(--color-text-primary); border: 1px solid var(--color-border);"[31m
        [36m>[31m
          [0m濡쒓렇?꾩썐[0m
        [36m</button>[31m
      [36m</header>[31m
      [36m<main[31m
        [33mstyle[31m=[32m"max-width: 720px; margin: 0px auto; padding: 12px 16px;"[31m
      [36m>[31m
        [36m<div[31m
          [33mstyle[31m=[32m"display: flex; align-items: center; justify-content: space-between; margin-bottom: 12px;"[31m
        [36m>[31m
          [36m<h1[31m
            [33mstyle[31m=[32m"font-size: 18px; font-weight: 600;"[31m
          [36m>[31m
            [0m?쇱젙 罹섎┛??[0m
          [36m</h1>[31m
          [36m<div[31m
            [33mstyle[31m=[32m"display: flex; gap: 4px; border: 1px solid var(--color-border); border-radius: 6px; overflow: hidden;"[31m
          [36m>[31m
            [36m<button[31m
              [33mstyle[31m=[32m"padding: 6px 14px; cursor: pointer; font-size: 13px; font-weight: 500; background: var(--color-brand-blue); color: rgb(255, 255, 255);"[31m
            [36m>[31m
              [0m罹섎┛??[0m
            [36m</button>[31m
            [36m<button[31m
              [33mstyle[31m=[32m"padding: 6px 14px; cursor: pointer; font-size: 13px; font-weight: 500; background: transparent; color: var(--color-text-secondary);"[31m
            [36m>[31m
              [0m紐⑸줉[0m
            [36m</button>[31m
          [36m</div>[31m
        [36m</div>[31m
        [36m<div[31m
          [33mstyle[31m=[32m"background-color: rgb(255, 255, 255); border: 1px solid var(--color-border); border-radius: 10px; overflow: hidden; box-shadow: 0 1px 4px rgba(0,0,0,0.06);"[31m
        [36m>[31m
          [36m<div[31m
            [33mstyle[31m=[32m"display: flex; align-items: center; justify-content: space-between; padding: 14px 16px; border-bottom: 1px solid var(--color-border);"[31m
          [36m>[31m
            [36m<div[31m
              [33mstyle[31m=[32m"display: flex; align-items: center; gap: 10px;"[31m
            [36m>[31m
              [36m<span[31m
                [33mstyle[31m=[32m"font-size: 18px; font-weight: 600; color: var(--color-text-primary); letter-spacing: -0.3px;"[31m
              [36m>[31m
                [0m2026[0m
                [0m??[0m
                [0m5[0m
                [0m??[0m
              [36m</span>[31m
              [36m<button[31m
                [33mstyle[31m=[32m"padding: 4px 12px; border: 1px solid var(--color-border); border-radius: 4px; background: rgb(255, 255, 255); font-size: 13px; color: var(--color-brand-blue); cursor: pointer; font-weight: 500;"[31m
              [36m>[31m
                [0m?ㅻ뒛[0m
              [36m</button>[31m
            [36m</div>[31m
            [36m<div[31m
              [33mstyle[31m=[32m"display: flex; gap: 2px;"[31m
            [36m>[31m
              [36m<button[31m
                [33maria-label[31m=[32m"?댁쟾 ??[31m
                [33mstyle[31m=[32m"width: 32px; height: 32px; border-radius: 50%; background: none; cursor: pointer; font-size: 16px; color: var(--color-text-secondary); display: flex; align-items: center; justify-content: center;"[31m
              [36m>[31m
                [0m?[0m
              [36m</button>[31m
              [36m<button[31m
                [33maria-label[31m=[32m"?ㅼ쓬 ??[31m
                [33mstyle[31m=[32m"width: 32px; height: 32px; border-radius: 50%; background: none; cursor: pointer; font-size: 16px; color: var(--color-text-secondary); display: flex; align-items: center; justify-content: center;"[31m
              [36m>[31m
                [0m??[0m
              [36m</button>[31m
            [36m</div>[31m
          [36m</div>[31m
          [36m<div[31m
            [33mstyle[31m=[32m"display: grid; grid-template-columns: repeat(7, 1fr); border-bottom: 1px solid var(--color-border);"[31m
          [36m>[31m
            [36m<div[31m
              [33mstyle[31m=[32m"text-align: center; padding: 8px 0px; font-size: 12px; font-weight: 600; color: rgb(213, 0, 0);"[31m
            [36m>[31m
              [0m??[0m
            [36m</div>[31m
            [36m<div[31m
              [33mstyle[31m=[32m"text-align: center; padding: 8px 0px; font-size: 12px; font-weight: 600; color: var(--color-text-secondary);"[31m
            [36m>[31m
              [0m??[0m
            [36m</div>[31m
            [36m<div[31m
              [33mstyle[31m=[32m"text-align: center; padding: 8px 0px; font-size: 12px; font-weight: 600; color: var(--color-text-secondary);"[31m
            [36m>[31m
              [0m??[0m
            [36m</div>[31m
            [36m<div[31m
              [33mstyle[31m=[32m"text-align: center; padding: 8px 0px; font-size: 12px; font-weight: 600; color: var(--color-text-secondary);"[31m
            [36m>[31m
              [0m??[0m
            [36m</div>[31m
            [36m<div[31m
              [33mstyle[31m=[32m"text-align: center; padding: 8px 0px; font-size: 12px; font-weight: 600; color: var(--color-text-secondary);"[31m
            [36m>[31m
              [0m紐?[0m
            [36m</div>[31m
            [36m<div[31m
              [33mstyle[31m=[32m"text-align: center; padding: 8px 0px; font-size: 12px; font-weight: 600; color: var(--color-text-secondary);"[31m
            [36m>[31m
              [0m湲?[0m
            [36m</div>[31m
            [36m<div[31m
              [33mstyle[31m=[32m"text-align: center; padding: 8px 0px; font-size: 12px; font-weight: 600; color: rgb(3, 155, 229);"[31m
            [36m>[31m
              [0m??[0m
            [36m</div>[31m
          [36m</div>[31m
          [36m<div[31m
            [33mstyle[31m=[32m"display: grid; grid-template-columns: repeat(7, 1fr);"[31m
          [36m>[31m
            [36m<div[31m
              [33mstyle[31m=[32m"min-height: 80px; background-color: rgb(248, 249, 250);"[31m
   ...

Ignored nodes: comments, script, style
[36m<html>[31m
  [36m<head />[31m
  [36m<body>[31m
    [36m<div>[31m
      [36m<div[31m
        [33mstyle[31m=[32m"min-height: 100vh; background-color: var(--color-surface); padding-bottom: 60px;"[31m
      [36m>[31m
        [36m<header[31m
          [33mstyle[31m=[32m"background-color: rgb(255, 255, 255); border-bottom: 1px solid var(--color-border); padding: 12px 16px; display: flex; align-items: center; justify-content: space-between; position: sticky; top: 0px; z-index: 100;"[31m
        [36m>[31m
          [36m<span[31m
            [33mstyle[31m=[32m"font-size: 20px; font-weight: 600; letter-spacing: -0.3px;"[31m
          [36m>[31m
            [0mTodoList[0m
          [36m</span>[31m
          [36m<button[31m
            [33mstyle[31m=[32m"display: inline-flex; align-items: center; justify-content: center; gap: 6px; padding: 8px 16px; border-radius: 4px; font-size: 14px; font-weight: 500; cursor: pointer; opacity: 1; transition: opacity 0.2s; background-color: rgb(255, 255, 255); color: var(--color-text-primary); border: 1px solid var(--color-border);"[31m
          [36m>[31m
            [0m濡쒓렇?꾩썐[0m
          [36m</button>[31m
        [36m</header>[31m
        [36m<main[31m
          [33mstyle[31m=[32m"max-width: 720px; margin: 0px auto; padding: 12px 16px;"[31m
        [36m>[31m
          [36m<div[31m
            [33mstyle[31m=[32m"display: flex; align-items: center; justify-content: space-between; margin-bottom: 12px;"[31m
          [36m>[31m
            [36m<h1[31m
              [33mstyle[31m=[32m"font-size: 18px; font-weight: 600;"[31m
            [36m>[31m
              [0m?쇱젙 罹섎┛??[0m
            [36m</h1>[31m
            [36m<div[31m
              [33mstyle[31m=[32m"display: flex; gap: 4px; border: 1px solid var(--color-border); border-radius: 6px; overflow: hidden;"[31m
            [36m>[31m
              [36m<button[31m
                [33mstyle[31m=[32m"padding: 6px 14px; cursor: pointer; font-size: 13px; font-weight: 500; background: var(--color-brand-blue); color: rgb(255, 255, 255);"[31m
              [36m>[31m
                [0m罹섎┛??[0m
              [36m</button>[31m
              [36m<button[31m
                [33mstyle[31m=[32m"padding: 6px 14px; cursor: pointer; font-size: 13px; font-weight: 500; background: transparent; color: var(--color-text-secondary);"[31m
              [36m>[31m
                [0m紐⑸줉[0m
              [36m</button>[31m
            [36m</div>[31m
          [36m</div>[31m
          [36m<div[31m
            [33mstyle[31m=[32m"background-color: rgb(255, 255, 255); border: 1px solid var(--color-border); border-radius: 10px; overflow: hidden; box-shadow: 0 1px 4px rgba(0,0,0,0.06);"[31m
          [36m>[31m
            [36m<div[31m
              [33mstyle[31m=[32m"display: flex; align-items: center; justify-content: space-between; padding: 14px 16px; border-bottom: 1px solid var(--color-border);"[31m
            [36m>[31m
              [36m<div[31m
                [33mstyle[31m=[32m"display: flex; align-items: center; gap: 10px;"[31m
              [36m>[31m
                [36m<span[31m
                  [33mstyle[31m=[32m"font-size: 18px; font-weight: 600; color: var(--color-text-primary); letter-spacing: -0.3px;"[31m
                [36m>[31m
                  [0m2026[0m
                  [0m??[0m
                  [0m5[0m
                  [0m??[0m
                [36m</span>[31m
                [36m<button[31m
                  [33mstyle[31m=[32m"padding: 4px 12px; border: 1px solid var(--color-border); border-radius: 4px; background: rgb(255, 255, 255); font-size: 13px; color: var(--color-brand-blue); cursor: pointer; font-weight: 500;"[31m
                [36m>[31m
                  [0m?ㅻ뒛[0m
                [36m</button>[31m
              [36m</div>[31m
              [36m<div[31m
                [33mstyle[31m=[32m"display: flex; gap: 2px;"[31m
              [36m>[31m
                [36m<button[31m
                  [33maria-label[31m=[32m"?댁쟾 ??[31m
                  [33mstyle[31m=[32m"width: 32px; height: 32px; border-radius: 50%; background: none; cursor: pointer; font-size: 16px; color: var(--color-text-secondary); display: flex; align-items: center; justify-content: center;"[31m
                [36m>[31m
                  [0m?[0m
                [36m</button>[31m
                [36m<button[31m
                  [33maria-label[31m=[32m"?ㅼ쓬 ??[31m
                  [33mstyle[31m=[32m"width: 32px; height: 32px; border-radius: 50%; background: none; cursor: pointer; font-size: 16px; color: var(--color-text-secondary); display: flex; align-items: center; justify-content: center;"[31m
                [36m>[31m
                  [0m??[0m
                [36m</button>[31m
              [36m</div>[31m
            [36m</div>[31m
            [36m<div[31m
              [33mstyle[31m=[32m"display: grid; grid-template-columns: repeat(7, 1fr); border-bottom: 1px solid var(--color-border);"[31m
            [36m>[31m
              [36m<div[31m
                [33mstyle[31m=[32m"text-align: center; padding: 8px 0px; font-size: 12px; font-weight: 600; color: rgb(213, 0, 0);"[31m
              [36m>[31m
                [0m??[0m
              [36m</div>[31m
              [36m<div[31m
                [33mstyle[31m=[32m"text-align: center; padding: 8px 0px; font-size: 12px; font-weight: 600; color: var(--color-text-secondary);"[31m
              [36m>[31m
                [0m??[0m
              [36m</div>[31m
              [36m<div[31m
                [33mstyle[31m=[32m"text-align: center; padding: 8px 0px; font-size: 12px; font-weight: 600; color: var(--color-text-secondary);"[31m
              [36m>[31m
                [0m??[0m
              [36m</div>[31m
              [36m<div[31m
                [33mstyle[31m=[32m"text-align: center; padding: 8px 0px; font-size: 12px; font-weight: 600; color: var(--color-text-secondary);"[31m
              [36m>[31m
                [0m??[0m
              [36m</div>[31m
              [36m<div[31m
                [33mstyle[31m=[32m"text-align: center; padding: 8px 0px; font-size: 12px; font-weight: 600; color: var(--color-text-secondary);"[31m
              [36m>[31m
                [0m紐?[0m
              [36m</div>[31m
              [36m<div[31m
                [33mstyle[31m=[32m"text-align: center; padding: 8px 0px; font-size: 12px; font-weight: 600; color: var(--color-text-secondary);"[31m
              [36m>[31m
                [0m湲?[0m
              [36m</div>[31m
              [36m<div[31m
                [33mstyle[31m=[32m"text-align: center; padding: 8px 0px; font-size: 12px; font-weight: 600; color: rgb(3, 155, 229);"[31m
              [36m>[31m
                [0m??[0m
              [36m</div>[31m
            ...[39m
 [31m횞[39m src/test/todo.feature.test.tsx[2m > [22mTodoListPage[2m > [22m??젣 踰꾪듉 ?대┃ ????젣 ?뺤씤 ?ㅼ씠?쇰줈洹멸? ?대┛??[33m 1034[2mms[22m[39m
[31m   ??Found multiple elements with the text: ? 誘명똿 ?먮즺 以鍮?
Here are the matching elements:

Ignored nodes: comments, script, style
[36m<div[31m
  [33mstyle[31m=[32m"font-size: 11px; padding: 1px 4px; border-radius: 3px; background-color: rgb(230, 124, 115); color: rgb(255, 255, 255); overflow: hidden; text-overflow: ellipsis; white-space: nowrap; margin-top: 2px; line-height: 1.4; text-decoration: none; opacity: 1;"[31m
  [33mtitle[31m=[32m"? 誘명똿 ?먮즺 以鍮?[31m
[36m>[31m
  [0m? 誘명똿 ?먮즺 以鍮?[0m
[36m</div>[31m

Ignored nodes: comments, script, style
[36m<p[31m
  [33mstyle[31m=[32m"font-size: 14px; font-weight: 500; color: var(--color-text-primary); text-decoration: none; margin-bottom: 4px; word-break: break-word;"[31m
[36m>[31m
  [0m? 誘명똿 ?먮즺 以鍮?[0m
[36m</p>[31m

(If this is intentional, then use the `*AllBy*` variant of the query (like `queryAllByText`, `getAllByText`, or `findAllByText`)).

Ignored nodes: comments, script, style
[36m<body>[31m
  [36m<div>[31m
    [36m<div[31m
      [33mstyle[31m=[32m"min-height: 100vh; background-color: var(--color-surface); padding-bottom: 60px;"[31m
    [36m>[31m
      [36m<header[31m
        [33mstyle[31m=[32m"background-color: rgb(255, 255, 255); border-bottom: 1px solid var(--color-border); padding: 12px 16px; display: flex; align-items: center; justify-content: space-between; position: sticky; top: 0px; z-index: 100;"[31m
      [36m>[31m
        [36m<span[31m
          [33mstyle[31m=[32m"font-size: 20px; font-weight: 600; letter-spacing: -0.3px;"[31m
        [36m>[31m
          [0mTodoList[0m
        [36m</span>[31m
        [36m<button[31m
          [33mstyle[31m=[32m"display: inline-flex; align-items: center; justify-content: center; gap: 6px; padding: 8px 16px; border-radius: 4px; font-size: 14px; font-weight: 500; cursor: pointer; opacity: 1; transition: opacity 0.2s; background-color: rgb(255, 255, 255); color: var(--color-text-primary); border: 1px solid var(--color-border);"[31m
        [36m>[31m
          [0m濡쒓렇?꾩썐[0m
        [36m</button>[31m
      [36m</header>[31m
      [36m<main[31m
        [33mstyle[31m=[32m"max-width: 720px; margin: 0px auto; padding: 12px 16px;"[31m
      [36m>[31m
        [36m<div[31m
          [33mstyle[31m=[32m"display: flex; align-items: center; justify-content: space-between; margin-bottom: 12px;"[31m
        [36m>[31m
          [36m<h1[31m
            [33mstyle[31m=[32m"font-size: 18px; font-weight: 600;"[31m
          [36m>[31m
            [0m?쇱젙 罹섎┛??[0m
          [36m</h1>[31m
          [36m<div[31m
            [33mstyle[31m=[32m"display: flex; gap: 4px; border: 1px solid var(--color-border); border-radius: 6px; overflow: hidden;"[31m
          [36m>[31m
            [36m<button[31m
              [33mstyle[31m=[32m"padding: 6px 14px; cursor: pointer; font-size: 13px; font-weight: 500; background: var(--color-brand-blue); color: rgb(255, 255, 255);"[31m
            [36m>[31m
              [0m罹섎┛??[0m
            [36m</button>[31m
            [36m<button[31m
              [33mstyle[31m=[32m"padding: 6px 14px; cursor: pointer; font-size: 13px; font-weight: 500; background: transparent; color: var(--color-text-secondary);"[31m
            [36m>[31m
              [0m紐⑸줉[0m
            [36m</button>[31m
          [36m</div>[31m
        [36m</div>[31m
        [36m<div[31m
          [33mstyle[31m=[32m"background-color: rgb(255, 255, 255); border: 1px solid var(--color-border); border-radius: 10px; overflow: hidden; box-shadow: 0 1px 4px rgba(0,0,0,0.06);"[31m
        [36m>[31m
          [36m<div[31m
            [33mstyle[31m=[32m"display: flex; align-items: center; justify-content: space-between; padding: 14px 16px; border-bottom: 1px solid var(--color-border);"[31m
          [36m>[31m
            [36m<div[31m
              [33mstyle[31m=[32m"display: flex; align-items: center; gap: 10px;"[31m
            [36m>[31m
              [36m<span[31m
                [33mstyle[31m=[32m"font-size: 18px; font-weight: 600; color: var(--color-text-primary); letter-spacing: -0.3px;"[31m
              [36m>[31m
                [0m2026[0m
                [0m??[0m
                [0m5[0m
                [0m??[0m
              [36m</span>[31m
              [36m<button[31m
                [33mstyle[31m=[32m"padding: 4px 12px; border: 1px solid var(--color-border); border-radius: 4px; background: rgb(255, 255, 255); font-size: 13px; color: var(--color-brand-blue); cursor: pointer; font-weight: 500;"[31m
              [36m>[31m
                [0m?ㅻ뒛[0m
              [36m</button>[31m
            [36m</div>[31m
            [36m<div[31m
              [33mstyle[31m=[32m"display: flex; gap: 2px;"[31m
            [36m>[31m
              [36m<button[31m
                [33maria-label[31m=[32m"?댁쟾 ??[31m
                [33mstyle[31m=[32m"width: 32px; height: 32px; border-radius: 50%; background: none; cursor: pointer; font-size: 16px; color: var(--color-text-secondary); display: flex; align-items: center; justify-content: center;"[31m
              [36m>[31m
                [0m?[0m
              [36m</button>[31m
              [36m<button[31m
                [33maria-label[31m=[32m"?ㅼ쓬 ??[31m
                [33mstyle[31m=[32m"width: 32px; height: 32px; border-radius: 50%; background: none; cursor: pointer; font-size: 16px; color: var(--color-text-secondary); display: flex; align-items: center; justify-content: center;"[31m
              [36m>[31m
                [0m??[0m
              [36m</button>[31m
            [36m</div>[31m
          [36m</div>[31m
          [36m<div[31m
            [33mstyle[31m=[32m"display: grid; grid-template-columns: repeat(7, 1fr); border-bottom: 1px solid var(--color-border);"[31m
          [36m>[31m
            [36m<div[31m
              [33mstyle[31m=[32m"text-align: center; padding: 8px 0px; font-size: 12px; font-weight: 600; color: rgb(213, 0, 0);"[31m
            [36m>[31m
              [0m??[0m
            [36m</div>[31m
            [36m<div[31m
              [33mstyle[31m=[32m"text-align: center; padding: 8px 0px; font-size: 12px; font-weight: 600; color: var(--color-text-secondary);"[31m
            [36m>[31m
              [0m??[0m
            [36m</div>[31m
            [36m<div[31m
              [33mstyle[31m=[32m"text-align: center; padding: 8px 0px; font-size: 12px; font-weight: 600; color: var(--color-text-secondary);"[31m
            [36m>[31m
              [0m??[0m
            [36m</div>[31m
            [36m<div[31m
              [33mstyle[31m=[32m"text-align: center; padding: 8px 0px; font-size: 12px; font-weight: 600; color: var(--color-text-secondary);"[31m
            [36m>[31m
              [0m??[0m
            [36m</div>[31m
            [36m<div[31m
              [33mstyle[31m=[32m"text-align: center; padding: 8px 0px; font-size: 12px; font-weight: 600; color: var(--color-text-secondary);"[31m
            [36m>[31m
              [0m紐?[0m
            [36m</div>[31m
            [36m<div[31m
              [33mstyle[31m=[32m"text-align: center; padding: 8px 0px; font-size: 12px; font-weight: 600; color: var(--color-text-secondary);"[31m
            [36m>[31m
              [0m湲?[0m
            [36m</div>[31m
            [36m<div[31m
              [33mstyle[31m=[32m"text-align: center; padding: 8px 0px; font-size: 12px; font-weight: 600; color: rgb(3, 155, 229);"[31m
            [36m>[31m
              [0m??[0m
            [36m</div>[31m
          [36m</div>[31m
          [36m<div[31m
            [33mstyle[31m=[32m"display: grid; grid-template-columns: repeat(7, 1fr);"[31m
          [36m>[31m
            [36m<div[31m
              [33mstyle[31m=[32m"min-height: 80px; background-color: rgb(248, 249, 250);"[31m
   ...

Ignored nodes: comments, script, style
[36m<html>[31m
  [36m<head />[31m
  [36m<body>[31m
    [36m<div>[31m
      [36m<div[31m
        [33mstyle[31m=[32m"min-height: 100vh; background-color: var(--color-surface); padding-bottom: 60px;"[31m
      [36m>[31m
        [36m<header[31m
          [33mstyle[31m=[32m"background-color: rgb(255, 255, 255); border-bottom: 1px solid var(--color-border); padding: 12px 16px; display: flex; align-items: center; justify-content: space-between; position: sticky; top: 0px; z-index: 100;"[31m
        [36m>[31m
          [36m<span[31m
            [33mstyle[31m=[32m"font-size: 20px; font-weight: 600; letter-spacing: -0.3px;"[31m
          [36m>[31m
            [0mTodoList[0m
          [36m</span>[31m
          [36m<button[31m
            [33mstyle[31m=[32m"display: inline-flex; align-items: center; justify-content: center; gap: 6px; padding: 8px 16px; border-radius: 4px; font-size: 14px; font-weight: 500; cursor: pointer; opacity: 1; transition: opacity 0.2s; background-color: rgb(255, 255, 255); color: var(--color-text-primary); border: 1px solid var(--color-border);"[31m
          [36m>[31m
            [0m濡쒓렇?꾩썐[0m
          [36m</button>[31m
        [36m</header>[31m
        [36m<main[31m
          [33mstyle[31m=[32m"max-width: 720px; margin: 0px auto; padding: 12px 16px;"[31m
        [36m>[31m
          [36m<div[31m
            [33mstyle[31m=[32m"display: flex; align-items: center; justify-content: space-between; margin-bottom: 12px;"[31m
          [36m>[31m
            [36m<h1[31m
              [33mstyle[31m=[32m"font-size: 18px; font-weight: 600;"[31m
            [36m>[31m
              [0m?쇱젙 罹섎┛??[0m
            [36m</h1>[31m
            [36m<div[31m
              [33mstyle[31m=[32m"display: flex; gap: 4px; border: 1px solid var(--color-border); border-radius: 6px; overflow: hidden;"[31m
            [36m>[31m
              [36m<button[31m
                [33mstyle[31m=[32m"padding: 6px 14px; cursor: pointer; font-size: 13px; font-weight: 500; background: var(--color-brand-blue); color: rgb(255, 255, 255);"[31m
              [36m>[31m
                [0m罹섎┛??[0m
              [36m</button>[31m
              [36m<button[31m
                [33mstyle[31m=[32m"padding: 6px 14px; cursor: pointer; font-size: 13px; font-weight: 500; background: transparent; color: var(--color-text-secondary);"[31m
              [36m>[31m
                [0m紐⑸줉[0m
              [36m</button>[31m
            [36m</div>[31m
          [36m</div>[31m
          [36m<div[31m
            [33mstyle[31m=[32m"background-color: rgb(255, 255, 255); border: 1px solid var(--color-border); border-radius: 10px; overflow: hidden; box-shadow: 0 1px 4px rgba(0,0,0,0.06);"[31m
          [36m>[31m
            [36m<div[31m
              [33mstyle[31m=[32m"display: flex; align-items: center; justify-content: space-between; padding: 14px 16px; border-bottom: 1px solid var(--color-border);"[31m
            [36m>[31m
              [36m<div[31m
                [33mstyle[31m=[32m"display: flex; align-items: center; gap: 10px;"[31m
              [36m>[31m
                [36m<span[31m
                  [33mstyle[31m=[32m"font-size: 18px; font-weight: 600; color: var(--color-text-primary); letter-spacing: -0.3px;"[31m
                [36m>[31m
                  [0m2026[0m
                  [0m??[0m
                  [0m5[0m
                  [0m??[0m
                [36m</span>[31m
                [36m<button[31m
                  [33mstyle[31m=[32m"padding: 4px 12px; border: 1px solid var(--color-border); border-radius: 4px; background: rgb(255, 255, 255); font-size: 13px; color: var(--color-brand-blue); cursor: pointer; font-weight: 500;"[31m
                [36m>[31m
                  [0m?ㅻ뒛[0m
                [36m</button>[31m
              [36m</div>[31m
              [36m<div[31m
                [33mstyle[31m=[32m"display: flex; gap: 2px;"[31m
              [36m>[31m
                [36m<button[31m
                  [33maria-label[31m=[32m"?댁쟾 ??[31m
                  [33mstyle[31m=[32m"width: 32px; height: 32px; border-radius: 50%; background: none; cursor: pointer; font-size: 16px; color: var(--color-text-secondary); display: flex; align-items: center; justify-content: center;"[31m
                [36m>[31m
                  [0m?[0m
                [36m</button>[31m
                [36m<button[31m
                  [33maria-label[31m=[32m"?ㅼ쓬 ??[31m
                  [33mstyle[31m=[32m"width: 32px; height: 32px; border-radius: 50%; background: none; cursor: pointer; font-size: 16px; color: var(--color-text-secondary); display: flex; align-items: center; justify-content: center;"[31m
                [36m>[31m
                  [0m??[0m
                [36m</button>[31m
              [36m</div>[31m
            [36m</div>[31m
            [36m<div[31m
              [33mstyle[31m=[32m"display: grid; grid-template-columns: repeat(7, 1fr); border-bottom: 1px solid var(--color-border);"[31m
            [36m>[31m
              [36m<div[31m
                [33mstyle[31m=[32m"text-align: center; padding: 8px 0px; font-size: 12px; font-weight: 600; color: rgb(213, 0, 0);"[31m
              [36m>[31m
                [0m??[0m
              [36m</div>[31m
              [36m<div[31m
                [33mstyle[31m=[32m"text-align: center; padding: 8px 0px; font-size: 12px; font-weight: 600; color: var(--color-text-secondary);"[31m
              [36m>[31m
                [0m??[0m
              [36m</div>[31m
              [36m<div[31m
                [33mstyle[31m=[32m"text-align: center; padding: 8px 0px; font-size: 12px; font-weight: 600; color: var(--color-text-secondary);"[31m
              [36m>[31m
                [0m??[0m
              [36m</div>[31m
              [36m<div[31m
                [33mstyle[31m=[32m"text-align: center; padding: 8px 0px; font-size: 12px; font-weight: 600; color: var(--color-text-secondary);"[31m
              [36m>[31m
                [0m??[0m
              [36m</div>[31m
              [36m<div[31m
                [33mstyle[31m=[32m"text-align: center; padding: 8px 0px; font-size: 12px; font-weight: 600; color: var(--color-text-secondary);"[31m
              [36m>[31m
                [0m紐?[0m
              [36m</div>[31m
              [36m<div[31m
                [33mstyle[31m=[32m"text-align: center; padding: 8px 0px; font-size: 12px; font-weight: 600; color: var(--color-text-secondary);"[31m
              [36m>[31m
                [0m湲?[0m
              [36m</div>[31m
              [36m<div[31m
                [33mstyle[31m=[32m"text-align: center; padding: 8px 0px; font-size: 12px; font-weight: 600; color: rgb(3, 155, 229);"[31m
              [36m>[31m
                [0m??[0m
              [36m</div>[31m
            ...[39m
 [31m횞[39m src/test/todo.feature.test.tsx[2m > [22mTodoListPage[2m > [22m??젣 紐⑤떖?먯꽌 痍⑥냼 ?대┃ ???ㅼ씠?쇰줈洹멸? ?ロ엺??[33m 1028[2mms[22m[39m
[31m   ??Found multiple elements with the text: ? 誘명똿 ?먮즺 以鍮?
Here are the matching elements:

Ignored nodes: comments, script, style
[36m<div[31m
  [33mstyle[31m=[32m"font-size: 11px; padding: 1px 4px; border-radius: 3px; background-color: rgb(230, 124, 115); color: rgb(255, 255, 255); overflow: hidden; text-overflow: ellipsis; white-space: nowrap; margin-top: 2px; line-height: 1.4; text-decoration: none; opacity: 1;"[31m
  [33mtitle[31m=[32m"? 誘명똿 ?먮즺 以鍮?[31m
[36m>[31m
  [0m? 誘명똿 ?먮즺 以鍮?[0m
[36m</div>[31m

Ignored nodes: comments, script, style
[36m<p[31m
  [33mstyle[31m=[32m"font-size: 14px; font-weight: 500; color: var(--color-text-primary); text-decoration: none; margin-bottom: 4px; word-break: break-word;"[31m
[36m>[31m
  [0m? 誘명똿 ?먮즺 以鍮?[0m
[36m</p>[31m

(If this is intentional, then use the `*AllBy*` variant of the query (like `queryAllByText`, `getAllByText`, or `findAllByText`)).

Ignored nodes: comments, script, style
[36m<body>[31m
  [36m<div>[31m
    [36m<div[31m
      [33mstyle[31m=[32m"min-height: 100vh; background-color: var(--color-surface); padding-bottom: 60px;"[31m
    [36m>[31m
      [36m<header[31m
        [33mstyle[31m=[32m"background-color: rgb(255, 255, 255); border-bottom: 1px solid var(--color-border); padding: 12px 16px; display: flex; align-items: center; justify-content: space-between; position: sticky; top: 0px; z-index: 100;"[31m
      [36m>[31m
        [36m<span[31m
          [33mstyle[31m=[32m"font-size: 20px; font-weight: 600; letter-spacing: -0.3px;"[31m
        [36m>[31m
          [0mTodoList[0m
        [36m</span>[31m
        [36m<button[31m
          [33mstyle[31m=[32m"display: inline-flex; align-items: center; justify-content: center; gap: 6px; padding: 8px 16px; border-radius: 4px; font-size: 14px; font-weight: 500; cursor: pointer; opacity: 1; transition: opacity 0.2s; background-color: rgb(255, 255, 255); color: var(--color-text-primary); border: 1px solid var(--color-border);"[31m
        [36m>[31m
          [0m濡쒓렇?꾩썐[0m
        [36m</button>[31m
      [36m</header>[31m
      [36m<main[31m
        [33mstyle[31m=[32m"max-width: 720px; margin: 0px auto; padding: 12px 16px;"[31m
      [36m>[31m
        [36m<div[31m
          [33mstyle[31m=[32m"display: flex; align-items: center; justify-content: space-between; margin-bottom: 12px;"[31m
        [36m>[31m
          [36m<h1[31m
            [33mstyle[31m=[32m"font-size: 18px; font-weight: 600;"[31m
          [36m>[31m
            [0m?쇱젙 罹섎┛??[0m
          [36m</h1>[31m
          [36m<div[31m
            [33mstyle[31m=[32m"display: flex; gap: 4px; border: 1px solid var(--color-border); border-radius: 6px; overflow: hidden;"[31m
          [36m>[31m
            [36m<button[31m
              [33mstyle[31m=[32m"padding: 6px 14px; cursor: pointer; font-size: 13px; font-weight: 500; background: var(--color-brand-blue); color: rgb(255, 255, 255);"[31m
            [36m>[31m
              [0m罹섎┛??[0m
            [36m</button>[31m
            [36m<button[31m
              [33mstyle[31m=[32m"padding: 6px 14px; cursor: pointer; font-size: 13px; font-weight: 500; background: transparent; color: var(--color-text-secondary);"[31m
            [36m>[31m
              [0m紐⑸줉[0m
            [36m</button>[31m
          [36m</div>[31m
        [36m</div>[31m
        [36m<div[31m
          [33mstyle[31m=[32m"background-color: rgb(255, 255, 255); border: 1px solid var(--color-border); border-radius: 10px; overflow: hidden; box-shadow: 0 1px 4px rgba(0,0,0,0.06);"[31m
        [36m>[31m
          [36m<div[31m
            [33mstyle[31m=[32m"display: flex; align-items: center; justify-content: space-between; padding: 14px 16px; border-bottom: 1px solid var(--color-border);"[31m
          [36m>[31m
            [36m<div[31m
              [33mstyle[31m=[32m"display: flex; align-items: center; gap: 10px;"[31m
            [36m>[31m
              [36m<span[31m
                [33mstyle[31m=[32m"font-size: 18px; font-weight: 600; color: var(--color-text-primary); letter-spacing: -0.3px;"[31m
              [36m>[31m
                [0m2026[0m
                [0m??[0m
                [0m5[0m
                [0m??[0m
              [36m</span>[31m
              [36m<button[31m
                [33mstyle[31m=[32m"padding: 4px 12px; border: 1px solid var(--color-border); border-radius: 4px; background: rgb(255, 255, 255); font-size: 13px; color: var(--color-brand-blue); cursor: pointer; font-weight: 500;"[31m
              [36m>[31m
                [0m?ㅻ뒛[0m
              [36m</button>[31m
            [36m</div>[31m
            [36m<div[31m
              [33mstyle[31m=[32m"display: flex; gap: 2px;"[31m
            [36m>[31m
              [36m<button[31m
                [33maria-label[31m=[32m"?댁쟾 ??[31m
                [33mstyle[31m=[32m"width: 32px; height: 32px; border-radius: 50%; background: none; cursor: pointer; font-size: 16px; color: var(--color-text-secondary); display: flex; align-items: center; justify-content: center;"[31m
              [36m>[31m
                [0m?[0m
              [36m</button>[31m
              [36m<button[31m
                [33maria-label[31m=[32m"?ㅼ쓬 ??[31m
                [33mstyle[31m=[32m"width: 32px; height: 32px; border-radius: 50%; background: none; cursor: pointer; font-size: 16px; color: var(--color-text-secondary); display: flex; align-items: center; justify-content: center;"[31m
              [36m>[31m
                [0m??[0m
              [36m</button>[31m
            [36m</div>[31m
          [36m</div>[31m
          [36m<div[31m
            [33mstyle[31m=[32m"display: grid; grid-template-columns: repeat(7, 1fr); border-bottom: 1px solid var(--color-border);"[31m
          [36m>[31m
            [36m<div[31m
              [33mstyle[31m=[32m"text-align: center; padding: 8px 0px; font-size: 12px; font-weight: 600; color: rgb(213, 0, 0);"[31m
            [36m>[31m
              [0m??[0m
            [36m</div>[31m
            [36m<div[31m
              [33mstyle[31m=[32m"text-align: center; padding: 8px 0px; font-size: 12px; font-weight: 600; color: var(--color-text-secondary);"[31m
            [36m>[31m
              [0m??[0m
            [36m</div>[31m
            [36m<div[31m
              [33mstyle[31m=[32m"text-align: center; padding: 8px 0px; font-size: 12px; font-weight: 600; color: var(--color-text-secondary);"[31m
            [36m>[31m
              [0m??[0m
            [36m</div>[31m
            [36m<div[31m
              [33mstyle[31m=[32m"text-align: center; padding: 8px 0px; font-size: 12px; font-weight: 600; color: var(--color-text-secondary);"[31m
            [36m>[31m
              [0m??[0m
            [36m</div>[31m
            [36m<div[31m
              [33mstyle[31m=[32m"text-align: center; padding: 8px 0px; font-size: 12px; font-weight: 600; color: var(--color-text-secondary);"[31m
            [36m>[31m
              [0m紐?[0m
            [36m</div>[31m
            [36m<div[31m
              [33mstyle[31m=[32m"text-align: center; padding: 8px 0px; font-size: 12px; font-weight: 600; color: var(--color-text-secondary);"[31m
            [36m>[31m
              [0m湲?[0m
            [36m</div>[31m
            [36m<div[31m
              [33mstyle[31m=[32m"text-align: center; padding: 8px 0px; font-size: 12px; font-weight: 600; color: rgb(3, 155, 229);"[31m
            [36m>[31m
              [0m??[0m
            [36m</div>[31m
          [36m</div>[31m
          [36m<div[31m
            [33mstyle[31m=[32m"display: grid; grid-template-columns: repeat(7, 1fr);"[31m
          [36m>[31m
            [36m<div[31m
              [33mstyle[31m=[32m"min-height: 80px; background-color: rgb(248, 249, 250);"[31m
   ...

Ignored nodes: comments, script, style
[36m<html>[31m
  [36m<head />[31m
  [36m<body>[31m
    [36m<div>[31m
      [36m<div[31m
        [33mstyle[31m=[32m"min-height: 100vh; background-color: var(--color-surface); padding-bottom: 60px;"[31m
      [36m>[31m
        [36m<header[31m
          [33mstyle[31m=[32m"background-color: rgb(255, 255, 255); border-bottom: 1px solid var(--color-border); padding: 12px 16px; display: flex; align-items: center; justify-content: space-between; position: sticky; top: 0px; z-index: 100;"[31m
        [36m>[31m
          [36m<span[31m
            [33mstyle[31m=[32m"font-size: 20px; font-weight: 600; letter-spacing: -0.3px;"[31m
          [36m>[31m
            [0mTodoList[0m
          [36m</span>[31m
          [36m<button[31m
            [33mstyle[31m=[32m"display: inline-flex; align-items: center; justify-content: center; gap: 6px; padding: 8px 16px; border-radius: 4px; font-size: 14px; font-weight: 500; cursor: pointer; opacity: 1; transition: opacity 0.2s; background-color: rgb(255, 255, 255); color: var(--color-text-primary); border: 1px solid var(--color-border);"[31m
          [36m>[31m
            [0m濡쒓렇?꾩썐[0m
          [36m</button>[31m
        [36m</header>[31m
        [36m<main[31m
          [33mstyle[31m=[32m"max-width: 720px; margin: 0px auto; padding: 12px 16px;"[31m
        [36m>[31m
          [36m<div[31m
            [33mstyle[31m=[32m"display: flex; align-items: center; justify-content: space-between; margin-bottom: 12px;"[31m
          [36m>[31m
            [36m<h1[31m
              [33mstyle[31m=[32m"font-size: 18px; font-weight: 600;"[31m
            [36m>[31m
              [0m?쇱젙 罹섎┛??[0m
            [36m</h1>[31m
            [36m<div[31m
              [33mstyle[31m=[32m"display: flex; gap: 4px; border: 1px solid var(--color-border); border-radius: 6px; overflow: hidden;"[31m
            [36m>[31m
              [36m<button[31m
                [33mstyle[31m=[32m"padding: 6px 14px; cursor: pointer; font-size: 13px; font-weight: 500; background: var(--color-brand-blue); color: rgb(255, 255, 255);"[31m
              [36m>[31m
                [0m罹섎┛??[0m
              [36m</button>[31m
              [36m<button[31m
                [33mstyle[31m=[32m"padding: 6px 14px; cursor: pointer; font-size: 13px; font-weight: 500; background: transparent; color: var(--color-text-secondary);"[31m
              [36m>[31m
                [0m紐⑸줉[0m
              [36m</button>[31m
            [36m</div>[31m
          [36m</div>[31m
          [36m<div[31m
            [33mstyle[31m=[32m"background-color: rgb(255, 255, 255); border: 1px solid var(--color-border); border-radius: 10px; overflow: hidden; box-shadow: 0 1px 4px rgba(0,0,0,0.06);"[31m
          [36m>[31m
            [36m<div[31m
              [33mstyle[31m=[32m"display: flex; align-items: center; justify-content: space-between; padding: 14px 16px; border-bottom: 1px solid var(--color-border);"[31m
            [36m>[31m
              [36m<div[31m
                [33mstyle[31m=[32m"display: flex; align-items: center; gap: 10px;"[31m
              [36m>[31m
                [36m<span[31m
                  [33mstyle[31m=[32m"font-size: 18px; font-weight: 600; color: var(--color-text-primary); letter-spacing: -0.3px;"[31m
                [36m>[31m
                  [0m2026[0m
                  [0m??[0m
                  [0m5[0m
                  [0m??[0m
                [36m</span>[31m
                [36m<button[31m
                  [33mstyle[31m=[32m"padding: 4px 12px; border: 1px solid var(--color-border); border-radius: 4px; background: rgb(255, 255, 255); font-size: 13px; color: var(--color-brand-blue); cursor: pointer; font-weight: 500;"[31m
                [36m>[31m
                  [0m?ㅻ뒛[0m
                [36m</button>[31m
              [36m</div>[31m
              [36m<div[31m
                [33mstyle[31m=[32m"display: flex; gap: 2px;"[31m
              [36m>[31m
                [36m<button[31m
                  [33maria-label[31m=[32m"?댁쟾 ??[31m
                  [33mstyle[31m=[32m"width: 32px; height: 32px; border-radius: 50%; background: none; cursor: pointer; font-size: 16px; color: var(--color-text-secondary); display: flex; align-items: center; justify-content: center;"[31m
                [36m>[31m
                  [0m?[0m
                [36m</button>[31m
                [36m<button[31m
                  [33maria-label[31m=[32m"?ㅼ쓬 ??[31m
                  [33mstyle[31m=[32m"width: 32px; height: 32px; border-radius: 50%; background: none; cursor: pointer; font-size: 16px; color: var(--color-text-secondary); display: flex; align-items: center; justify-content: center;"[31m
                [36m>[31m
                  [0m??[0m
                [36m</button>[31m
              [36m</div>[31m
            [36m</div>[31m
            [36m<div[31m
              [33mstyle[31m=[32m"display: grid; grid-template-columns: repeat(7, 1fr); border-bottom: 1px solid var(--color-border);"[31m
            [36m>[31m
              [36m<div[31m
                [33mstyle[31m=[32m"text-align: center; padding: 8px 0px; font-size: 12px; font-weight: 600; color: rgb(213, 0, 0);"[31m
              [36m>[31m
                [0m??[0m
              [36m</div>[31m
              [36m<div[31m
                [33mstyle[31m=[32m"text-align: center; padding: 8px 0px; font-size: 12px; font-weight: 600; color: var(--color-text-secondary);"[31m
              [36m>[31m
                [0m??[0m
              [36m</div>[31m
              [36m<div[31m
                [33mstyle[31m=[32m"text-align: center; padding: 8px 0px; font-size: 12px; font-weight: 600; color: var(--color-text-secondary);"[31m
              [36m>[31m
                [0m??[0m
              [36m</div>[31m
              [36m<div[31m
                [33mstyle[31m=[32m"text-align: center; padding: 8px 0px; font-size: 12px; font-weight: 600; color: var(--color-text-secondary);"[31m
              [36m>[31m
                [0m??[0m
              [36m</div>[31m
              [36m<div[31m
                [33mstyle[31m=[32m"text-align: center; padding: 8px 0px; font-size: 12px; font-weight: 600; color: var(--color-text-secondary);"[31m
              [36m>[31m
                [0m紐?[0m
              [36m</div>[31m
              [36m<div[31m
                [33mstyle[31m=[32m"text-align: center; padding: 8px 0px; font-size: 12px; font-weight: 600; color: var(--color-text-secondary);"[31m
              [36m>[31m
                [0m湲?[0m
              [36m</div>[31m
              [36m<div[31m
                [33mstyle[31m=[32m"text-align: center; padding: 8px 0px; font-size: 12px; font-weight: 600; color: rgb(3, 155, 229);"[31m
              [36m>[31m
                [0m??[0m
              [36m</div>[31m
            ...[39m
 [31m횞[39m src/test/todo.feature.test.tsx[2m > [22mTodoListPage[2m > [22m?섏젙 踰꾪듉 ?대┃ ???섏젙 紐⑤떖???대━怨?湲곗〈 媛믪씠 梨꾩썙吏꾨떎[33m 1030[2mms[22m[39m
[31m   ??Found multiple elements with the text: ? 誘명똿 ?먮즺 以鍮?
Here are the matching elements:

Ignored nodes: comments, script, style
[36m<div[31m
  [33mstyle[31m=[32m"font-size: 11px; padding: 1px 4px; border-radius: 3px; background-color: rgb(230, 124, 115); color: rgb(255, 255, 255); overflow: hidden; text-overflow: ellipsis; white-space: nowrap; margin-top: 2px; line-height: 1.4; text-decoration: none; opacity: 1;"[31m
  [33mtitle[31m=[32m"? 誘명똿 ?먮즺 以鍮?[31m
[36m>[31m
  [0m? 誘명똿 ?먮즺 以鍮?[0m
[36m</div>[31m

Ignored nodes: comments, script, style
[36m<p[31m
  [33mstyle[31m=[32m"font-size: 14px; font-weight: 500; color: var(--color-text-primary); text-decoration: none; margin-bottom: 4px; word-break: break-word;"[31m
[36m>[31m
  [0m? 誘명똿 ?먮즺 以鍮?[0m
[36m</p>[31m

(If this is intentional, then use the `*AllBy*` variant of the query (like `queryAllByText`, `getAllByText`, or `findAllByText`)).

Ignored nodes: comments, script, style
[36m<body>[31m
  [36m<div>[31m
    [36m<div[31m
      [33mstyle[31m=[32m"min-height: 100vh; background-color: var(--color-surface); padding-bottom: 60px;"[31m
    [36m>[31m
      [36m<header[31m
        [33mstyle[31m=[32m"background-color: rgb(255, 255, 255); border-bottom: 1px solid var(--color-border); padding: 12px 16px; display: flex; align-items: center; justify-content: space-between; position: sticky; top: 0px; z-index: 100;"[31m
      [36m>[31m
        [36m<span[31m
          [33mstyle[31m=[32m"font-size: 20px; font-weight: 600; letter-spacing: -0.3px;"[31m
        [36m>[31m
          [0mTodoList[0m
        [36m</span>[31m
        [36m<button[31m
          [33mstyle[31m=[32m"display: inline-flex; align-items: center; justify-content: center; gap: 6px; padding: 8px 16px; border-radius: 4px; font-size: 14px; font-weight: 500; cursor: pointer; opacity: 1; transition: opacity 0.2s; background-color: rgb(255, 255, 255); color: var(--color-text-primary); border: 1px solid var(--color-border);"[31m
        [36m>[31m
          [0m濡쒓렇?꾩썐[0m
        [36m</button>[31m
      [36m</header>[31m
      [36m<main[31m
        [33mstyle[31m=[32m"max-width: 720px; margin: 0px auto; padding: 12px 16px;"[31m
      [36m>[31m
        [36m<div[31m
          [33mstyle[31m=[32m"display: flex; align-items: center; justify-content: space-between; margin-bottom: 12px;"[31m
        [36m>[31m
          [36m<h1[31m
            [33mstyle[31m=[32m"font-size: 18px; font-weight: 600;"[31m
          [36m>[31m
            [0m?쇱젙 罹섎┛??[0m
          [36m</h1>[31m
          [36m<div[31m
            [33mstyle[31m=[32m"display: flex; gap: 4px; border: 1px solid var(--color-border); border-radius: 6px; overflow: hidden;"[31m
          [36m>[31m
            [36m<button[31m
              [33mstyle[31m=[32m"padding: 6px 14px; cursor: pointer; font-size: 13px; font-weight: 500; background: var(--color-brand-blue); color: rgb(255, 255, 255);"[31m
            [36m>[31m
              [0m罹섎┛??[0m
            [36m</button>[31m
            [36m<button[31m
              [33mstyle[31m=[32m"padding: 6px 14px; cursor: pointer; font-size: 13px; font-weight: 500; background: transparent; color: var(--color-text-secondary);"[31m
            [36m>[31m
              [0m紐⑸줉[0m
            [36m</button>[31m
          [36m</div>[31m
        [36m</div>[31m
        [36m<div[31m
          [33mstyle[31m=[32m"background-color: rgb(255, 255, 255); border: 1px solid var(--color-border); border-radius: 10px; overflow: hidden; box-shadow: 0 1px 4px rgba(0,0,0,0.06);"[31m
        [36m>[31m
          [36m<div[31m
            [33mstyle[31m=[32m"display: flex; align-items: center; justify-content: space-between; padding: 14px 16px; border-bottom: 1px solid var(--color-border);"[31m
          [36m>[31m
            [36m<div[31m
              [33mstyle[31m=[32m"display: flex; align-items: center; gap: 10px;"[31m
            [36m>[31m
              [36m<span[31m
                [33mstyle[31m=[32m"font-size: 18px; font-weight: 600; color: var(--color-text-primary); letter-spacing: -0.3px;"[31m
              [36m>[31m
                [0m2026[0m
                [0m??[0m
                [0m5[0m
                [0m??[0m
              [36m</span>[31m
              [36m<button[31m
                [33mstyle[31m=[32m"padding: 4px 12px; border: 1px solid var(--color-border); border-radius: 4px; background: rgb(255, 255, 255); font-size: 13px; color: var(--color-brand-blue); cursor: pointer; font-weight: 500;"[31m
              [36m>[31m
                [0m?ㅻ뒛[0m
              [36m</button>[31m
            [36m</div>[31m
            [36m<div[31m
              [33mstyle[31m=[32m"display: flex; gap: 2px;"[31m
            [36m>[31m
              [36m<button[31m
                [33maria-label[31m=[32m"?댁쟾 ??[31m
                [33mstyle[31m=[32m"width: 32px; height: 32px; border-radius: 50%; background: none; cursor: pointer; font-size: 16px; color: var(--color-text-secondary); display: flex; align-items: center; justify-content: center;"[31m
              [36m>[31m
                [0m?[0m
              [36m</button>[31m
              [36m<button[31m
                [33maria-label[31m=[32m"?ㅼ쓬 ??[31m
                [33mstyle[31m=[32m"width: 32px; height: 32px; border-radius: 50%; background: none; cursor: pointer; font-size: 16px; color: var(--color-text-secondary); display: flex; align-items: center; justify-content: center;"[31m
              [36m>[31m
                [0m??[0m
              [36m</button>[31m
            [36m</div>[31m
          [36m</div>[31m
          [36m<div[31m
            [33mstyle[31m=[32m"display: grid; grid-template-columns: repeat(7, 1fr); border-bottom: 1px solid var(--color-border);"[31m
          [36m>[31m
            [36m<div[31m
              [33mstyle[31m=[32m"text-align: center; padding: 8px 0px; font-size: 12px; font-weight: 600; color: rgb(213, 0, 0);"[31m
            [36m>[31m
              [0m??[0m
            [36m</div>[31m
            [36m<div[31m
              [33mstyle[31m=[32m"text-align: center; padding: 8px 0px; font-size: 12px; font-weight: 600; color: var(--color-text-secondary);"[31m
            [36m>[31m
              [0m??[0m
            [36m</div>[31m
            [36m<div[31m
              [33mstyle[31m=[32m"text-align: center; padding: 8px 0px; font-size: 12px; font-weight: 600; color: var(--color-text-secondary);"[31m
            [36m>[31m
              [0m??[0m
            [36m</div>[31m
            [36m<div[31m
              [33mstyle[31m=[32m"text-align: center; padding: 8px 0px; font-size: 12px; font-weight: 600; color: var(--color-text-secondary);"[31m
            [36m>[31m
              [0m??[0m
            [36m</div>[31m
            [36m<div[31m
              [33mstyle[31m=[32m"text-align: center; padding: 8px 0px; font-size: 12px; font-weight: 600; color: var(--color-text-secondary);"[31m
            [36m>[31m
              [0m紐?[0m
            [36m</div>[31m
            [36m<div[31m
              [33mstyle[31m=[32m"text-align: center; padding: 8px 0px; font-size: 12px; font-weight: 600; color: var(--color-text-secondary);"[31m
            [36m>[31m
              [0m湲?[0m
            [36m</div>[31m
            [36m<div[31m
              [33mstyle[31m=[32m"text-align: center; padding: 8px 0px; font-size: 12px; font-weight: 600; color: rgb(3, 155, 229);"[31m
            [36m>[31m
              [0m??[0m
            [36m</div>[31m
          [36m</div>[31m
          [36m<div[31m
            [33mstyle[31m=[32m"display: grid; grid-template-columns: repeat(7, 1fr);"[31m
          [36m>[31m
            [36m<div[31m
              [33mstyle[31m=[32m"min-height: 80px; background-color: rgb(248, 249, 250);"[31m
   ...

Ignored nodes: comments, script, style
[36m<html>[31m
  [36m<head />[31m
  [36m<body>[31m
    [36m<div>[31m
      [36m<div[31m
        [33mstyle[31m=[32m"min-height: 100vh; background-color: var(--color-surface); padding-bottom: 60px;"[31m
      [36m>[31m
        [36m<header[31m
          [33mstyle[31m=[32m"background-color: rgb(255, 255, 255); border-bottom: 1px solid var(--color-border); padding: 12px 16px; display: flex; align-items: center; justify-content: space-between; position: sticky; top: 0px; z-index: 100;"[31m
        [36m>[31m
          [36m<span[31m
            [33mstyle[31m=[32m"font-size: 20px; font-weight: 600; letter-spacing: -0.3px;"[31m
          [36m>[31m
            [0mTodoList[0m
          [36m</span>[31m
          [36m<button[31m
            [33mstyle[31m=[32m"display: inline-flex; align-items: center; justify-content: center; gap: 6px; padding: 8px 16px; border-radius: 4px; font-size: 14px; font-weight: 500; cursor: pointer; opacity: 1; transition: opacity 0.2s; background-color: rgb(255, 255, 255); color: var(--color-text-primary); border: 1px solid var(--color-border);"[31m
          [36m>[31m
            [0m濡쒓렇?꾩썐[0m
          [36m</button>[31m
        [36m</header>[31m
        [36m<main[31m
          [33mstyle[31m=[32m"max-width: 720px; margin: 0px auto; padding: 12px 16px;"[31m
        [36m>[31m
          [36m<div[31m
            [33mstyle[31m=[32m"display: flex; align-items: center; justify-content: space-between; margin-bottom: 12px;"[31m
          [36m>[31m
            [36m<h1[31m
              [33mstyle[31m=[32m"font-size: 18px; font-weight: 600;"[31m
            [36m>[31m
              [0m?쇱젙 罹섎┛??[0m
            [36m</h1>[31m
            [36m<div[31m
              [33mstyle[31m=[32m"display: flex; gap: 4px; border: 1px solid var(--color-border); border-radius: 6px; overflow: hidden;"[31m
            [36m>[31m
              [36m<button[31m
                [33mstyle[31m=[32m"padding: 6px 14px; cursor: pointer; font-size: 13px; font-weight: 500; background: var(--color-brand-blue); color: rgb(255, 255, 255);"[31m
              [36m>[31m
                [0m罹섎┛??[0m
              [36m</button>[31m
              [36m<button[31m
                [33mstyle[31m=[32m"padding: 6px 14px; cursor: pointer; font-size: 13px; font-weight: 500; background: transparent; color: var(--color-text-secondary);"[31m
              [36m>[31m
                [0m紐⑸줉[0m
              [36m</button>[31m
            [36m</div>[31m
          [36m</div>[31m
          [36m<div[31m
            [33mstyle[31m=[32m"background-color: rgb(255, 255, 255); border: 1px solid var(--color-border); border-radius: 10px; overflow: hidden; box-shadow: 0 1px 4px rgba(0,0,0,0.06);"[31m
          [36m>[31m
            [36m<div[31m
              [33mstyle[31m=[32m"display: flex; align-items: center; justify-content: space-between; padding: 14px 16px; border-bottom: 1px solid var(--color-border);"[31m
            [36m>[31m
              [36m<div[31m
                [33mstyle[31m=[32m"display: flex; align-items: center; gap: 10px;"[31m
              [36m>[31m
                [36m<span[31m
                  [33mstyle[31m=[32m"font-size: 18px; font-weight: 600; color: var(--color-text-primary); letter-spacing: -0.3px;"[31m
                [36m>[31m
                  [0m2026[0m
                  [0m??[0m
                  [0m5[0m
                  [0m??[0m
                [36m</span>[31m
                [36m<button[31m
                  [33mstyle[31m=[32m"padding: 4px 12px; border: 1px solid var(--color-border); border-radius: 4px; background: rgb(255, 255, 255); font-size: 13px; color: var(--color-brand-blue); cursor: pointer; font-weight: 500;"[31m
                [36m>[31m
                  [0m?ㅻ뒛[0m
                [36m</button>[31m
              [36m</div>[31m
              [36m<div[31m
                [33mstyle[31m=[32m"display: flex; gap: 2px;"[31m
              [36m>[31m
                [36m<button[31m
                  [33maria-label[31m=[32m"?댁쟾 ??[31m
                  [33mstyle[31m=[32m"width: 32px; height: 32px; border-radius: 50%; background: none; cursor: pointer; font-size: 16px; color: var(--color-text-secondary); display: flex; align-items: center; justify-content: center;"[31m
                [36m>[31m
                  [0m?[0m
                [36m</button>[31m
                [36m<button[31m
                  [33maria-label[31m=[32m"?ㅼ쓬 ??[31m
                  [33mstyle[31m=[32m"width: 32px; height: 32px; border-radius: 50%; background: none; cursor: pointer; font-size: 16px; color: var(--color-text-secondary); display: flex; align-items: center; justify-content: center;"[31m
                [36m>[31m
                  [0m??[0m
                [36m</button>[31m
              [36m</div>[31m
            [36m</div>[31m
            [36m<div[31m
              [33mstyle[31m=[32m"display: grid; grid-template-columns: repeat(7, 1fr); border-bottom: 1px solid var(--color-border);"[31m
            [36m>[31m
              [36m<div[31m
                [33mstyle[31m=[32m"text-align: center; padding: 8px 0px; font-size: 12px; font-weight: 600; color: rgb(213, 0, 0);"[31m
              [36m>[31m
                [0m??[0m
              [36m</div>[31m
              [36m<div[31m
                [33mstyle[31m=[32m"text-align: center; padding: 8px 0px; font-size: 12px; font-weight: 600; color: var(--color-text-secondary);"[31m
              [36m>[31m
                [0m??[0m
              [36m</div>[31m
              [36m<div[31m
                [33mstyle[31m=[32m"text-align: center; padding: 8px 0px; font-size: 12px; font-weight: 600; color: var(--color-text-secondary);"[31m
              [36m>[31m
                [0m??[0m
              [36m</div>[31m
              [36m<div[31m
                [33mstyle[31m=[32m"text-align: center; padding: 8px 0px; font-size: 12px; font-weight: 600; color: var(--color-text-secondary);"[31m
              [36m>[31m
                [0m??[0m
              [36m</div>[31m
              [36m<div[31m
                [33mstyle[31m=[32m"text-align: center; padding: 8px 0px; font-size: 12px; font-weight: 600; color: var(--color-text-secondary);"[31m
              [36m>[31m
                [0m紐?[0m
              [36m</div>[31m
              [36m<div[31m
                [33mstyle[31m=[32m"text-align: center; padding: 8px 0px; font-size: 12px; font-weight: 600; color: var(--color-text-secondary);"[31m
              [36m>[31m
                [0m湲?[0m
              [36m</div>[31m
              [36m<div[31m
                [33mstyle[31m=[32m"text-align: center; padding: 8px 0px; font-size: 12px; font-weight: 600; color: rgb(3, 155, 229);"[31m
              [36m>[31m
                [0m??[0m
              [36m</div>[31m
            ...[39m
 [32m??[39m src/test/todo.feature.test.tsx[2m > [22mTodoListPage[2m > [22m?깅줉 紐⑤떖?먯꽌 痍⑥냼 ?대┃ ??紐⑤떖???ロ엺??[32m 43[2mms[22m[39m
 [31m횞[39m src/test/todo.feature.test.tsx[2m > [22mTodoListPage[2m > [22m?꾨즺 ?좉? ??toggleTodoComplete媛 ?몄텧?쒕떎[33m 1026[2mms[22m[39m
[31m   ??Found multiple elements with the text: ? 誘명똿 ?먮즺 以鍮?
Here are the matching elements:

Ignored nodes: comments, script, style
[36m<div[31m
  [33mstyle[31m=[32m"font-size: 11px; padding: 1px 4px; border-radius: 3px; background-color: rgb(230, 124, 115); color: rgb(255, 255, 255); overflow: hidden; text-overflow: ellipsis; white-space: nowrap; margin-top: 2px; line-height: 1.4; text-decoration: none; opacity: 1;"[31m
  [33mtitle[31m=[32m"? 誘명똿 ?먮즺 以鍮?[31m
[36m>[31m
  [0m? 誘명똿 ?먮즺 以鍮?[0m
[36m</div>[31m

Ignored nodes: comments, script, style
[36m<p[31m
  [33mstyle[31m=[32m"font-size: 14px; font-weight: 500; color: var(--color-text-primary); text-decoration: none; margin-bottom: 4px; word-break: break-word;"[31m
[36m>[31m
  [0m? 誘명똿 ?먮즺 以鍮?[0m
[36m</p>[31m

(If this is intentional, then use the `*AllBy*` variant of the query (like `queryAllByText`, `getAllByText`, or `findAllByText`)).

Ignored nodes: comments, script, style
[36m<body>[31m
  [36m<div>[31m
    [36m<div[31m
      [33mstyle[31m=[32m"min-height: 100vh; background-color: var(--color-surface); padding-bottom: 60px;"[31m
    [36m>[31m
      [36m<header[31m
        [33mstyle[31m=[32m"background-color: rgb(255, 255, 255); border-bottom: 1px solid var(--color-border); padding: 12px 16px; display: flex; align-items: center; justify-content: space-between; position: sticky; top: 0px; z-index: 100;"[31m
      [36m>[31m
        [36m<span[31m
          [33mstyle[31m=[32m"font-size: 20px; font-weight: 600; letter-spacing: -0.3px;"[31m
        [36m>[31m
          [0mTodoList[0m
        [36m</span>[31m
        [36m<button[31m
          [33mstyle[31m=[32m"display: inline-flex; align-items: center; justify-content: center; gap: 6px; padding: 8px 16px; border-radius: 4px; font-size: 14px; font-weight: 500; cursor: pointer; opacity: 1; transition: opacity 0.2s; background-color: rgb(255, 255, 255); color: var(--color-text-primary); border: 1px solid var(--color-border);"[31m
        [36m>[31m
          [0m濡쒓렇?꾩썐[0m
        [36m</button>[31m
      [36m</header>[31m
      [36m<main[31m
        [33mstyle[31m=[32m"max-width: 720px; margin: 0px auto; padding: 12px 16px;"[31m
      [36m>[31m
        [36m<div[31m
          [33mstyle[31m=[32m"display: flex; align-items: center; justify-content: space-between; margin-bottom: 12px;"[31m
        [36m>[31m
          [36m<h1[31m
            [33mstyle[31m=[32m"font-size: 18px; font-weight: 600;"[31m
          [36m>[31m
            [0m?쇱젙 罹섎┛??[0m
          [36m</h1>[31m
          [36m<div[31m
            [33mstyle[31m=[32m"display: flex; gap: 4px; border: 1px solid var(--color-border); border-radius: 6px; overflow: hidden;"[31m
          [36m>[31m
            [36m<button[31m
              [33mstyle[31m=[32m"padding: 6px 14px; cursor: pointer; font-size: 13px; font-weight: 500; background: var(--color-brand-blue); color: rgb(255, 255, 255);"[31m
            [36m>[31m
              [0m罹섎┛??[0m
            [36m</button>[31m
            [36m<button[31m
              [33mstyle[31m=[32m"padding: 6px 14px; cursor: pointer; font-size: 13px; font-weight: 500; background: transparent; color: var(--color-text-secondary);"[31m
            [36m>[31m
              [0m紐⑸줉[0m
            [36m</button>[31m
          [36m</div>[31m
        [36m</div>[31m
        [36m<div[31m
          [33mstyle[31m=[32m"background-color: rgb(255, 255, 255); border: 1px solid var(--color-border); border-radius: 10px; overflow: hidden; box-shadow: 0 1px 4px rgba(0,0,0,0.06);"[31m
        [36m>[31m
          [36m<div[31m
            [33mstyle[31m=[32m"display: flex; align-items: center; justify-content: space-between; padding: 14px 16px; border-bottom: 1px solid var(--color-border);"[31m
          [36m>[31m
            [36m<div[31m
              [33mstyle[31m=[32m"display: flex; align-items: center; gap: 10px;"[31m
            [36m>[31m
              [36m<span[31m
                [33mstyle[31m=[32m"font-size: 18px; font-weight: 600; color: var(--color-text-primary); letter-spacing: -0.3px;"[31m
              [36m>[31m
                [0m2026[0m
                [0m??[0m
                [0m5[0m
                [0m??[0m
              [36m</span>[31m
              [36m<button[31m
                [33mstyle[31m=[32m"padding: 4px 12px; border: 1px solid var(--color-border); border-radius: 4px; background: rgb(255, 255, 255); font-size: 13px; color: var(--color-brand-blue); cursor: pointer; font-weight: 500;"[31m
              [36m>[31m
                [0m?ㅻ뒛[0m
              [36m</button>[31m
            [36m</div>[31m
            [36m<div[31m
              [33mstyle[31m=[32m"display: flex; gap: 2px;"[31m
            [36m>[31m
              [36m<button[31m
                [33maria-label[31m=[32m"?댁쟾 ??[31m
                [33mstyle[31m=[32m"width: 32px; height: 32px; border-radius: 50%; background: none; cursor: pointer; font-size: 16px; color: var(--color-text-secondary); display: flex; align-items: center; justify-content: center;"[31m
              [36m>[31m
                [0m?[0m
              [36m</button>[31m
              [36m<button[31m
                [33maria-label[31m=[32m"?ㅼ쓬 ??[31m
                [33mstyle[31m=[32m"width: 32px; height: 32px; border-radius: 50%; background: none; cursor: pointer; font-size: 16px; color: var(--color-text-secondary); display: flex; align-items: center; justify-content: center;"[31m
              [36m>[31m
                [0m??[0m
              [36m</button>[31m
            [36m</div>[31m
          [36m</div>[31m
          [36m<div[31m
            [33mstyle[31m=[32m"display: grid; grid-template-columns: repeat(7, 1fr); border-bottom: 1px solid var(--color-border);"[31m
          [36m>[31m
            [36m<div[31m
              [33mstyle[31m=[32m"text-align: center; padding: 8px 0px; font-size: 12px; font-weight: 600; color: rgb(213, 0, 0);"[31m
            [36m>[31m
              [0m??[0m
            [36m</div>[31m
            [36m<div[31m
              [33mstyle[31m=[32m"text-align: center; padding: 8px 0px; font-size: 12px; font-weight: 600; color: var(--color-text-secondary);"[31m
            [36m>[31m
              [0m??[0m
            [36m</div>[31m
            [36m<div[31m
              [33mstyle[31m=[32m"text-align: center; padding: 8px 0px; font-size: 12px; font-weight: 600; color: var(--color-text-secondary);"[31m
            [36m>[31m
              [0m??[0m
            [36m</div>[31m
            [36m<div[31m
              [33mstyle[31m=[32m"text-align: center; padding: 8px 0px; font-size: 12px; font-weight: 600; color: var(--color-text-secondary);"[31m
            [36m>[31m
              [0m??[0m
            [36m</div>[31m
            [36m<div[31m
              [33mstyle[31m=[32m"text-align: center; padding: 8px 0px; font-size: 12px; font-weight: 600; color: var(--color-text-secondary);"[31m
            [36m>[31m
              [0m紐?[0m
            [36m</div>[31m
            [36m<div[31m
              [33mstyle[31m=[32m"text-align: center; padding: 8px 0px; font-size: 12px; font-weight: 600; color: var(--color-text-secondary);"[31m
            [36m>[31m
              [0m湲?[0m
            [36m</div>[31m
            [36m<div[31m
              [33mstyle[31m=[32m"text-align: center; padding: 8px 0px; font-size: 12px; font-weight: 600; color: rgb(3, 155, 229);"[31m
            [36m>[31m
              [0m??[0m
            [36m</div>[31m
          [36m</div>[31m
          [36m<div[31m
            [33mstyle[31m=[32m"display: grid; grid-template-columns: repeat(7, 1fr);"[31m
          [36m>[31m
            [36m<div[31m
              [33mstyle[31m=[32m"min-height: 80px; background-color: rgb(248, 249, 250);"[31m
   ...

Ignored nodes: comments, script, style
[36m<html>[31m
  [36m<head />[31m
  [36m<body>[31m
    [36m<div>[31m
      [36m<div[31m
        [33mstyle[31m=[32m"min-height: 100vh; background-color: var(--color-surface); padding-bottom: 60px;"[31m
      [36m>[31m
        [36m<header[31m
          [33mstyle[31m=[32m"background-color: rgb(255, 255, 255); border-bottom: 1px solid var(--color-border); padding: 12px 16px; display: flex; align-items: center; justify-content: space-between; position: sticky; top: 0px; z-index: 100;"[31m
        [36m>[31m
          [36m<span[31m
            [33mstyle[31m=[32m"font-size: 20px; font-weight: 600; letter-spacing: -0.3px;"[31m
          [36m>[31m
            [0mTodoList[0m
          [36m</span>[31m
          [36m<button[31m
            [33mstyle[31m=[32m"display: inline-flex; align-items: center; justify-content: center; gap: 6px; padding: 8px 16px; border-radius: 4px; font-size: 14px; font-weight: 500; cursor: pointer; opacity: 1; transition: opacity 0.2s; background-color: rgb(255, 255, 255); color: var(--color-text-primary); border: 1px solid var(--color-border);"[31m
          [36m>[31m
            [0m濡쒓렇?꾩썐[0m
          [36m</button>[31m
        [36m</header>[31m
        [36m<main[31m
          [33mstyle[31m=[32m"max-width: 720px; margin: 0px auto; padding: 12px 16px;"[31m
        [36m>[31m
          [36m<div[31m
            [33mstyle[31m=[32m"display: flex; align-items: center; justify-content: space-between; margin-bottom: 12px;"[31m
          [36m>[31m
            [36m<h1[31m
              [33mstyle[31m=[32m"font-size: 18px; font-weight: 600;"[31m
            [36m>[31m
              [0m?쇱젙 罹섎┛??[0m
            [36m</h1>[31m
            [36m<div[31m
              [33mstyle[31m=[32m"display: flex; gap: 4px; border: 1px solid var(--color-border); border-radius: 6px; overflow: hidden;"[31m
            [36m>[31m
              [36m<button[31m
                [33mstyle[31m=[32m"padding: 6px 14px; cursor: pointer; font-size: 13px; font-weight: 500; background: var(--color-brand-blue); color: rgb(255, 255, 255);"[31m
              [36m>[31m
                [0m罹섎┛??[0m
              [36m</button>[31m
              [36m<button[31m
                [33mstyle[31m=[32m"padding: 6px 14px; cursor: pointer; font-size: 13px; font-weight: 500; background: transparent; color: var(--color-text-secondary);"[31m
              [36m>[31m
                [0m紐⑸줉[0m
              [36m</button>[31m
            [36m</div>[31m
          [36m</div>[31m
          [36m<div[31m
            [33mstyle[31m=[32m"background-color: rgb(255, 255, 255); border: 1px solid var(--color-border); border-radius: 10px; overflow: hidden; box-shadow: 0 1px 4px rgba(0,0,0,0.06);"[31m
          [36m>[31m
            [36m<div[31m
              [33mstyle[31m=[32m"display: flex; align-items: center; justify-content: space-between; padding: 14px 16px; border-bottom: 1px solid var(--color-border);"[31m
            [36m>[31m
              [36m<div[31m
                [33mstyle[31m=[32m"display: flex; align-items: center; gap: 10px;"[31m
              [36m>[31m
                [36m<span[31m
                  [33mstyle[31m=[32m"font-size: 18px; font-weight: 600; color: var(--color-text-primary); letter-spacing: -0.3px;"[31m
                [36m>[31m
                  [0m2026[0m
                  [0m??[0m
                  [0m5[0m
                  [0m??[0m
                [36m</span>[31m
                [36m<button[31m
                  [33mstyle[31m=[32m"padding: 4px 12px; border: 1px solid var(--color-border); border-radius: 4px; background: rgb(255, 255, 255); font-size: 13px; color: var(--color-brand-blue); cursor: pointer; font-weight: 500;"[31m
                [36m>[31m
                  [0m?ㅻ뒛[0m
                [36m</button>[31m
              [36m</div>[31m
              [36m<div[31m
                [33mstyle[31m=[32m"display: flex; gap: 2px;"[31m
              [36m>[31m
                [36m<button[31m
                  [33maria-label[31m=[32m"?댁쟾 ??[31m
                  [33mstyle[31m=[32m"width: 32px; height: 32px; border-radius: 50%; background: none; cursor: pointer; font-size: 16px; color: var(--color-text-secondary); display: flex; align-items: center; justify-content: center;"[31m
                [36m>[31m
                  [0m?[0m
                [36m</button>[31m
                [36m<button[31m
                  [33maria-label[31m=[32m"?ㅼ쓬 ??[31m
                  [33mstyle[31m=[32m"width: 32px; height: 32px; border-radius: 50%; background: none; cursor: pointer; font-size: 16px; color: var(--color-text-secondary); display: flex; align-items: center; justify-content: center;"[31m
                [36m>[31m
                  [0m??[0m
                [36m</button>[31m
              [36m</div>[31m
            [36m</div>[31m
            [36m<div[31m
              [33mstyle[31m=[32m"display: grid; grid-template-columns: repeat(7, 1fr); border-bottom: 1px solid var(--color-border);"[31m
            [36m>[31m
              [36m<div[31m
                [33mstyle[31m=[32m"text-align: center; padding: 8px 0px; font-size: 12px; font-weight: 600; color: rgb(213, 0, 0);"[31m
              [36m>[31m
                [0m??[0m
              [36m</div>[31m
              [36m<div[31m
                [33mstyle[31m=[32m"text-align: center; padding: 8px 0px; font-size: 12px; font-weight: 600; color: var(--color-text-secondary);"[31m
              [36m>[31m
                [0m??[0m
              [36m</div>[31m
              [36m<div[31m
                [33mstyle[31m=[32m"text-align: center; padding: 8px 0px; font-size: 12px; font-weight: 600; color: var(--color-text-secondary);"[31m
              [36m>[31m
                [0m??[0m
              [36m</div>[31m
              [36m<div[31m
                [33mstyle[31m=[32m"text-align: center; padding: 8px 0px; font-size: 12px; font-weight: 600; color: var(--color-text-secondary);"[31m
              [36m>[31m
                [0m??[0m
              [36m</div>[31m
              [36m<div[31m
                [33mstyle[31m=[32m"text-align: center; padding: 8px 0px; font-size: 12px; font-weight: 600; color: var(--color-text-secondary);"[31m
              [36m>[31m
                [0m紐?[0m
              [36m</div>[31m
              [36m<div[31m
                [33mstyle[31m=[32m"text-align: center; padding: 8px 0px; font-size: 12px; font-weight: 600; color: var(--color-text-secondary);"[31m
              [36m>[31m
                [0m湲?[0m
              [36m</div>[31m
              [36m<div[31m
                [33mstyle[31m=[32m"text-align: center; padding: 8px 0px; font-size: 12px; font-weight: 600; color: rgb(3, 155, 229);"[31m
              [36m>[31m
                [0m??[0m
              [36m</div>[31m
            ...[39m

[31m??렞??렞??렞[39m[1m[41m Failed Tests 14 [49m[22m[31m??렞??렞??렞??[39m

[41m[1m FAIL [22m[49m src/test/axiosInstance.test.ts[2m > [22m?묐떟 ?명꽣?됲꽣 ??401 泥섎━[2m > [22m401 ?묐떟 ??POST /api
/auth/refresh瑜??몄텧?섍퀬 ???좏겙????ν븳??[31m[1mError[22m: Request failed with status code 401[39m
[90m [2m??[22m AxiosError.from node_modules/axios/lib/core/AxiosError.js:[2m77:24[22m[39m
[90m [2m??[22m createAxiosError node_modules/axios-mock-adapter/src/utils.js:[2m161:29[22m[39m
[90m [2m??[22m Object.settle node_modules/axios-mock-adapter/src/utils.js:[2m150:11[22m[39m
[90m [2m??[22m Axios.request node_modules/axios/lib/core/Axios.js:[2m46:41[22m[39m
[36m [2m??[22m src/test/axiosInstance.test.ts:[2m66:5[22m[39m
    [90m 64| [39m    })
    [90m 65| [39m
    [90m 66| [39m    [35mawait[39m axiosInstance[33m.[39m[35mget[39m([32m'/api/todos'[39m)
    [90m   | [39m    [31m^[39m
    [90m 67| [39m
    [90m 68| [39m    expect(useAuthStore.getState().accessToken).toBe('new-access-token??
[31m[2m??렞??렞??렞??렞??렞??렞??렞??렞??렞??렞??렞??렞??렞??렞??렞[22m[39m
[31m[1mSerialized Error:[22m[39m [90m{ description: undefined, number: undefined, config: { transitional: { silent
JSONParsing: true, forcedJSONParsing: true, clarifyTimeoutError: false, legacyInterceptorReqResOrdering: true }, transf
ormRequest: [ 'Function<transformRequest>' ], transformResponse: [ 'Function<transformResponse>' ], timeout: +0, xsrfCo
okieName: 'XSRF-TOKEN', xsrfHeaderName: 'X-XSRF-TOKEN', maxContentLength: -1, maxBodyLength: -1, env: { FormData: 'Func
tion<FormData>', Blob: 'Function<Blob>' }, validateStatus: 'Function<validateStatus>', headers: { Accept: 'application/
json, text/plain, */*', Authorization: 'Bearer expired-token' }, baseURL: 'http://localhost:3000/api', method: 'get', u
rl: '/api/todos', allowAbsoluteUrls: true, _retry: true }, code: undefined, status: 401 }[39m
[31m[1mCaused by: Error[22m: Request failed with status code 401[39m
[90m [2m??[22m createAxiosError node_modules/axios-mock-adapter/src/utils.js:[2m161:34[22m[39m
[90m [2m??[22m Object.settle node_modules/axios-mock-adapter/src/utils.js:[2m150:11[22m[39m

[31m[2m??렞??렞??렞??렞??렞??렞??렞??렞??렞??렞??렞??1/14]??[22m[39m

[41m[1m FAIL [22m[49m src/test/axiosInstance.test.ts[2m > [22m?묐떟 ?명꽣?됲꽣 ??401 泥섎━[2m > [22mrefresh ?깃났 ???먮옒 ?
붿껌???ъ떆?꾪븯???깃났 ?묐떟??諛섑솚?쒕떎
[31m[1mError[22m: Request failed with status code 401[39m
[90m [2m??[22m AxiosError.from node_modules/axios/lib/core/AxiosError.js:[2m77:24[22m[39m
[90m [2m??[22m createAxiosError node_modules/axios-mock-adapter/src/utils.js:[2m161:29[22m[39m
[90m [2m??[22m Object.settle node_modules/axios-mock-adapter/src/utils.js:[2m150:11[22m[39m
[90m [2m??[22m Axios.request node_modules/axios/lib/core/Axios.js:[2m46:41[22m[39m
[36m [2m??[22m src/test/axiosInstance.test.ts:[2m81:22[22m[39m
    [90m 79| [39m    })
    [90m 80| [39m
    [90m 81| [39m    [35mconst[39m response [33m=[39m [35mawait[39m axiosInstance[33m.[39m[35mget[39m([32m
'/api/todos'[39m)
    [90m   | [39m                     [31m^[39m
    [90m 82| [39m
    [90m 83| [39m    [34mexpect[39m(response[33m.[39mstatus)[33m.[39m[34mtoBe[39m([34m200[39m)

[31m[2m??렞??렞??렞??렞??렞??렞??렞??렞??렞??렞??렞??렞??렞??렞??렞[22m[39m
[31m[1mSerialized Error:[22m[39m [90m{ description: undefined, number: undefined, config: { transitional: { silent
JSONParsing: true, forcedJSONParsing: true, clarifyTimeoutError: false, legacyInterceptorReqResOrdering: true }, transf
ormRequest: [ 'Function<transformRequest>' ], transformResponse: [ 'Function<transformResponse>' ], timeout: +0, xsrfCo
okieName: 'XSRF-TOKEN', xsrfHeaderName: 'X-XSRF-TOKEN', maxContentLength: -1, maxBodyLength: -1, env: { FormData: 'Func
tion<FormData>', Blob: 'Function<Blob>' }, validateStatus: 'Function<validateStatus>', headers: { Accept: 'application/
json, text/plain, */*', Authorization: 'Bearer expired-token' }, baseURL: 'http://localhost:3000/api', method: 'get', u
rl: '/api/todos', allowAbsoluteUrls: true, _retry: true }, code: undefined, status: 401 }[39m
[31m[1mCaused by: Error[22m: Request failed with status code 401[39m
[90m [2m??[22m createAxiosError node_modules/axios-mock-adapter/src/utils.js:[2m161:34[22m[39m
[90m [2m??[22m Object.settle node_modules/axios-mock-adapter/src/utils.js:[2m150:11[22m[39m

[31m[2m??렞??렞??렞??렞??렞??렞??렞??렞??렞??렞??렞??2/14]??[22m[39m

[41m[1m FAIL [22m[49m src/test/todo.feature.test.tsx[2m > [22mTodoForm[2m > [22m?쒕ぉ, ?ㅻ챸, 醫낅즺?? 移댄뀒怨좊━ ?꾨뱶媛 ?뚮
뜑留곷맂??[31m[1mTestingLibraryElementError[22m[39m: Unable to find a label with the text of: 醫낅즺 ?덉젙??
Ignored nodes: comments, script, style
[36m<body>[39m
  [36m<div>[39m
    [36m<form[39m
      [33mnovalidate[39m=[32m""[39m
      [33mstyle[39m=[32m"display: flex; flex-direction: column; gap: 16px;"[39m
    [36m>[39m
      [36m<div[39m
        [33mstyle[39m=[32m"display: flex; flex-direction: column; gap: 4px; width: 100%;"[39m
      [36m>[39m
        [36m<label[39m
          [33mfor[39m=[32m"?쒕ぉ-*"[39m
          [33mstyle[39m=[32m"font-size: 13px; font-weight: 500; color: var(--color-text-primary);"[39m
        [36m>[39m
          [0m?쒕ぉ *[0m
        [36m</label>[39m
        [36m<input[39m
          [33maria-invalid[39m=[32m"false"[39m
          [33mid[39m=[32m"?쒕ぉ-*"[39m
          [33mplaceholder[39m=[32m"?좎씪 ?쒕ぉ???낅젰?섏꽭??[39m
          [33mstyle[39m=[32m"padding: 8px 12px; border: 1px solid var(--color-border); border-radius: 4px; font-size
: 14px; outline: none; width: 100%;"[39m
          [33mvalue[39m=[32m""[39m
        [36m/>[39m
      [36m</div>[39m
      [36m<div[39m
        [33mstyle[39m=[32m"display: flex; flex-direction: column; gap: 4px;"[39m
      [36m>[39m
        [36m<label[39m
          [33mstyle[39m=[32m"font-size: 13px; font-weight: 500; color: var(--color-text-primary);"[39m
        [36m>[39m
          [0m?댁슜 (?좏깮)[0m
        [36m</label>[39m
        [36m<textarea[39m
          [33mplaceholder[39m=[32m"?곸꽭 ?댁슜???낅젰?섏꽭??[39m
          [33mrows[39m=[32m"3"[39m
          [33mstyle[39m=[32m"padding: 8px 12px; border: 1px solid var(--color-border); border-radius: 4px; font-size
: 14px; resize: vertical; font-family: inherit;"[39m
        [36m/>[39m
      [36m</div>[39m
      [36m<div[39m
        [33mstyle[39m=[32m"display: flex; gap: 12px; flex-wrap: wrap;"[39m
      [36m>[39m
        [36m<div[39m
          [33mstyle[39m=[32m"flex: 1 1 140px; display: flex; flex-direction: column; gap: 4px;"[39m
        [36m>[39m
          [36m<label[39m
            [33mstyle[39m=[32m"font-size: 13px; font-weight: 500; color: var(--color-text-primary);"[39m
          [36m>[39m
            [0m?쒖옉??(?좏깮)[0m
          [36m</label>[39m
          [36m<input[39m
            [33maria-label[39m=[32m"?쒖옉??[39m
            [33mstyle[39m=[32m"padding: 8px 12px; border: 1px solid var(--color-border); border-radius: 4px; font-si
ze: 14px;"[39m
            [33mtype[39m=[32m"date"[39m
            [33mvalue[39m=[32m""[39m
          [36m/>[39m
        [36m</div>[39m
        [36m<div[39m
          [33mstyle[39m=[32m"flex: 1 1 140px; display: flex; flex-direction: column; gap: 4px;"[39m
        [36m>[39m
          [36m<label[39m
            [33mstyle[39m=[32m"font-size: 13px; font-weight: 500; color: var(--color-text-primary);"[39m
          [36m>[39m
            [0m醫낅즺??(?좏깮)[0m
          [36m</label>[39m
          [36m<input[39m
            [33maria-label[39m=[32m"醫낅즺??[39m
            [33mstyle[39m=[32m"padding: 8px 12px; border: 1px solid var(--color-border); border-radius: 4px; font-si
ze: 14px;"[39m
            [33mtype[39m=[32m"date"[39m
            [33mvalue[39m=[32m""[39m
          [36m/>[39m
        [36m</div>[39m
      [36m</div>[39m
      [36m<div[39m
        [33mstyle[39m=[32m"display: flex; flex-direction: column; gap: 4px;"[39m
      [36m>[39m
        [36m<label[39m
          [33mstyle[39m=[32m"font-size: 13px; font-weight: 500; color: var(--color-text-primary);"[39m
        [36m>[39m
          [0m移댄뀒怨좊━ *[0m
        [36m</label>[39m
        [36m<select[39m
          [33maria-invalid[39m=[32m"false"[39m
          [33maria-label[39m=[32m"移댄뀒怨좊━"[39m
          [33mstyle[39m=[32m"padding: 8px 12px; border: 1px solid var(--color-border); border-radius: 4px; font-size
: 14px;"[39m
        [36m>[39m
          [36m<option[39m
            [33mvalue[39m=[32m""[39m
          [36m>[39m
            [0m?좏깮[0m
          [36m</option>[39m
          [36m<option[39m
            [33mvalue[39m=[32m"1"[39m
          [36m>[39m
            [0m?꾩껜[0m
          [36m</option>[39m
          [36m<option[39m
            [33mvalue[39m=[32m"2"[39m
          [36m>[39m
            [0m?낅Т[0m
          [36m</option>[39m
          [36m<option[39m
            [33mvalue[39m=[32m"3"[39m
          [36m>[39m
            [0m?곌뎄[0m
          [36m</option>[39m
        [36m</select>[39m
      [36m</div>[39m
      [36m<div[39m
        [33mstyle[39m=[32m"display: flex; gap: 8px; justify-content: flex-end;"[39m
      [36m>[39m
        [36m<button[39m
          [33mstyle[39m=[32m"display: inline-flex; align-items: center; justify-content: center; gap: 6px; padding: 
8px 16px; border-radius: 4px; font-size: 14px; font-weight: 500; cursor: pointer; opacity: 1; transition: opacity 0.2s;
 background-color: rgb(255, 255, 255); color: var(--color-text-primary); border: 1px solid var(--color-border);"[39m
          [33mtype[39m=[32m"button"[39m
        [36m>[39m
          [0m痍⑥냼[0m
        [36m</button>[39m
        [36m<button[39m
          [33mstyle[39m=[32m"display: inline-flex; align-items: center; justify-content: center; gap: 6px; padding: 
8px 16px; border-radius: 4px; font-size: 14px; font-weight: 500; cursor: pointer; opacity: 1; transition: opacity 0.2s;
 background-color: var(--color-brand-blue); color: rgb(255, 255, 255);"[39m
          [33mtype[39m=[32m"submit"[39m
        [36m>[39m
          [0m?깅줉[0m
        [36m</button>[39m
      [36m</div>[39m
    [36m</form>[39m
  [36m</div>[39m
[36m</body>[39m
[90m [2m??[22m Object.getElementError node_modules/@testing-library/dom/dist/config.js:[2m37:19[22m[39m
[90m [2m??[22m getAllByLabelText node_modules/@testing-library/dom/dist/queries/label-text.js:[2m111:38[22m[39m
[90m [2m??[22m node_modules/@testing-library/dom/dist/query-helpers.js:[2m52:17[22m[39m
[90m [2m??[22m node_modules/@testing-library/dom/dist/query-helpers.js:[2m95:19[22m[39m
[36m [2m??[22m src/test/todo.feature.test.tsx:[2m172:19[22m[39m
    [90m170| [39m    )
    [90m171| [39m    expect(screen.getByRole('textbox', { name: /?쒕ぉ/ })).toBeInTheDocum??    [90m172| [39m    [34
mexpect[39m(screen[33m.[39m[34mgetByLabelText[39m([32m'醫낅즺 ?덉젙??[39m))[33m.[39m[34mtoBeInTheDocument[39m()
    [90m   | [39m                  [31m^[39m
    [90m173| [39m    expect(screen.getByRole('combobox', { name: '移댄뀒怨좊━' })).toBeInTheDo??    [90m174| [39m  })

[31m[2m??렞??렞??렞??렞??렞??렞??렞??렞??렞??렞??렞??3/14]??[22m[39m

[41m[1m FAIL [22m[49m src/test/todo.feature.test.tsx[2m > [22mTodoForm[2m > [22minitialValues媛 ?덉쑝硫??꾨뱶??湲곗〈 媛
믪씠 誘몃━ 梨꾩썙吏꾨떎
[31m[1mTestingLibraryElementError[22m[39m: Unable to find a label with the text of: 醫낅즺 ?덉젙??
Ignored nodes: comments, script, style
[36m<body>[39m
  [36m<div>[39m
    [36m<form[39m
      [33mnovalidate[39m=[32m""[39m
      [33mstyle[39m=[32m"display: flex; flex-direction: column; gap: 16px;"[39m
    [36m>[39m
      [36m<div[39m
        [33mstyle[39m=[32m"display: flex; flex-direction: column; gap: 4px; width: 100%;"[39m
      [36m>[39m
        [36m<label[39m
          [33mfor[39m=[32m"?쒕ぉ-*"[39m
          [33mstyle[39m=[32m"font-size: 13px; font-weight: 500; color: var(--color-text-primary);"[39m
        [36m>[39m
          [0m?쒕ぉ *[0m
        [36m</label>[39m
        [36m<input[39m
          [33maria-invalid[39m=[32m"false"[39m
          [33mid[39m=[32m"?쒕ぉ-*"[39m
          [33mplaceholder[39m=[32m"?좎씪 ?쒕ぉ???낅젰?섏꽭??[39m
          [33mstyle[39m=[32m"padding: 8px 12px; border: 1px solid var(--color-border); border-radius: 4px; font-size
: 14px; outline: none; width: 100%;"[39m
          [33mvalue[39m=[32m"? 誘명똿 ?먮즺 以鍮?[39m
        [36m/>[39m
      [36m</div>[39m
      [36m<div[39m
        [33mstyle[39m=[32m"display: flex; flex-direction: column; gap: 4px;"[39m
      [36m>[39m
        [36m<label[39m
          [33mstyle[39m=[32m"font-size: 13px; font-weight: 500; color: var(--color-text-primary);"[39m
        [36m>[39m
          [0m?댁슜 (?좏깮)[0m
        [36m</label>[39m
        [36m<textarea[39m
          [33mplaceholder[39m=[32m"?곸꽭 ?댁슜???낅젰?섏꽭??[39m
          [33mrows[39m=[32m"3"[39m
          [33mstyle[39m=[32m"padding: 8px 12px; border: 1px solid var(--color-border); border-radius: 4px; font-size
: 14px; resize: vertical; font-family: inherit;"[39m
        [36m/>[39m
      [36m</div>[39m
      [36m<div[39m
        [33mstyle[39m=[32m"display: flex; gap: 12px; flex-wrap: wrap;"[39m
      [36m>[39m
        [36m<div[39m
          [33mstyle[39m=[32m"flex: 1 1 140px; display: flex; flex-direction: column; gap: 4px;"[39m
        [36m>[39m
          [36m<label[39m
            [33mstyle[39m=[32m"font-size: 13px; font-weight: 500; color: var(--color-text-primary);"[39m
          [36m>[39m
            [0m?쒖옉??(?좏깮)[0m
          [36m</label>[39m
          [36m<input[39m
            [33maria-label[39m=[32m"?쒖옉??[39m
            [33mstyle[39m=[32m"padding: 8px 12px; border: 1px solid var(--color-border); border-radius: 4px; font-si
ze: 14px;"[39m
            [33mtype[39m=[32m"date"[39m
            [33mvalue[39m=[32m""[39m
          [36m/>[39m
        [36m</div>[39m
        [36m<div[39m
          [33mstyle[39m=[32m"flex: 1 1 140px; display: flex; flex-direction: column; gap: 4px;"[39m
        [36m>[39m
          [36m<label[39m
            [33mstyle[39m=[32m"font-size: 13px; font-weight: 500; color: var(--color-text-primary);"[39m
          [36m>[39m
            [0m醫낅즺??(?좏깮)[0m
          [36m</label>[39m
          [36m<input[39m
            [33maria-label[39m=[32m"醫낅즺??[39m
            [33mstyle[39m=[32m"padding: 8px 12px; border: 1px solid var(--color-border); border-radius: 4px; font-si
ze: 14px;"[39m
            [33mtype[39m=[32m"date"[39m
            [33mvalue[39m=[32m"2026-05-14"[39m
          [36m/>[39m
        [36m</div>[39m
      [36m</div>[39m
      [36m<div[39m
        [33mstyle[39m=[32m"display: flex; flex-direction: column; gap: 4px;"[39m
      [36m>[39m
        [36m<label[39m
          [33mstyle[39m=[32m"font-size: 13px; font-weight: 500; color: var(--color-text-primary);"[39m
        [36m>[39m
          [0m移댄뀒怨좊━ *[0m
        [36m</label>[39m
        [36m<select[39m
          [33maria-invalid[39m=[32m"false"[39m
          [33maria-label[39m=[32m"移댄뀒怨좊━"[39m
          [33mstyle[39m=[32m"padding: 8px 12px; border: 1px solid var(--color-border); border-radius: 4px; font-size
: 14px;"[39m
        [36m>[39m
          [36m<option[39m
            [33mvalue[39m=[32m""[39m
          [36m>[39m
            [0m?좏깮[0m
          [36m</option>[39m
          [36m<option[39m
            [33mvalue[39m=[32m"1"[39m
          [36m>[39m
            [0m?꾩껜[0m
          [36m</option>[39m
          [36m<option[39m
            [33mvalue[39m=[32m"2"[39m
          [36m>[39m
            [0m?낅Т[0m
          [36m</option>[39m
          [36m<option[39m
            [33mvalue[39m=[32m"3"[39m
          [36m>[39m
            [0m?곌뎄[0m
          [36m</option>[39m
        [36m</select>[39m
      [36m</div>[39m
      [36m<div[39m
        [33mstyle[39m=[32m"display: flex; align-items: center; gap: 8px;"[39m
      [36m>[39m
        [36m<input[39m
          [33mid[39m=[32m"is-completed"[39m
          [33mstyle[39m=[32m"width: 16px; height: 16px; cursor: pointer;"[39m
          [33mtype[39m=[32m"checkbox"[39m
        [36m/>[39m
        [36m<label[39m
          [33mfor[39m=[32m"is-completed"[39m
          [33mstyle[39m=[32m"font-size: 14px; cursor: pointer;"[39m
        [36m>[39m
          [0m?꾨즺[0m
        [36m</label>[39m
      [36m</div>[39m
      [36m<div[39m
        [33mstyle[39m=[32m"display: flex; gap: 8px; justify-content: flex-end;"[39m
      [36m>[39m
        [36m<button[39m
          [33mstyle[39m=[32m"display: inline-flex; align-items: center; justify-content: center; gap: 6px; padding: 
8px 16px; border-radius: 4px; font-size: 14px; font-weight: 500; cursor: pointer; opacity: 1; transition: opacity 0.2s;
 background-color: rgb(255, 255, 255); color: var(--color-text-primary); border: 1px solid var(--color-border);"[39m
          [33mtype[39m=[32m"button"[39m
        [36m>[39m
          [0m痍⑥냼[0m
        [36m</button>[39m
        [36m<button[39m
          [33mstyle[39m=[32m"display: inline-flex; align-items: center; justify-content: center; gap: 6px; padding: 
8px 16px; border-radius: 4px; font-size: 14px; font-weight: 500; cursor: pointer; opacity: 1; transition: opacity 0.2s;
 background-color: var(--color-brand-blue); color: rgb(255, 255, 255);"[39m
          [33mtype[39m=[32m"submit"[39m
        [36m>[39m
          [0m???[0m
        [36m</button>[39m
      [36m</div>[39m
    [36m</form>[39m
  [36m</div>[39m
[36m</body>[39m
[90m [2m??[22m Object.getElementError node_modules/@testing-library/dom/dist/config.js:[2m37:19[22m[39m
[90m [2m??[22m getAllByLabelText node_modules/@testing-library/dom/dist/queries/label-text.js:[2m111:38[22m[39m
[90m [2m??[22m node_modules/@testing-library/dom/dist/query-helpers.js:[2m52:17[22m[39m
[90m [2m??[22m node_modules/@testing-library/dom/dist/query-helpers.js:[2m95:19[22m[39m
[36m [2m??[22m src/test/todo.feature.test.tsx:[2m257:19[22m[39m
    [90m255| [39m    )
    [90m256| [39m    expect(screen.getByRole('textbox', { name: /?쒕ぉ/ })).toHaveValue('???    [90m257| [39m    [3
4mexpect[39m(screen[33m.[39m[34mgetByLabelText[39m([32m'醫낅즺 ?덉젙??[39m))[33m.[39m[34mtoHaveValue[39m([32m'20
26-05-15'[39m)
    [90m   | [39m                  [31m^[39m
    [90m258| [39m    expect(screen.getByRole('combobox', { name: '移댄뀒怨좊━' })).toHaveValue??    [90m259| [39m  })

[31m[2m??렞??렞??렞??렞??렞??렞??렞??렞??렞??렞??렞??4/14]??[22m[39m

[41m[1m FAIL [22m[49m src/test/todo.feature.test.tsx[2m > [22mTodoForm[2m > [22m?ㅻ뒛 ?댁쟾 ?좎쭨 ?낅젰 ??沅뚯옣 ?덈궡 硫붿떆吏
媛 ?쒖떆?쒕떎
[31m[1mTestingLibraryElementError[22m[39m: Unable to find a label with the text of: 醫낅즺 ?덉젙??
Ignored nodes: comments, script, style
[36m<body>[39m
  [36m<div>[39m
    [36m<form[39m
      [33mnovalidate[39m=[32m""[39m
      [33mstyle[39m=[32m"display: flex; flex-direction: column; gap: 16px;"[39m
    [36m>[39m
      [36m<div[39m
        [33mstyle[39m=[32m"display: flex; flex-direction: column; gap: 4px; width: 100%;"[39m
      [36m>[39m
        [36m<label[39m
          [33mfor[39m=[32m"?쒕ぉ-*"[39m
          [33mstyle[39m=[32m"font-size: 13px; font-weight: 500; color: var(--color-text-primary);"[39m
        [36m>[39m
          [0m?쒕ぉ *[0m
        [36m</label>[39m
        [36m<input[39m
          [33maria-invalid[39m=[32m"false"[39m
          [33mid[39m=[32m"?쒕ぉ-*"[39m
          [33mplaceholder[39m=[32m"?좎씪 ?쒕ぉ???낅젰?섏꽭??[39m
          [33mstyle[39m=[32m"padding: 8px 12px; border: 1px solid var(--color-border); border-radius: 4px; font-size
: 14px; outline: none; width: 100%;"[39m
          [33mvalue[39m=[32m""[39m
        [36m/>[39m
      [36m</div>[39m
      [36m<div[39m
        [33mstyle[39m=[32m"display: flex; flex-direction: column; gap: 4px;"[39m
      [36m>[39m
        [36m<label[39m
          [33mstyle[39m=[32m"font-size: 13px; font-weight: 500; color: var(--color-text-primary);"[39m
        [36m>[39m
          [0m?댁슜 (?좏깮)[0m
        [36m</label>[39m
        [36m<textarea[39m
          [33mplaceholder[39m=[32m"?곸꽭 ?댁슜???낅젰?섏꽭??[39m
          [33mrows[39m=[32m"3"[39m
          [33mstyle[39m=[32m"padding: 8px 12px; border: 1px solid var(--color-border); border-radius: 4px; font-size
: 14px; resize: vertical; font-family: inherit;"[39m
        [36m/>[39m
      [36m</div>[39m
      [36m<div[39m
        [33mstyle[39m=[32m"display: flex; gap: 12px; flex-wrap: wrap;"[39m
      [36m>[39m
        [36m<div[39m
          [33mstyle[39m=[32m"flex: 1 1 140px; display: flex; flex-direction: column; gap: 4px;"[39m
        [36m>[39m
          [36m<label[39m
            [33mstyle[39m=[32m"font-size: 13px; font-weight: 500; color: var(--color-text-primary);"[39m
          [36m>[39m
            [0m?쒖옉??(?좏깮)[0m
          [36m</label>[39m
          [36m<input[39m
            [33maria-label[39m=[32m"?쒖옉??[39m
            [33mstyle[39m=[32m"padding: 8px 12px; border: 1px solid var(--color-border); border-radius: 4px; font-si
ze: 14px;"[39m
            [33mtype[39m=[32m"date"[39m
            [33mvalue[39m=[32m""[39m
          [36m/>[39m
        [36m</div>[39m
        [36m<div[39m
          [33mstyle[39m=[32m"flex: 1 1 140px; display: flex; flex-direction: column; gap: 4px;"[39m
        [36m>[39m
          [36m<label[39m
            [33mstyle[39m=[32m"font-size: 13px; font-weight: 500; color: var(--color-text-primary);"[39m
          [36m>[39m
            [0m醫낅즺??(?좏깮)[0m
          [36m</label>[39m
          [36m<input[39m
            [33maria-label[39m=[32m"醫낅즺??[39m
            [33mstyle[39m=[32m"padding: 8px 12px; border: 1px solid var(--color-border); border-radius: 4px; font-si
ze: 14px;"[39m
            [33mtype[39m=[32m"date"[39m
            [33mvalue[39m=[32m""[39m
          [36m/>[39m
        [36m</div>[39m
      [36m</div>[39m
      [36m<div[39m
        [33mstyle[39m=[32m"display: flex; flex-direction: column; gap: 4px;"[39m
      [36m>[39m
        [36m<label[39m
          [33mstyle[39m=[32m"font-size: 13px; font-weight: 500; color: var(--color-text-primary);"[39m
        [36m>[39m
          [0m移댄뀒怨좊━ *[0m
        [36m</label>[39m
        [36m<select[39m
          [33maria-invalid[39m=[32m"false"[39m
          [33maria-label[39m=[32m"移댄뀒怨좊━"[39m
          [33mstyle[39m=[32m"padding: 8px 12px; border: 1px solid var(--color-border); border-radius: 4px; font-size
: 14px;"[39m
        [36m>[39m
          [36m<option[39m
            [33mvalue[39m=[32m""[39m
          [36m>[39m
            [0m?좏깮[0m
          [36m</option>[39m
          [36m<option[39m
            [33mvalue[39m=[32m"1"[39m
          [36m>[39m
            [0m?꾩껜[0m
          [36m</option>[39m
          [36m<option[39m
            [33mvalue[39m=[32m"2"[39m
          [36m>[39m
            [0m?낅Т[0m
          [36m</option>[39m
          [36m<option[39m
            [33mvalue[39m=[32m"3"[39m
          [36m>[39m
            [0m?곌뎄[0m
          [36m</option>[39m
        [36m</select>[39m
      [36m</div>[39m
      [36m<div[39m
        [33mstyle[39m=[32m"display: flex; gap: 8px; justify-content: flex-end;"[39m
      [36m>[39m
        [36m<button[39m
          [33mstyle[39m=[32m"display: inline-flex; align-items: center; justify-content: center; gap: 6px; padding: 
8px 16px; border-radius: 4px; font-size: 14px; font-weight: 500; cursor: pointer; opacity: 1; transition: opacity 0.2s;
 background-color: rgb(255, 255, 255); color: var(--color-text-primary); border: 1px solid var(--color-border);"[39m
          [33mtype[39m=[32m"button"[39m
        [36m>[39m
          [0m痍⑥냼[0m
        [36m</button>[39m
        [36m<button[39m
          [33mstyle[39m=[32m"display: inline-flex; align-items: center; justify-content: center; gap: 6px; padding: 
8px 16px; border-radius: 4px; font-size: 14px; font-weight: 500; cursor: pointer; opacity: 1; transition: opacity 0.2s;
 background-color: var(--color-brand-blue); color: rgb(255, 255, 255);"[39m
          [33mtype[39m=[32m"submit"[39m
        [36m>[39m
          [0m?깅줉[0m
        [36m</button>[39m
      [36m</div>[39m
    [36m</form>[39m
  [36m</div>[39m
[36m</body>[39m
[90m [2m??[22m Object.getElementError node_modules/@testing-library/dom/dist/config.js:[2m37:19[22m[39m
[90m [2m??[22m getAllByLabelText node_modules/@testing-library/dom/dist/queries/label-text.js:[2m111:38[22m[39m
[90m [2m??[22m node_modules/@testing-library/dom/dist/query-helpers.js:[2m52:17[22m[39m
[90m [2m??[22m node_modules/@testing-library/dom/dist/query-helpers.js:[2m95:19[22m[39m
[36m [2m??[22m src/test/todo.feature.test.tsx:[2m285:29[22m[39m
    [90m283| [39m      { wrapper[33m:[39m [34mmakeWrapper[39m() }
    [90m284| [39m    )
    [90m285| [39m    fireEvent[33m.[39m[34mchange[39m(screen[33m.[39m[34mgetByLabelText[39m([32m'醫낅즺 ?덉젙??[
39m)[33m,[39m {
    [90m   | [39m                            [31m^[39m
    [90m286| [39m      target[33m:[39m { value[33m:[39m [32m'2020-01-01'[39m }[33m,[39m
    [90m287| [39m    })

[31m[2m??렞??렞??렞??렞??렞??렞??렞??렞??렞??렞??렞??5/14]??[22m[39m

[41m[1m FAIL [22m[49m src/test/todo.feature.test.tsx[2m > [22mTodoForm[2m > [22m怨쇨굅 ?좎쭨 ?낅젰 ?쒖뿉????μ씠 媛?ν븯??(
onSubmit ?몄텧??
[31m[1mTestingLibraryElementError[22m[39m: Unable to find a label with the text of: 醫낅즺 ?덉젙??
Ignored nodes: comments, script, style
[36m<body>[39m
  [36m<div>[39m
    [36m<form[39m
      [33mnovalidate[39m=[32m""[39m
      [33mstyle[39m=[32m"display: flex; flex-direction: column; gap: 16px;"[39m
    [36m>[39m
      [36m<div[39m
        [33mstyle[39m=[32m"display: flex; flex-direction: column; gap: 4px; width: 100%;"[39m
      [36m>[39m
        [36m<label[39m
          [33mfor[39m=[32m"?쒕ぉ-*"[39m
          [33mstyle[39m=[32m"font-size: 13px; font-weight: 500; color: var(--color-text-primary);"[39m
        [36m>[39m
          [0m?쒕ぉ *[0m
        [36m</label>[39m
        [36m<input[39m
          [33maria-invalid[39m=[32m"false"[39m
          [33mid[39m=[32m"?쒕ぉ-*"[39m
          [33mplaceholder[39m=[32m"?좎씪 ?쒕ぉ???낅젰?섏꽭??[39m
          [33mstyle[39m=[32m"padding: 8px 12px; border: 1px solid var(--color-border); border-radius: 4px; font-size
: 14px; outline: none; width: 100%;"[39m
          [33mvalue[39m=[32m"怨쇨굅 ?좎씪"[39m
        [36m/>[39m
      [36m</div>[39m
      [36m<div[39m
        [33mstyle[39m=[32m"display: flex; flex-direction: column; gap: 4px;"[39m
      [36m>[39m
        [36m<label[39m
          [33mstyle[39m=[32m"font-size: 13px; font-weight: 500; color: var(--color-text-primary);"[39m
        [36m>[39m
          [0m?댁슜 (?좏깮)[0m
        [36m</label>[39m
        [36m<textarea[39m
          [33mplaceholder[39m=[32m"?곸꽭 ?댁슜???낅젰?섏꽭??[39m
          [33mrows[39m=[32m"3"[39m
          [33mstyle[39m=[32m"padding: 8px 12px; border: 1px solid var(--color-border); border-radius: 4px; font-size
: 14px; resize: vertical; font-family: inherit;"[39m
        [36m/>[39m
      [36m</div>[39m
      [36m<div[39m
        [33mstyle[39m=[32m"display: flex; gap: 12px; flex-wrap: wrap;"[39m
      [36m>[39m
        [36m<div[39m
          [33mstyle[39m=[32m"flex: 1 1 140px; display: flex; flex-direction: column; gap: 4px;"[39m
        [36m>[39m
          [36m<label[39m
            [33mstyle[39m=[32m"font-size: 13px; font-weight: 500; color: var(--color-text-primary);"[39m
          [36m>[39m
            [0m?쒖옉??(?좏깮)[0m
          [36m</label>[39m
          [36m<input[39m
            [33maria-label[39m=[32m"?쒖옉??[39m
            [33mstyle[39m=[32m"padding: 8px 12px; border: 1px solid var(--color-border); border-radius: 4px; font-si
ze: 14px;"[39m
            [33mtype[39m=[32m"date"[39m
            [33mvalue[39m=[32m""[39m
          [36m/>[39m
        [36m</div>[39m
        [36m<div[39m
          [33mstyle[39m=[32m"flex: 1 1 140px; display: flex; flex-direction: column; gap: 4px;"[39m
        [36m>[39m
          [36m<label[39m
            [33mstyle[39m=[32m"font-size: 13px; font-weight: 500; color: var(--color-text-primary);"[39m
          [36m>[39m
            [0m醫낅즺??(?좏깮)[0m
          [36m</label>[39m
          [36m<input[39m
            [33maria-label[39m=[32m"醫낅즺??[39m
            [33mstyle[39m=[32m"padding: 8px 12px; border: 1px solid var(--color-border); border-radius: 4px; font-si
ze: 14px;"[39m
            [33mtype[39m=[32m"date"[39m
            [33mvalue[39m=[32m""[39m
          [36m/>[39m
        [36m</div>[39m
      [36m</div>[39m
      [36m<div[39m
        [33mstyle[39m=[32m"display: flex; flex-direction: column; gap: 4px;"[39m
      [36m>[39m
        [36m<label[39m
          [33mstyle[39m=[32m"font-size: 13px; font-weight: 500; color: var(--color-text-primary);"[39m
        [36m>[39m
          [0m移댄뀒怨좊━ *[0m
        [36m</label>[39m
        [36m<select[39m
          [33maria-invalid[39m=[32m"false"[39m
          [33maria-label[39m=[32m"移댄뀒怨좊━"[39m
          [33mstyle[39m=[32m"padding: 8px 12px; border: 1px solid var(--color-border); border-radius: 4px; font-size
: 14px;"[39m
        [36m>[39m
          [36m<option[39m
            [33mvalue[39m=[32m""[39m
          [36m>[39m
            [0m?좏깮[0m
          [36m</option>[39m
          [36m<option[39m
            [33mvalue[39m=[32m"1"[39m
          [36m>[39m
            [0m?꾩껜[0m
          [36m</option>[39m
          [36m<option[39m
            [33mvalue[39m=[32m"2"[39m
          [36m>[39m
            [0m?낅Т[0m
          [36m</option>[39m
          [36m<option[39m
            [33mvalue[39m=[32m"3"[39m
          [36m>[39m
            [0m?곌뎄[0m
          [36m</option>[39m
        [36m</select>[39m
      [36m</div>[39m
      [36m<div[39m
        [33mstyle[39m=[32m"display: flex; gap: 8px; justify-content: flex-end;"[39m
      [36m>[39m
        [36m<button[39m
          [33mstyle[39m=[32m"display: inline-flex; align-items: center; justify-content: center; gap: 6px; padding: 
8px 16px; border-radius: 4px; font-size: 14px; font-weight: 500; cursor: pointer; opacity: 1; transition: opacity 0.2s;
 background-color: rgb(255, 255, 255); color: var(--color-text-primary); border: 1px solid var(--color-border);"[39m
          [33mtype[39m=[32m"button"[39m
        [36m>[39m
          [0m痍⑥냼[0m
        [36m</button>[39m
        [36m<button[39m
          [33mstyle[39m=[32m"display: inline-flex; align-items: center; justify-content: center; gap: 6px; padding: 
8px 16px; border-radius: 4px; font-size: 14px; font-weight: 500; cursor: pointer; opacity: 1; transition: opacity 0.2s;
 background-color: var(--color-brand-blue); color: rgb(255, 255, 255);"[39m
          [33mtype[39m=[32m"submit"[39m
        [36m>[39m
          [0m?깅줉[0m
        [36m</button>[39m
      [36m</div>[39m
    [36m</form>[39m
  [36m</div>[39m
[36m</body>[39m
[90m [2m??[22m Object.getElementError node_modules/@testing-library/dom/dist/config.js:[2m37:19[22m[39m
[90m [2m??[22m getAllByLabelText node_modules/@testing-library/dom/dist/queries/label-text.js:[2m111:38[22m[39m
[90m [2m??[22m node_modules/@testing-library/dom/dist/query-helpers.js:[2m52:17[22m[39m
[90m [2m??[22m node_modules/@testing-library/dom/dist/query-helpers.js:[2m95:19[22m[39m
[36m [2m??[22m src/test/todo.feature.test.tsx:[2m308:29[22m[39m
    [90m306| [39m      target[33m:[39m { value[33m:[39m [32m'2'[39m }[33m,[39m
    [90m307| [39m    })
    [90m308| [39m    fireEvent[33m.[39m[34mchange[39m(screen[33m.[39m[34mgetByLabelText[39m([32m'醫낅즺 ?덉젙??[
39m)[33m,[39m {
    [90m   | [39m                            [31m^[39m
    [90m309| [39m      target[33m:[39m { value[33m:[39m [32m'2020-01-01'[39m }[33m,[39m
    [90m310| [39m    })

[31m[2m??렞??렞??렞??렞??렞??렞??렞??렞??렞??렞??렞??6/14]??[22m[39m

[41m[1m FAIL [22m[49m src/test/todo.feature.test.tsx[2m > [22mTodoItem[2m > [22m?쒕ぉ, 移댄뀒怨좊━, ?좎쭨, 諛곗?媛 ?뚮뜑留곷맂?
?[31m[1mTestingLibraryElementError[22m: Unable to find an element with the text: /2026-05-15/. This could be because
 the text is broken up by multiple elements. In this case, you can provide a function for your text matcher to make you
r matcher more flexible.

Ignored nodes: comments, script, style
[36m<body>[31m
  [36m<div>[31m
    [36m<div[31m
      [33mstyle[31m=[32m"background-color: rgb(255, 255, 255); border: 1px solid var(--color-border); border-radius:
 8px; padding: 12px 16px; display: flex; align-items: flex-start; gap: 12px;"[31m
    [36m>[31m
      [36m<input[31m
        [33maria-label[31m=[32m"?꾨즺 ?좉?: ? 誘명똿 ?먮즺 以鍮?[31m
        [33mstyle[31m=[32m"margin-top: 3px; cursor: pointer; width: 16px; height: 16px; flex-shrink: 0;"[31m
        [33mtype[31m=[32m"checkbox"[31m
      [36m/>[31m
      [36m<div[31m
        [33mstyle[31m=[32m"flex: 1 1 0%; min-width: 0;"[31m
      [36m>[31m
        [36m<p[31m
          [33mstyle[31m=[32m"font-size: 14px; font-weight: 500; color: var(--color-text-primary); text-decoration: n
one; margin-bottom: 4px; word-break: break-word;"[31m
        [36m>[31m
          [0m? 誘명똿 ?먮즺 以鍮?[0m
        [36m</p>[31m
        [36m<div[31m
          [33mstyle[31m=[32m"display: flex; gap: 8px; align-items: center; flex-wrap: wrap;"[31m
        [36m>[31m
          [36m<span[31m
            [33mstyle[31m=[32m"font-size: 12px; color: var(--color-text-secondary);"[31m
          [36m>[31m
            [0m?뱚 [0m
            [0m?낅Т[0m
          [36m</span>[31m
          [36m<span[31m
            [33mstyle[31m=[32m"font-size: 12px; color: var(--color-text-secondary);"[31m
          [36m>[31m
            [0m?뱟 [0m
            [0m2026-05-14[0m
          [36m</span>[31m
          [36m<span[31m
            [33mstyle[31m=[32m"display: inline-flex; align-items: center; padding: 2px 8px; border-radius: 12px; fon
t-size: 12px; font-weight: 500; background-color: rgb(241, 243, 244); color: rgb(95, 99, 104);"[31m
          [36m>[31m
            [0m誘몄셿猷?[0m
          [36m</span>[31m
        [36m</div>[31m
      [36m</div>[31m
      [36m<div[31m
        [33mstyle[31m=[32m"display: flex; gap: 4px; flex-shrink: 0;"[31m
      [36m>[31m
        [36m<button[31m
          [33maria-label[31m=[32m"?섏젙: ? 誘명똿 ?먮즺 以鍮?[31m
          [33mstyle[31m=[32m"background: none; cursor: pointer; font-size: 16px; padding: 4px; border-radius: 4px; c
olor: var(--color-text-secondary);"[31m
        [36m>[31m
          [0m?륅툘[0m
        [36m</button>[31m
        [36m<button[31m
          [33maria-label[31m=[32m"??젣: ? 誘명똿 ?먮즺 以鍮?[31m
          [33mstyle[31m=[32m"background: none; cursor: pointer; font-size: 16px; padding: 4px; border-radius: 4px; c
olor: var(--color-text-secondary);"[31m
        [36m>[31m
          [0m?뿊截?[0m
        [36m</button>[31m
      [36m</div>[31m
    [36m</div>[31m
  [36m</div>[31m
[36m</body>[31m[39m
[90m [2m??[22m Object.getElementError node_modules/@testing-library/dom/dist/config.js:[2m37:19[22m[39m
[90m [2m??[22m node_modules/@testing-library/dom/dist/query-helpers.js:[2m76:38[22m[39m
[90m [2m??[22m node_modules/@testing-library/dom/dist/query-helpers.js:[2m52:17[22m[39m
[90m [2m??[22m node_modules/@testing-library/dom/dist/query-helpers.js:[2m95:19[22m[39m
[36m [2m??[22m src/test/todo.feature.test.tsx:[2m360:19[22m[39m
    [90m358| [39m    [34mexpect[39m(screen[33m.[39m[34mgetByText[39m([32m'? 誘명똿 ?먮즺 以鍮?[39m))[33m.[39m[3
4mtoBeInTheDocument[39m()
    [90m359| [39m    [34mexpect[39m(screen[33m.[39m[34mgetByText[39m([36m/?낅Т/[39m))[33m.[39m[34mtoBeInThe
Document[39m()
    [90m360| [39m    [34mexpect[39m(screen[33m.[39m[34mgetByText[39m([36m/2026-05-15/[39m))[33m.[39m[34mto
BeInTheDocument[39m()
    [90m   | [39m                  [31m^[39m
    [90m361| [39m    [34mexpect[39m(screen[33m.[39m[34mgetByText[39m([32m'誘몄셿猷?[39m))[33m.[39m[34mtoBeInTh
eDocument[39m()
    [90m362| [39m  })

[31m[2m??렞??렞??렞??렞??렞??렞??렞??렞??렞??렞??렞??7/14]??[22m[39m

[41m[1m FAIL [22m[49m src/test/todo.feature.test.tsx[2m > [22mTodoListPage[2m > [22m?섏씠吏 ?쒕ぉ怨??좎씪 異붽? 踰꾪듉???뚮뜑
留곷맂??[31m[1mTestingLibraryElementError[22m[39m: Unable to find an element with the text: ?좎씪 紐⑸줉. This could be bec
ause the text is broken up by multiple elements. In this case, you can provide a function for your text matcher to make
 your matcher more flexible.

Ignored nodes: comments, script, style
[36m<body>[39m
  [36m<div>[39m
    [36m<div[39m
      [33mstyle[39m=[32m"min-height: 100vh; background-color: var(--color-surface); padding-bottom: 60px;"[39m
    [36m>[39m
      [36m<header[39m
        [33mstyle[39m=[32m"background-color: rgb(255, 255, 255); border-bottom: 1px solid var(--color-border); paddi
ng: 12px 16px; display: flex; align-items: center; justify-content: space-between; position: sticky; top: 0px; z-index:
 100;"[39m
      [36m>[39m
        [36m<span[39m
          [33mstyle[39m=[32m"font-size: 20px; font-weight: 600; letter-spacing: -0.3px;"[39m
        [36m>[39m
          [0mTodoList[0m
        [36m</span>[39m
        [36m<button[39m
          [33mstyle[39m=[32m"display: inline-flex; align-items: center; justify-content: center; gap: 6px; padding: 
8px 16px; border-radius: 4px; font-size: 14px; font-weight: 500; cursor: pointer; opacity: 1; transition: opacity 0.2s;
 background-color: rgb(255, 255, 255); color: var(--color-text-primary); border: 1px solid var(--color-border);"[39m
        [36m>[39m
          [0m濡쒓렇?꾩썐[0m
        [36m</button>[39m
      [36m</header>[39m
      [36m<main[39m
        [33mstyle[39m=[32m"max-width: 720px; margin: 0px auto; padding: 12px 16px;"[39m
      [36m>[39m
        [36m<div[39m
          [33mstyle[39m=[32m"display: flex; align-items: center; justify-content: space-between; margin-bottom: 12px
;"[39m
        [36m>[39m
          [36m<h1[39m
            [33mstyle[39m=[32m"font-size: 18px; font-weight: 600;"[39m
          [36m>[39m
            [0m?쇱젙 罹섎┛??[0m
          [36m</h1>[39m
          [36m<div[39m
            [33mstyle[39m=[32m"display: flex; gap: 4px; border: 1px solid var(--color-border); border-radius: 6px; o
verflow: hidden;"[39m
          [36m>[39m
            [36m<button[39m
              [33mstyle[39m=[32m"padding: 6px 14px; cursor: pointer; font-size: 13px; font-weight: 500; background: 
var(--color-brand-blue); color: rgb(255, 255, 255);"[39m
            [36m>[39m
              [0m罹섎┛??[0m
            [36m</button>[39m
            [36m<button[39m
              [33mstyle[39m=[32m"padding: 6px 14px; cursor: pointer; font-size: 13px; font-weight: 500; background: 
transparent; color: var(--color-text-secondary);"[39m
            [36m>[39m
              [0m紐⑸줉[0m
            [36m</button>[39m
          [36m</div>[39m
        [36m</div>[39m
        [36m<div[39m
          [33mstyle[39m=[32m"background-color: rgb(255, 255, 255); border: 1px solid var(--color-border); border-rad
ius: 10px; overflow: hidden; box-shadow: 0 1px 4px rgba(0,0,0,0.06);"[39m
        [36m>[39m
          [36m<div[39m
            [33mstyle[39m=[32m"display: flex; align-items: center; justify-content: space-between; padding: 14px 16p
x; border-bottom: 1px solid var(--color-border);"[39m
          [36m>[39m
            [36m<div[39m
              [33mstyle[39m=[32m"display: flex; align-items: center; gap: 10px;"[39m
            [36m>[39m
              [36m<span[39m
                [33mstyle[39m=[32m"font-size: 18px; font-weight: 600; color: var(--color-text-primary); letter-spaci
ng: -0.3px;"[39m
              [36m>[39m
                [0m2026[0m
                [0m??[0m
                [0m5[0m
                [0m??[0m
              [36m</span>[39m
              [36m<button[39m
                [33mstyle[39m=[32m"padding: 4px 12px; border: 1px solid var(--color-border); border-radius: 4px; bac
kground: rgb(255, 255, 255); font-size: 13px; color: var(--color-brand-blue); cursor: pointer; font-weight: 500;"[39m
              [36m>[39m
                [0m?ㅻ뒛[0m
              [36m</button>[39m
            [36m</div>[39m
            [36m<div[39m
              [33mstyle[39m=[32m"display: flex; gap: 2px;"[39m
            [36m>[39m
              [36m<button[39m
                [33maria-label[39m=[32m"?댁쟾 ??[39m
                [33mstyle[39m=[32m"width: 32px; height: 32px; border-radius: 50%; background: none; cursor: pointer;
 font-size: 16px; color: var(--color-text-secondary); display: flex; align-items: center; justify-content: center;"[39
m
              [36m>[39m
                [0m?[0m
              [36m</button>[39m
              [36m<button[39m
                [33maria-label[39m=[32m"?ㅼ쓬 ??[39m
                [33mstyle[39m=[32m"width: 32px; height: 32px; border-radius: 50%; background: none; cursor: pointer;
 font-size: 16px; color: var(--color-text-secondary); display: flex; align-items: center; justify-content: center;"[39
m
              [36m>[39m
                [0m??[0m
              [36m</button>[39m
            [36m</div>[39m
          [36m</div>[39m
          [36m<div[39m
            [33mstyle[39m=[32m"display: grid; grid-template-columns: repeat(7, 1fr); border-bottom: 1px solid var(--
color-border);"[39m
          [36m>[39m
            [36m<div[39m
              [33mstyle[39m=[32m"text-align: center; padding: 8px 0px; font-size: 12px; font-weight: 600; color: rgb
(213, 0, 0);"[39m
            [36m>[39m
              [0m??[0m
            [36m</div>[39m
            [36m<div[39m
              [33mstyle[39m=[32m"text-align: center; padding: 8px 0px; font-size: 12px; font-weight: 600; color: var
(--color-text-secondary);"[39m
            [36m>[39m
              [0m??[0m
            [36m</div>[39m
            [36m<div[39m
              [33mstyle[39m=[32m"text-align: center; padding: 8px 0px; font-size: 12px; font-weight: 600; color: var
(--color-text-secondary);"[39m
            [36m>[39m
              [0m??[0m
            [36m</div>[39m
            [36m<div[39m
              [33mstyle[39m=[32m"text-align: center; padding: 8px 0px; font-size: 12px; font-weight: 600; color: var
(--color-text-secondary);"[39m
            [36m>[39m
              [0m??[0m
            [36m</div>[39m
            [36m<div[39m
              [33mstyle[39m=[32m"text-align: center; padding: 8px 0px; font-size: 12px; font-weight: 600; color: var
(--color-text-secondary);"[39m
            [36m>[39m
              [0m紐?[0m
            [36m</div>[39m
            [36m<div[39m
              [33mstyle[39m=[32m"text-align: center; padding: 8px 0px; font-size: 12px; font-weight: 600; color: var
(--color-text-secondary);"[39m
            [36m>[39m
              [0m湲?[0m
            [36m</div>[39m
            [36m<div[39m
              [33mstyle[39m=[32m"text-align: center; padding: 8px 0px; font-size: 12px; font-weight: 600; color: rgb
(3, 155, 229);"[39m
            [36m>[39m
              [0m??[0m
            [36m</div>[39m
          [36m</div>[39m
          [36m<div[39m
            [33mstyle[39m=[32m"display: grid; grid-template-columns: repeat(7, 1fr);"[39m
          [36m>[39m
            [36m<div[39m
              [33mstyle[39m=[32m"min-height: 80px; background-color: rgb(248, 249, 250);"[39m
   ...
[90m [2m??[22m Object.getElementError node_modules/@testing-library/dom/dist/config.js:[2m37:19[22m[39m
[90m [2m??[22m node_modules/@testing-library/dom/dist/query-helpers.js:[2m76:38[22m[39m
[90m [2m??[22m node_modules/@testing-library/dom/dist/query-helpers.js:[2m52:17[22m[39m
[90m [2m??[22m node_modules/@testing-library/dom/dist/query-helpers.js:[2m95:19[22m[39m
[36m [2m??[22m src/test/todo.feature.test.tsx:[2m490:19[22m[39m
    [90m488| [39m  [34mit[39m([32m'?섏씠吏 ?쒕ぉ怨??좎씪 異붽? 踰꾪듉???뚮뜑留곷맂??[39m[33m,[39m [35masync[39m () [33m=>[39
m {
    [90m489| [39m    [34mrender[39m([33m<[39m[33mTodoListPage[39m [33m/[39m[33m>[39m[33m,[39m { wrapper[
33m:[39m [34mmakeWrapper[39m() })
    [90m490| [39m    [34mexpect[39m(screen[33m.[39m[34mgetByText[39m([32m'?좎씪 紐⑸줉'[39m))[33m.[39m[34mtoBeI
nTheDocument[39m()
    [90m   | [39m                  [31m^[39m
    [90m491| [39m    expect(screen.getByRole('button', { name: '+ ?좎씪 異붽?' })).toBeInTheD??    [90m492| [39m  })

[31m[2m??렞??렞??렞??렞??렞??렞??렞??렞??렞??렞??렞??8/14]??[22m[39m

[41m[1m FAIL [22m[49m src/test/todo.feature.test.tsx[2m > [22mTodoListPage[2m > [22m?좎씪 紐⑸줉??濡쒕뱶?섏뼱 ?쒖떆?쒕떎
[31m[1mTestingLibraryElementError[22m[39m: Found multiple elements with the text: ? 誘명똿 ?먮즺 以鍮?
Here are the matching elements:

Ignored nodes: comments, script, style
[36m<div[39m
  [33mstyle[39m=[32m"font-size: 11px; padding: 1px 4px; border-radius: 3px; background-color: rgb(230, 124, 115); co
lor: rgb(255, 255, 255); overflow: hidden; text-overflow: ellipsis; white-space: nowrap; margin-top: 2px; line-height: 
1.4; text-decoration: none; opacity: 1;"[39m
  [33mtitle[39m=[32m"? 誘명똿 ?먮즺 以鍮?[39m
[36m>[39m
  [0m? 誘명똿 ?먮즺 以鍮?[0m
[36m</div>[39m

Ignored nodes: comments, script, style
[36m<p[39m
  [33mstyle[39m=[32m"font-size: 14px; font-weight: 500; color: var(--color-text-primary); text-decoration: none; mar
gin-bottom: 4px; word-break: break-word;"[39m
[36m>[39m
  [0m? 誘명똿 ?먮즺 以鍮?[0m
[36m</p>[39m

(If this is intentional, then use the `*AllBy*` variant of the query (like `queryAllByText`, `getAllByText`, or `findAl
lByText`)).

Ignored nodes: comments, script, style
[36m<body>[39m
  [36m<div>[39m
    [36m<div[39m
      [33mstyle[39m=[32m"min-height: 100vh; background-color: var(--color-surface); padding-bottom: 60px;"[39m
    [36m>[39m
      [36m<header[39m
        [33mstyle[39m=[32m"background-color: rgb(255, 255, 255); border-bottom: 1px solid var(--color-border); paddi
ng: 12px 16px; display: flex; align-items: center; justify-content: space-between; position: sticky; top: 0px; z-index:
 100;"[39m
      [36m>[39m
        [36m<span[39m
          [33mstyle[39m=[32m"font-size: 20px; font-weight: 600; letter-spacing: -0.3px;"[39m
        [36m>[39m
          [0mTodoList[0m
        [36m</span>[39m
        [36m<button[39m
          [33mstyle[39m=[32m"display: inline-flex; align-items: center; justify-content: center; gap: 6px; padding: 
8px 16px; border-radius: 4px; font-size: 14px; font-weight: 500; cursor: pointer; opacity: 1; transition: opacity 0.2s;
 background-color: rgb(255, 255, 255); color: var(--color-text-primary); border: 1px solid var(--color-border);"[39m
        [36m>[39m
          [0m濡쒓렇?꾩썐[0m
        [36m</button>[39m
      [36m</header>[39m
      [36m<main[39m
        [33mstyle[39m=[32m"max-width: 720px; margin: 0px auto; padding: 12px 16px;"[39m
      [36m>[39m
        [36m<div[39m
          [33mstyle[39m=[32m"display: flex; align-items: center; justify-content: space-between; margin-bottom: 12px
;"[39m
        [36m>[39m
          [36m<h1[39m
            [33mstyle[39m=[32m"font-size: 18px; font-weight: 600;"[39m
          [36m>[39m
            [0m?쇱젙 罹섎┛??[0m
          [36m</h1>[39m
          [36m<div[39m
            [33mstyle[39m=[32m"display: flex; gap: 4px; border: 1px solid var(--color-border); border-radius: 6px; o
verflow: hidden;"[39m
          [36m>[39m
            [36m<button[39m
              [33mstyle[39m=[32m"padding: 6px 14px; cursor: pointer; font-size: 13px; font-weight: 500; background: 
var(--color-brand-blue); color: rgb(255, 255, 255);"[39m
            [36m>[39m
              [0m罹섎┛??[0m
            [36m</button>[39m
            [36m<button[39m
              [33mstyle[39m=[32m"padding: 6px 14px; cursor: pointer; font-size: 13px; font-weight: 500; background: 
transparent; color: var(--color-text-secondary);"[39m
            [36m>[39m
              [0m紐⑸줉[0m
            [36m</button>[39m
          [36m</div>[39m
        [36m</div>[39m
        [36m<div[39m
          [33mstyle[39m=[32m"background-color: rgb(255, 255, 255); border: 1px solid var(--color-border); border-rad
ius: 10px; overflow: hidden; box-shadow: 0 1px 4px rgba(0,0,0,0.06);"[39m
        [36m>[39m
          [36m<div[39m
            [33mstyle[39m=[32m"display: flex; align-items: center; justify-content: space-between; padding: 14px 16p
x; border-bottom: 1px solid var(--color-border);"[39m
          [36m>[39m
            [36m<div[39m
              [33mstyle[39m=[32m"display: flex; align-items: center; gap: 10px;"[39m
            [36m>[39m
              [36m<span[39m
                [33mstyle[39m=[32m"font-size: 18px; font-weight: 600; color: var(--color-text-primary); letter-spaci
ng: -0.3px;"[39m
              [36m>[39m
                [0m2026[0m
                [0m??[0m
                [0m5[0m
                [0m??[0m
              [36m</span>[39m
              [36m<button[39m
                [33mstyle[39m=[32m"padding: 4px 12px; border: 1px solid var(--color-border); border-radius: 4px; bac
kground: rgb(255, 255, 255); font-size: 13px; color: var(--color-brand-blue); cursor: pointer; font-weight: 500;"[39m
              [36m>[39m
                [0m?ㅻ뒛[0m
              [36m</button>[39m
            [36m</div>[39m
            [36m<div[39m
              [33mstyle[39m=[32m"display: flex; gap: 2px;"[39m
            [36m>[39m
              [36m<button[39m
                [33maria-label[39m=[32m"?댁쟾 ??[39m
                [33mstyle[39m=[32m"width: 32px; height: 32px; border-radius: 50%; background: none; cursor: pointer;
 font-size: 16px; color: var(--color-text-secondary); display: flex; align-items: center; justify-content: center;"[39
m
              [36m>[39m
                [0m?[0m
              [36m</button>[39m
              [36m<button[39m
                [33maria-label[39m=[32m"?ㅼ쓬 ??[39m
                [33mstyle[39m=[32m"width: 32px; height: 32px; border-radius: 50%; background: none; cursor: pointer;
 font-size: 16px; color: var(--color-text-secondary); display: flex; align-items: center; justify-content: center;"[39
m
              [36m>[39m
                [0m??[0m
              [36m</button>[39m
            [36m</div>[39m
          [36m</div>[39m
          [36m<div[39m
            [33mstyle[39m=[32m"display: grid; grid-template-columns: repeat(7, 1fr); border-bottom: 1px solid var(--
color-border);"[39m
          [36m>[39m
            [36m<div[39m
              [33mstyle[39m=[32m"text-align: center; padding: 8px 0px; font-size: 12px; font-weight: 600; color: rgb
(213, 0, 0);"[39m
            [36m>[39m
              [0m??[0m
            [36m</div>[39m
            [36m<div[39m
              [33mstyle[39m=[32m"text-align: center; padding: 8px 0px; font-size: 12px; font-weight: 600; color: var
(--color-text-secondary);"[39m
            [36m>[39m
              [0m??[0m
            [36m</div>[39m
            [36m<div[39m
              [33mstyle[39m=[32m"text-align: center; padding: 8px 0px; font-size: 12px; font-weight: 600; color: var
(--color-text-secondary);"[39m
            [36m>[39m
              [0m??[0m
            [36m</div>[39m
            [36m<div[39m
              [33mstyle[39m=[32m"text-align: center; padding: 8px 0px; font-size: 12px; font-weight: 600; color: var
(--color-text-secondary);"[39m
            [36m>[39m
              [0m??[0m
            [36m</div>[39m
            [36m<div[39m
              [33mstyle[39m=[32m"text-align: center; padding: 8px 0px; font-size: 12px; font-weight: 600; color: var
(--color-text-secondary);"[39m
            [36m>[39m
              [0m紐?[0m
            [36m</div>[39m
            [36m<div[39m
              [33mstyle[39m=[32m"text-align: center; padding: 8px 0px; font-size: 12px; font-weight: 600; color: var
(--color-text-secondary);"[39m
            [36m>[39m
              [0m湲?[0m
            [36m</div>[39m
            [36m<div[39m
              [33mstyle[39m=[32m"text-align: center; padding: 8px 0px; font-size: 12px; font-weight: 600; color: rgb
(3, 155, 229);"[39m
            [36m>[39m
              [0m??[0m
            [36m</div>[39m
          [36m</div>[39m
          [36m<div[39m
            [33mstyle[39m=[32m"display: grid; grid-template-columns: repeat(7, 1fr);"[39m
          [36m>[39m
            [36m<div[39m
              [33mstyle[39m=[32m"min-height: 80px; background-color: rgb(248, 249, 250);"[39m
   ...

Ignored nodes: comments, script, style
[36m<html>[39m
  [36m<head />[39m
  [36m<body>[39m
    [36m<div>[39m
      [36m<div[39m
        [33mstyle[39m=[32m"min-height: 100vh; background-color: var(--color-surface); padding-bottom: 60px;"[39m
      [36m>[39m
        [36m<header[39m
          [33mstyle[39m=[32m"background-color: rgb(255, 255, 255); border-bottom: 1px solid var(--color-border); pad
ding: 12px 16px; display: flex; align-items: center; justify-content: space-between; position: sticky; top: 0px; z-inde
x: 100;"[39m
        [36m>[39m
          [36m<span[39m
            [33mstyle[39m=[32m"font-size: 20px; font-weight: 600; letter-spacing: -0.3px;"[39m
          [36m>[39m
            [0mTodoList[0m
          [36m</span>[39m
          [36m<button[39m
            [33mstyle[39m=[32m"display: inline-flex; align-items: center; justify-content: center; gap: 6px; padding
: 8px 16px; border-radius: 4px; font-size: 14px; font-weight: 500; cursor: pointer; opacity: 1; transition: opacity 0.2
s; background-color: rgb(255, 255, 255); color: var(--color-text-primary); border: 1px solid var(--color-border);"[39m
          [36m>[39m
            [0m濡쒓렇?꾩썐[0m
          [36m</button>[39m
        [36m</header>[39m
        [36m<main[39m
          [33mstyle[39m=[32m"max-width: 720px; margin: 0px auto; padding: 12px 16px;"[39m
        [36m>[39m
          [36m<div[39m
            [33mstyle[39m=[32m"display: flex; align-items: center; justify-content: space-between; margin-bottom: 12
px;"[39m
          [36m>[39m
            [36m<h1[39m
              [33mstyle[39m=[32m"font-size: 18px; font-weight: 600;"[39m
            [36m>[39m
              [0m?쇱젙 罹섎┛??[0m
            [36m</h1>[39m
            [36m<div[39m
              [33mstyle[39m=[32m"display: flex; gap: 4px; border: 1px solid var(--color-border); border-radius: 6px;
 overflow: hidden;"[39m
            [36m>[39m
              [36m<button[39m
                [33mstyle[39m=[32m"padding: 6px 14px; cursor: pointer; font-size: 13px; font-weight: 500; background
: var(--color-brand-blue); color: rgb(255, 255, 255);"[39m
              [36m>[39m
                [0m罹섎┛??[0m
              [36m</button>[39m
              [36m<button[39m
                [33mstyle[39m=[32m"padding: 6px 14px; cursor: pointer; font-size: 13px; font-weight: 500; background
: transparent; color: var(--color-text-secondary);"[39m
              [36m>[39m
                [0m紐⑸줉[0m
              [36m</button>[39m
            [36m</div>[39m
          [36m</div>[39m
          [36m<div[39m
            [33mstyle[39m=[32m"background-color: rgb(255, 255, 255); border: 1px solid var(--color-border); border-r
adius: 10px; overflow: hidden; box-shadow: 0 1px 4px rgba(0,0,0,0.06);"[39m
          [36m>[39m
            [36m<div[39m
              [33mstyle[39m=[32m"display: flex; align-items: center; justify-content: space-between; padding: 14px 1
6px; border-bottom: 1px solid var(--color-border);"[39m
            [36m>[39m
              [36m<div[39m
                [33mstyle[39m=[32m"display: flex; align-items: center; gap: 10px;"[39m
              [36m>[39m
                [36m<span[39m
                  [33mstyle[39m=[32m"font-size: 18px; font-weight: 600; color: var(--color-text-primary); letter-spa
cing: -0.3px;"[39m
                [36m>[39m
                  [0m2026[0m
                  [0m??[0m
                  [0m5[0m
                  [0m??[0m
                [36m</span>[39m
                [36m<button[39m
                  [33mstyle[39m=[32m"padding: 4px 12px; border: 1px solid var(--color-border); border-radius: 4px; b
ackground: rgb(255, 255, 255); font-size: 13px; color: var(--color-brand-blue); cursor: pointer; font-weight: 500;"[39
m
                [36m>[39m
                  [0m?ㅻ뒛[0m
                [36m</button>[39m
              [36m</div>[39m
              [36m<div[39m
                [33mstyle[39m=[32m"display: flex; gap: 2px;"[39m
              [36m>[39m
                [36m<button[39m
                  [33maria-label[39m=[32m"?댁쟾 ??[39m
                  [33mstyle[39m=[32m"width: 32px; height: 32px; border-radius: 50%; background: none; cursor: pointe
r; font-size: 16px; color: var(--color-text-secondary); display: flex; align-items: center; justify-content: center;"[
39m
                [36m>[39m
                  [0m?[0m
                [36m</button>[39m
                [36m<button[39m
                  [33maria-label[39m=[32m"?ㅼ쓬 ??[39m
                  [33mstyle[39m=[32m"width: 32px; height: 32px; border-radius: 50%; background: none; cursor: pointe
r; font-size: 16px; color: var(--color-text-secondary); display: flex; align-items: center; justify-content: center;"[
39m
                [36m>[39m
                  [0m??[0m
                [36m</button>[39m
              [36m</div>[39m
            [36m</div>[39m
            [36m<div[39m
              [33mstyle[39m=[32m"display: grid; grid-template-columns: repeat(7, 1fr); border-bottom: 1px solid var(
--color-border);"[39m
            [36m>[39m
              [36m<div[39m
                [33mstyle[39m=[32m"text-align: center; padding: 8px 0px; font-size: 12px; font-weight: 600; color: r
gb(213, 0, 0);"[39m
              [36m>[39m
                [0m??[0m
              [36m</div>[39m
              [36m<div[39m
                [33mstyle[39m=[32m"text-align: center; padding: 8px 0px; font-size: 12px; font-weight: 600; color: v
ar(--color-text-secondary);"[39m
              [36m>[39m
                [0m??[0m
              [36m</div>[39m
              [36m<div[39m
                [33mstyle[39m=[32m"text-align: center; padding: 8px 0px; font-size: 12px; font-weight: 600; color: v
ar(--color-text-secondary);"[39m
              [36m>[39m
                [0m??[0m
              [36m</div>[39m
              [36m<div[39m
                [33mstyle[39m=[32m"text-align: center; padding: 8px 0px; font-size: 12px; font-weight: 600; color: v
ar(--color-text-secondary);"[39m
              [36m>[39m
                [0m??[0m
              [36m</div>[39m
              [36m<div[39m
                [33mstyle[39m=[32m"text-align: center; padding: 8px 0px; font-size: 12px; font-weight: 600; color: v
ar(--color-text-secondary);"[39m
              [36m>[39m
                [0m紐?[0m
              [36m</div>[39m
              [36m<div[39m
                [33mstyle[39m=[32m"text-align: center; padding: 8px 0px; font-size: 12px; font-weight: 600; color: v
ar(--color-text-secondary);"[39m
              [36m>[39m
                [0m湲?[0m
              [36m</div>[39m
              [36m<div[39m
                [33mstyle[39m=[32m"text-align: center; padding: 8px 0px; font-size: 12px; font-weight: 600; color: r
gb(3, 155, 229);"[39m
              [36m>[39m
                [0m??[0m
              [36m</div>[39m
            ...
[90m [2m??[22m Proxy.waitForWrapper node_modules/@testing-library/dom/dist/wait-for.js:[2m163:27[22m[39m
[36m [2m??[22m src/test/todo.feature.test.tsx:[2m496:11[22m[39m
    [90m494| [39m  [34mit[39m([32m'?좎씪 紐⑸줉??濡쒕뱶?섏뼱 ?쒖떆?쒕떎'[39m[33m,[39m [35masync[39m () [33m=>[39m {
    [90m495| [39m    [34mrender[39m([33m<[39m[33mTodoListPage[39m [33m/[39m[33m>[39m[33m,[39m { wrapper[
33m:[39m [34mmakeWrapper[39m() })
    [90m496| [39m    await waitFor(() => expect(screen.getByText('? 誘명똿 ?먮즺 以鍮?)).toBeInT??    [90m   | [39m     
     [31m^[39m
    [90m497| [39m  })
    [90m498| [39m

[31m[2m??렞??렞??렞??렞??렞??렞??렞??렞??렞??렞??렞??9/14]??[22m[39m

[41m[1m FAIL [22m[49m src/test/todo.feature.test.tsx[2m > [22mTodoListPage[2m > [22m?좎씪 紐⑸줉??鍮꾩뼱 ?덉쑝硫?鍮??곹깭 硫붿떆
吏媛 ?쒖떆?쒕떎
[31m[1mTestingLibraryElementError[22m[39m: Unable to find an element with the text: ?깅줉???좎씪???놁뒿?덈떎.. This could b
e because the text is broken up by multiple elements. In this case, you can provide a function for your text matcher to
 make your matcher more flexible.

Ignored nodes: comments, script, style
[36m<body>[39m
  [36m<div>[39m
    [36m<div[39m
      [33mstyle[39m=[32m"min-height: 100vh; background-color: var(--color-surface); padding-bottom: 60px;"[39m
    [36m>[39m
      [36m<header[39m
        [33mstyle[39m=[32m"background-color: rgb(255, 255, 255); border-bottom: 1px solid var(--color-border); paddi
ng: 12px 16px; display: flex; align-items: center; justify-content: space-between; position: sticky; top: 0px; z-index:
 100;"[39m
      [36m>[39m
        [36m<span[39m
          [33mstyle[39m=[32m"font-size: 20px; font-weight: 600; letter-spacing: -0.3px;"[39m
        [36m>[39m
          [0mTodoList[0m
        [36m</span>[39m
        [36m<button[39m
          [33mstyle[39m=[32m"display: inline-flex; align-items: center; justify-content: center; gap: 6px; padding: 
8px 16px; border-radius: 4px; font-size: 14px; font-weight: 500; cursor: pointer; opacity: 1; transition: opacity 0.2s;
 background-color: rgb(255, 255, 255); color: var(--color-text-primary); border: 1px solid var(--color-border);"[39m
        [36m>[39m
          [0m濡쒓렇?꾩썐[0m
        [36m</button>[39m
      [36m</header>[39m
      [36m<main[39m
        [33mstyle[39m=[32m"max-width: 720px; margin: 0px auto; padding: 12px 16px;"[39m
      [36m>[39m
        [36m<div[39m
          [33mstyle[39m=[32m"display: flex; align-items: center; justify-content: space-between; margin-bottom: 12px
;"[39m
        [36m>[39m
          [36m<h1[39m
            [33mstyle[39m=[32m"font-size: 18px; font-weight: 600;"[39m
          [36m>[39m
            [0m?쇱젙 罹섎┛??[0m
          [36m</h1>[39m
          [36m<div[39m
            [33mstyle[39m=[32m"display: flex; gap: 4px; border: 1px solid var(--color-border); border-radius: 6px; o
verflow: hidden;"[39m
          [36m>[39m
            [36m<button[39m
              [33mstyle[39m=[32m"padding: 6px 14px; cursor: pointer; font-size: 13px; font-weight: 500; background: 
var(--color-brand-blue); color: rgb(255, 255, 255);"[39m
            [36m>[39m
              [0m罹섎┛??[0m
            [36m</button>[39m
            [36m<button[39m
              [33mstyle[39m=[32m"padding: 6px 14px; cursor: pointer; font-size: 13px; font-weight: 500; background: 
transparent; color: var(--color-text-secondary);"[39m
            [36m>[39m
              [0m紐⑸줉[0m
            [36m</button>[39m
          [36m</div>[39m
        [36m</div>[39m
        [36m<div[39m
          [33mstyle[39m=[32m"background-color: rgb(255, 255, 255); border: 1px solid var(--color-border); border-rad
ius: 10px; overflow: hidden; box-shadow: 0 1px 4px rgba(0,0,0,0.06);"[39m
        [36m>[39m
          [36m<div[39m
            [33mstyle[39m=[32m"display: flex; align-items: center; justify-content: space-between; padding: 14px 16p
x; border-bottom: 1px solid var(--color-border);"[39m
          [36m>[39m
            [36m<div[39m
              [33mstyle[39m=[32m"display: flex; align-items: center; gap: 10px;"[39m
            [36m>[39m
              [36m<span[39m
                [33mstyle[39m=[32m"font-size: 18px; font-weight: 600; color: var(--color-text-primary); letter-spaci
ng: -0.3px;"[39m
              [36m>[39m
                [0m2026[0m
                [0m??[0m
                [0m5[0m
                [0m??[0m
              [36m</span>[39m
              [36m<button[39m
                [33mstyle[39m=[32m"padding: 4px 12px; border: 1px solid var(--color-border); border-radius: 4px; bac
kground: rgb(255, 255, 255); font-size: 13px; color: var(--color-brand-blue); cursor: pointer; font-weight: 500;"[39m
              [36m>[39m
                [0m?ㅻ뒛[0m
              [36m</button>[39m
            [36m</div>[39m
            [36m<div[39m
              [33mstyle[39m=[32m"display: flex; gap: 2px;"[39m
            [36m>[39m
              [36m<button[39m
                [33maria-label[39m=[32m"?댁쟾 ??[39m
                [33mstyle[39m=[32m"width: 32px; height: 32px; border-radius: 50%; background: none; cursor: pointer;
 font-size: 16px; color: var(--color-text-secondary); display: flex; align-items: center; justify-content: center;"[39
m
              [36m>[39m
                [0m?[0m
              [36m</button>[39m
              [36m<button[39m
                [33maria-label[39m=[32m"?ㅼ쓬 ??[39m
                [33mstyle[39m=[32m"width: 32px; height: 32px; border-radius: 50%; background: none; cursor: pointer;
 font-size: 16px; color: var(--color-text-secondary); display: flex; align-items: center; justify-content: center;"[39
m
              [36m>[39m
                [0m??[0m
              [36m</button>[39m
            [36m</div>[39m
          [36m</div>[39m
          [36m<div[39m
            [33mstyle[39m=[32m"display: grid; grid-template-columns: repeat(7, 1fr); border-bottom: 1px solid var(--
color-border);"[39m
          [36m>[39m
            [36m<div[39m
              [33mstyle[39m=[32m"text-align: center; padding: 8px 0px; font-size: 12px; font-weight: 600; color: rgb
(213, 0, 0);"[39m
            [36m>[39m
              [0m??[0m
            [36m</div>[39m
            [36m<div[39m
              [33mstyle[39m=[32m"text-align: center; padding: 8px 0px; font-size: 12px; font-weight: 600; color: var
(--color-text-secondary);"[39m
            [36m>[39m
              [0m??[0m
            [36m</div>[39m
            [36m<div[39m
              [33mstyle[39m=[32m"text-align: center; padding: 8px 0px; font-size: 12px; font-weight: 600; color: var
(--color-text-secondary);"[39m
            [36m>[39m
              [0m??[0m
            [36m</div>[39m
            [36m<div[39m
              [33mstyle[39m=[32m"text-align: center; padding: 8px 0px; font-size: 12px; font-weight: 600; color: var
(--color-text-secondary);"[39m
            [36m>[39m
              [0m??[0m
            [36m</div>[39m
            [36m<div[39m
              [33mstyle[39m=[32m"text-align: center; padding: 8px 0px; font-size: 12px; font-weight: 600; color: var
(--color-text-secondary);"[39m
            [36m>[39m
              [0m紐?[0m
            [36m</div>[39m
            [36m<div[39m
              [33mstyle[39m=[32m"text-align: center; padding: 8px 0px; font-size: 12px; font-weight: 600; color: var
(--color-text-secondary);"[39m
            [36m>[39m
              [0m湲?[0m
            [36m</div>[39m
            [36m<div[39m
              [33mstyle[39m=[32m"text-align: center; padding: 8px 0px; font-size: 12px; font-weight: 600; color: rgb
(3, 155, 229);"[39m
            [36m>[39m
              [0m??[0m
            [36m</div>[39m
          [36m</div>[39m
          [36m<div[39m
            [33mstyle[39m=[32m"display: grid; grid-template-columns: repeat(7, 1fr);"[39m
          [36m>[39m
            [36m<div[39m
              [33mstyle[39m=[32m"min-height: 80px; background-color: rgb(248, 249, 250);"[39m
   ...

Ignored nodes: comments, script, style
[36m<html>[39m
  [36m<head />[39m
  [36m<body>[39m
    [36m<div>[39m
      [36m<div[39m
        [33mstyle[39m=[32m"min-height: 100vh; background-color: var(--color-surface); padding-bottom: 60px;"[39m
      [36m>[39m
        [36m<header[39m
          [33mstyle[39m=[32m"background-color: rgb(255, 255, 255); border-bottom: 1px solid var(--color-border); pad
ding: 12px 16px; display: flex; align-items: center; justify-content: space-between; position: sticky; top: 0px; z-inde
x: 100;"[39m
        [36m>[39m
          [36m<span[39m
            [33mstyle[39m=[32m"font-size: 20px; font-weight: 600; letter-spacing: -0.3px;"[39m
          [36m>[39m
            [0mTodoList[0m
          [36m</span>[39m
          [36m<button[39m
            [33mstyle[39m=[32m"display: inline-flex; align-items: center; justify-content: center; gap: 6px; padding
: 8px 16px; border-radius: 4px; font-size: 14px; font-weight: 500; cursor: pointer; opacity: 1; transition: opacity 0.2
s; background-color: rgb(255, 255, 255); color: var(--color-text-primary); border: 1px solid var(--color-border);"[39m
          [36m>[39m
            [0m濡쒓렇?꾩썐[0m
          [36m</button>[39m
        [36m</header>[39m
        [36m<main[39m
          [33mstyle[39m=[32m"max-width: 720px; margin: 0px auto; padding: 12px 16px;"[39m
        [36m>[39m
          [36m<div[39m
            [33mstyle[39m=[32m"display: flex; align-items: center; justify-content: space-between; margin-bottom: 12
px;"[39m
          [36m>[39m
            [36m<h1[39m
              [33mstyle[39m=[32m"font-size: 18px; font-weight: 600;"[39m
            [36m>[39m
              [0m?쇱젙 罹섎┛??[0m
            [36m</h1>[39m
            [36m<div[39m
              [33mstyle[39m=[32m"display: flex; gap: 4px; border: 1px solid var(--color-border); border-radius: 6px;
 overflow: hidden;"[39m
            [36m>[39m
              [36m<button[39m
                [33mstyle[39m=[32m"padding: 6px 14px; cursor: pointer; font-size: 13px; font-weight: 500; background
: var(--color-brand-blue); color: rgb(255, 255, 255);"[39m
              [36m>[39m
                [0m罹섎┛??[0m
              [36m</button>[39m
              [36m<button[39m
                [33mstyle[39m=[32m"padding: 6px 14px; cursor: pointer; font-size: 13px; font-weight: 500; background
: transparent; color: var(--color-text-secondary);"[39m
              [36m>[39m
                [0m紐⑸줉[0m
              [36m</button>[39m
            [36m</div>[39m
          [36m</div>[39m
          [36m<div[39m
            [33mstyle[39m=[32m"background-color: rgb(255, 255, 255); border: 1px solid var(--color-border); border-r
adius: 10px; overflow: hidden; box-shadow: 0 1px 4px rgba(0,0,0,0.06);"[39m
          [36m>[39m
            [36m<div[39m
              [33mstyle[39m=[32m"display: flex; align-items: center; justify-content: space-between; padding: 14px 1
6px; border-bottom: 1px solid var(--color-border);"[39m
            [36m>[39m
              [36m<div[39m
                [33mstyle[39m=[32m"display: flex; align-items: center; gap: 10px;"[39m
              [36m>[39m
                [36m<span[39m
                  [33mstyle[39m=[32m"font-size: 18px; font-weight: 600; color: var(--color-text-primary); letter-spa
cing: -0.3px;"[39m
                [36m>[39m
                  [0m2026[0m
                  [0m??[0m
                  [0m5[0m
                  [0m??[0m
                [36m</span>[39m
                [36m<button[39m
                  [33mstyle[39m=[32m"padding: 4px 12px; border: 1px solid var(--color-border); border-radius: 4px; b
ackground: rgb(255, 255, 255); font-size: 13px; color: var(--color-brand-blue); cursor: pointer; font-weight: 500;"[39
m
                [36m>[39m
                  [0m?ㅻ뒛[0m
                [36m</button>[39m
              [36m</div>[39m
              [36m<div[39m
                [33mstyle[39m=[32m"display: flex; gap: 2px;"[39m
              [36m>[39m
                [36m<button[39m
                  [33maria-label[39m=[32m"?댁쟾 ??[39m
                  [33mstyle[39m=[32m"width: 32px; height: 32px; border-radius: 50%; background: none; cursor: pointe
r; font-size: 16px; color: var(--color-text-secondary); display: flex; align-items: center; justify-content: center;"[
39m
                [36m>[39m
                  [0m?[0m
                [36m</button>[39m
                [36m<button[39m
                  [33maria-label[39m=[32m"?ㅼ쓬 ??[39m
                  [33mstyle[39m=[32m"width: 32px; height: 32px; border-radius: 50%; background: none; cursor: pointe
r; font-size: 16px; color: var(--color-text-secondary); display: flex; align-items: center; justify-content: center;"[
39m
                [36m>[39m
                  [0m??[0m
                [36m</button>[39m
              [36m</div>[39m
            [36m</div>[39m
            [36m<div[39m
              [33mstyle[39m=[32m"display: grid; grid-template-columns: repeat(7, 1fr); border-bottom: 1px solid var(
--color-border);"[39m
            [36m>[39m
              [36m<div[39m
                [33mstyle[39m=[32m"text-align: center; padding: 8px 0px; font-size: 12px; font-weight: 600; color: r
gb(213, 0, 0);"[39m
              [36m>[39m
                [0m??[0m
              [36m</div>[39m
              [36m<div[39m
                [33mstyle[39m=[32m"text-align: center; padding: 8px 0px; font-size: 12px; font-weight: 600; color: v
ar(--color-text-secondary);"[39m
              [36m>[39m
                [0m??[0m
              [36m</div>[39m
              [36m<div[39m
                [33mstyle[39m=[32m"text-align: center; padding: 8px 0px; font-size: 12px; font-weight: 600; color: v
ar(--color-text-secondary);"[39m
              [36m>[39m
                [0m??[0m
              [36m</div>[39m
              [36m<div[39m
                [33mstyle[39m=[32m"text-align: center; padding: 8px 0px; font-size: 12px; font-weight: 600; color: v
ar(--color-text-secondary);"[39m
              [36m>[39m
                [0m??[0m
              [36m</div>[39m
              [36m<div[39m
                [33mstyle[39m=[32m"text-align: center; padding: 8px 0px; font-size: 12px; font-weight: 600; color: v
ar(--color-text-secondary);"[39m
              [36m>[39m
                [0m紐?[0m
              [36m</div>[39m
              [36m<div[39m
                [33mstyle[39m=[32m"text-align: center; padding: 8px 0px; font-size: 12px; font-weight: 600; color: v
ar(--color-text-secondary);"[39m
              [36m>[39m
                [0m湲?[0m
              [36m</div>[39m
              [36m<div[39m
                [33mstyle[39m=[32m"text-align: center; padding: 8px 0px; font-size: 12px; font-weight: 600; color: r
gb(3, 155, 229);"[39m
              [36m>[39m
                [0m??[0m
              [36m</div>[39m
            ...
[90m [2m??[22m Proxy.waitForWrapper node_modules/@testing-library/dom/dist/wait-for.js:[2m163:27[22m[39m
[36m [2m??[22m src/test/todo.feature.test.tsx:[2m508:11[22m[39m
    [90m506| [39m    vi[33m.[39m[34mmocked[39m(todoApi[33m.[39mgetTodos)[33m.[39m[34mmockResolvedValue[39m(
[])
    [90m507| [39m    [34mrender[39m([33m<[39m[33mTodoListPage[39m [33m/[39m[33m>[39m[33m,[39m { wrapper[
33m:[39m [34mmakeWrapper[39m() })
    [90m508| [39m    await waitFor(() => expect(screen.getByText('?깅줉???좎씪???놁뒿?덈떎.')).toBe??    [90m   | [39m     
     [31m^[39m
    [90m509| [39m  })
    [90m510| [39m

[31m[2m??렞??렞??렞??렞??렞??렞??렞??렞??렞??렞??렞[10/14]??[22m[39m

[41m[1m FAIL [22m[49m src/test/todo.feature.test.tsx[2m > [22mTodoListPage[2m > [22m??젣 踰꾪듉 ?대┃ ????젣 ?뺤씤 ?ㅼ씠?쇰
줈洹멸? ?대┛??[31m[1mTestingLibraryElementError[22m[39m: Found multiple elements with the text: ? 誘명똿 ?먮즺 以鍮?
Here are the matching elements:

Ignored nodes: comments, script, style
[36m<div[39m
  [33mstyle[39m=[32m"font-size: 11px; padding: 1px 4px; border-radius: 3px; background-color: rgb(230, 124, 115); co
lor: rgb(255, 255, 255); overflow: hidden; text-overflow: ellipsis; white-space: nowrap; margin-top: 2px; line-height: 
1.4; text-decoration: none; opacity: 1;"[39m
  [33mtitle[39m=[32m"? 誘명똿 ?먮즺 以鍮?[39m
[36m>[39m
  [0m? 誘명똿 ?먮즺 以鍮?[0m
[36m</div>[39m

Ignored nodes: comments, script, style
[36m<p[39m
  [33mstyle[39m=[32m"font-size: 14px; font-weight: 500; color: var(--color-text-primary); text-decoration: none; mar
gin-bottom: 4px; word-break: break-word;"[39m
[36m>[39m
  [0m? 誘명똿 ?먮즺 以鍮?[0m
[36m</p>[39m

(If this is intentional, then use the `*AllBy*` variant of the query (like `queryAllByText`, `getAllByText`, or `findAl
lByText`)).

Ignored nodes: comments, script, style
[36m<body>[39m
  [36m<div>[39m
    [36m<div[39m
      [33mstyle[39m=[32m"min-height: 100vh; background-color: var(--color-surface); padding-bottom: 60px;"[39m
    [36m>[39m
      [36m<header[39m
        [33mstyle[39m=[32m"background-color: rgb(255, 255, 255); border-bottom: 1px solid var(--color-border); paddi
ng: 12px 16px; display: flex; align-items: center; justify-content: space-between; position: sticky; top: 0px; z-index:
 100;"[39m
      [36m>[39m
        [36m<span[39m
          [33mstyle[39m=[32m"font-size: 20px; font-weight: 600; letter-spacing: -0.3px;"[39m
        [36m>[39m
          [0mTodoList[0m
        [36m</span>[39m
        [36m<button[39m
          [33mstyle[39m=[32m"display: inline-flex; align-items: center; justify-content: center; gap: 6px; padding: 
8px 16px; border-radius: 4px; font-size: 14px; font-weight: 500; cursor: pointer; opacity: 1; transition: opacity 0.2s;
 background-color: rgb(255, 255, 255); color: var(--color-text-primary); border: 1px solid var(--color-border);"[39m
        [36m>[39m
          [0m濡쒓렇?꾩썐[0m
        [36m</button>[39m
      [36m</header>[39m
      [36m<main[39m
        [33mstyle[39m=[32m"max-width: 720px; margin: 0px auto; padding: 12px 16px;"[39m
      [36m>[39m
        [36m<div[39m
          [33mstyle[39m=[32m"display: flex; align-items: center; justify-content: space-between; margin-bottom: 12px
;"[39m
        [36m>[39m
          [36m<h1[39m
            [33mstyle[39m=[32m"font-size: 18px; font-weight: 600;"[39m
          [36m>[39m
            [0m?쇱젙 罹섎┛??[0m
          [36m</h1>[39m
          [36m<div[39m
            [33mstyle[39m=[32m"display: flex; gap: 4px; border: 1px solid var(--color-border); border-radius: 6px; o
verflow: hidden;"[39m
          [36m>[39m
            [36m<button[39m
              [33mstyle[39m=[32m"padding: 6px 14px; cursor: pointer; font-size: 13px; font-weight: 500; background: 
var(--color-brand-blue); color: rgb(255, 255, 255);"[39m
            [36m>[39m
              [0m罹섎┛??[0m
            [36m</button>[39m
            [36m<button[39m
              [33mstyle[39m=[32m"padding: 6px 14px; cursor: pointer; font-size: 13px; font-weight: 500; background: 
transparent; color: var(--color-text-secondary);"[39m
            [36m>[39m
              [0m紐⑸줉[0m
            [36m</button>[39m
          [36m</div>[39m
        [36m</div>[39m
        [36m<div[39m
          [33mstyle[39m=[32m"background-color: rgb(255, 255, 255); border: 1px solid var(--color-border); border-rad
ius: 10px; overflow: hidden; box-shadow: 0 1px 4px rgba(0,0,0,0.06);"[39m
        [36m>[39m
          [36m<div[39m
            [33mstyle[39m=[32m"display: flex; align-items: center; justify-content: space-between; padding: 14px 16p
x; border-bottom: 1px solid var(--color-border);"[39m
          [36m>[39m
            [36m<div[39m
              [33mstyle[39m=[32m"display: flex; align-items: center; gap: 10px;"[39m
            [36m>[39m
              [36m<span[39m
                [33mstyle[39m=[32m"font-size: 18px; font-weight: 600; color: var(--color-text-primary); letter-spaci
ng: -0.3px;"[39m
              [36m>[39m
                [0m2026[0m
                [0m??[0m
                [0m5[0m
                [0m??[0m
              [36m</span>[39m
              [36m<button[39m
                [33mstyle[39m=[32m"padding: 4px 12px; border: 1px solid var(--color-border); border-radius: 4px; bac
kground: rgb(255, 255, 255); font-size: 13px; color: var(--color-brand-blue); cursor: pointer; font-weight: 500;"[39m
              [36m>[39m
                [0m?ㅻ뒛[0m
              [36m</button>[39m
            [36m</div>[39m
            [36m<div[39m
              [33mstyle[39m=[32m"display: flex; gap: 2px;"[39m
            [36m>[39m
              [36m<button[39m
                [33maria-label[39m=[32m"?댁쟾 ??[39m
                [33mstyle[39m=[32m"width: 32px; height: 32px; border-radius: 50%; background: none; cursor: pointer;
 font-size: 16px; color: var(--color-text-secondary); display: flex; align-items: center; justify-content: center;"[39
m
              [36m>[39m
                [0m?[0m
              [36m</button>[39m
              [36m<button[39m
                [33maria-label[39m=[32m"?ㅼ쓬 ??[39m
                [33mstyle[39m=[32m"width: 32px; height: 32px; border-radius: 50%; background: none; cursor: pointer;
 font-size: 16px; color: var(--color-text-secondary); display: flex; align-items: center; justify-content: center;"[39
m
              [36m>[39m
                [0m??[0m
              [36m</button>[39m
            [36m</div>[39m
          [36m</div>[39m
          [36m<div[39m
            [33mstyle[39m=[32m"display: grid; grid-template-columns: repeat(7, 1fr); border-bottom: 1px solid var(--
color-border);"[39m
          [36m>[39m
            [36m<div[39m
              [33mstyle[39m=[32m"text-align: center; padding: 8px 0px; font-size: 12px; font-weight: 600; color: rgb
(213, 0, 0);"[39m
            [36m>[39m
              [0m??[0m
            [36m</div>[39m
            [36m<div[39m
              [33mstyle[39m=[32m"text-align: center; padding: 8px 0px; font-size: 12px; font-weight: 600; color: var
(--color-text-secondary);"[39m
            [36m>[39m
              [0m??[0m
            [36m</div>[39m
            [36m<div[39m
              [33mstyle[39m=[32m"text-align: center; padding: 8px 0px; font-size: 12px; font-weight: 600; color: var
(--color-text-secondary);"[39m
            [36m>[39m
              [0m??[0m
            [36m</div>[39m
            [36m<div[39m
              [33mstyle[39m=[32m"text-align: center; padding: 8px 0px; font-size: 12px; font-weight: 600; color: var
(--color-text-secondary);"[39m
            [36m>[39m
              [0m??[0m
            [36m</div>[39m
            [36m<div[39m
              [33mstyle[39m=[32m"text-align: center; padding: 8px 0px; font-size: 12px; font-weight: 600; color: var
(--color-text-secondary);"[39m
            [36m>[39m
              [0m紐?[0m
            [36m</div>[39m
            [36m<div[39m
              [33mstyle[39m=[32m"text-align: center; padding: 8px 0px; font-size: 12px; font-weight: 600; color: var
(--color-text-secondary);"[39m
            [36m>[39m
              [0m湲?[0m
            [36m</div>[39m
            [36m<div[39m
              [33mstyle[39m=[32m"text-align: center; padding: 8px 0px; font-size: 12px; font-weight: 600; color: rgb
(3, 155, 229);"[39m
            [36m>[39m
              [0m??[0m
            [36m</div>[39m
          [36m</div>[39m
          [36m<div[39m
            [33mstyle[39m=[32m"display: grid; grid-template-columns: repeat(7, 1fr);"[39m
          [36m>[39m
            [36m<div[39m
              [33mstyle[39m=[32m"min-height: 80px; background-color: rgb(248, 249, 250);"[39m
   ...

Ignored nodes: comments, script, style
[36m<html>[39m
  [36m<head />[39m
  [36m<body>[39m
    [36m<div>[39m
      [36m<div[39m
        [33mstyle[39m=[32m"min-height: 100vh; background-color: var(--color-surface); padding-bottom: 60px;"[39m
      [36m>[39m
        [36m<header[39m
          [33mstyle[39m=[32m"background-color: rgb(255, 255, 255); border-bottom: 1px solid var(--color-border); pad
ding: 12px 16px; display: flex; align-items: center; justify-content: space-between; position: sticky; top: 0px; z-inde
x: 100;"[39m
        [36m>[39m
          [36m<span[39m
            [33mstyle[39m=[32m"font-size: 20px; font-weight: 600; letter-spacing: -0.3px;"[39m
          [36m>[39m
            [0mTodoList[0m
          [36m</span>[39m
          [36m<button[39m
            [33mstyle[39m=[32m"display: inline-flex; align-items: center; justify-content: center; gap: 6px; padding
: 8px 16px; border-radius: 4px; font-size: 14px; font-weight: 500; cursor: pointer; opacity: 1; transition: opacity 0.2
s; background-color: rgb(255, 255, 255); color: var(--color-text-primary); border: 1px solid var(--color-border);"[39m
          [36m>[39m
            [0m濡쒓렇?꾩썐[0m
          [36m</button>[39m
        [36m</header>[39m
        [36m<main[39m
          [33mstyle[39m=[32m"max-width: 720px; margin: 0px auto; padding: 12px 16px;"[39m
        [36m>[39m
          [36m<div[39m
            [33mstyle[39m=[32m"display: flex; align-items: center; justify-content: space-between; margin-bottom: 12
px;"[39m
          [36m>[39m
            [36m<h1[39m
              [33mstyle[39m=[32m"font-size: 18px; font-weight: 600;"[39m
            [36m>[39m
              [0m?쇱젙 罹섎┛??[0m
            [36m</h1>[39m
            [36m<div[39m
              [33mstyle[39m=[32m"display: flex; gap: 4px; border: 1px solid var(--color-border); border-radius: 6px;
 overflow: hidden;"[39m
            [36m>[39m
              [36m<button[39m
                [33mstyle[39m=[32m"padding: 6px 14px; cursor: pointer; font-size: 13px; font-weight: 500; background
: var(--color-brand-blue); color: rgb(255, 255, 255);"[39m
              [36m>[39m
                [0m罹섎┛??[0m
              [36m</button>[39m
              [36m<button[39m
                [33mstyle[39m=[32m"padding: 6px 14px; cursor: pointer; font-size: 13px; font-weight: 500; background
: transparent; color: var(--color-text-secondary);"[39m
              [36m>[39m
                [0m紐⑸줉[0m
              [36m</button>[39m
            [36m</div>[39m
          [36m</div>[39m
          [36m<div[39m
            [33mstyle[39m=[32m"background-color: rgb(255, 255, 255); border: 1px solid var(--color-border); border-r
adius: 10px; overflow: hidden; box-shadow: 0 1px 4px rgba(0,0,0,0.06);"[39m
          [36m>[39m
            [36m<div[39m
              [33mstyle[39m=[32m"display: flex; align-items: center; justify-content: space-between; padding: 14px 1
6px; border-bottom: 1px solid var(--color-border);"[39m
            [36m>[39m
              [36m<div[39m
                [33mstyle[39m=[32m"display: flex; align-items: center; gap: 10px;"[39m
              [36m>[39m
                [36m<span[39m
                  [33mstyle[39m=[32m"font-size: 18px; font-weight: 600; color: var(--color-text-primary); letter-spa
cing: -0.3px;"[39m
                [36m>[39m
                  [0m2026[0m
                  [0m??[0m
                  [0m5[0m
                  [0m??[0m
                [36m</span>[39m
                [36m<button[39m
                  [33mstyle[39m=[32m"padding: 4px 12px; border: 1px solid var(--color-border); border-radius: 4px; b
ackground: rgb(255, 255, 255); font-size: 13px; color: var(--color-brand-blue); cursor: pointer; font-weight: 500;"[39
m
                [36m>[39m
                  [0m?ㅻ뒛[0m
                [36m</button>[39m
              [36m</div>[39m
              [36m<div[39m
                [33mstyle[39m=[32m"display: flex; gap: 2px;"[39m
              [36m>[39m
                [36m<button[39m
                  [33maria-label[39m=[32m"?댁쟾 ??[39m
                  [33mstyle[39m=[32m"width: 32px; height: 32px; border-radius: 50%; background: none; cursor: pointe
r; font-size: 16px; color: var(--color-text-secondary); display: flex; align-items: center; justify-content: center;"[
39m
                [36m>[39m
                  [0m?[0m
                [36m</button>[39m
                [36m<button[39m
                  [33maria-label[39m=[32m"?ㅼ쓬 ??[39m
                  [33mstyle[39m=[32m"width: 32px; height: 32px; border-radius: 50%; background: none; cursor: pointe
r; font-size: 16px; color: var(--color-text-secondary); display: flex; align-items: center; justify-content: center;"[
39m
                [36m>[39m
                  [0m??[0m
                [36m</button>[39m
              [36m</div>[39m
            [36m</div>[39m
            [36m<div[39m
              [33mstyle[39m=[32m"display: grid; grid-template-columns: repeat(7, 1fr); border-bottom: 1px solid var(
--color-border);"[39m
            [36m>[39m
              [36m<div[39m
                [33mstyle[39m=[32m"text-align: center; padding: 8px 0px; font-size: 12px; font-weight: 600; color: r
gb(213, 0, 0);"[39m
              [36m>[39m
                [0m??[0m
              [36m</div>[39m
              [36m<div[39m
                [33mstyle[39m=[32m"text-align: center; padding: 8px 0px; font-size: 12px; font-weight: 600; color: v
ar(--color-text-secondary);"[39m
              [36m>[39m
                [0m??[0m
              [36m</div>[39m
              [36m<div[39m
                [33mstyle[39m=[32m"text-align: center; padding: 8px 0px; font-size: 12px; font-weight: 600; color: v
ar(--color-text-secondary);"[39m
              [36m>[39m
                [0m??[0m
              [36m</div>[39m
              [36m<div[39m
                [33mstyle[39m=[32m"text-align: center; padding: 8px 0px; font-size: 12px; font-weight: 600; color: v
ar(--color-text-secondary);"[39m
              [36m>[39m
                [0m??[0m
              [36m</div>[39m
              [36m<div[39m
                [33mstyle[39m=[32m"text-align: center; padding: 8px 0px; font-size: 12px; font-weight: 600; color: v
ar(--color-text-secondary);"[39m
              [36m>[39m
                [0m紐?[0m
              [36m</div>[39m
              [36m<div[39m
                [33mstyle[39m=[32m"text-align: center; padding: 8px 0px; font-size: 12px; font-weight: 600; color: v
ar(--color-text-secondary);"[39m
              [36m>[39m
                [0m湲?[0m
              [36m</div>[39m
              [36m<div[39m
                [33mstyle[39m=[32m"text-align: center; padding: 8px 0px; font-size: 12px; font-weight: 600; color: r
gb(3, 155, 229);"[39m
              [36m>[39m
                [0m??[0m
              [36m</div>[39m
            ...
[90m [2m??[22m Proxy.waitForWrapper node_modules/@testing-library/dom/dist/wait-for.js:[2m163:27[22m[39m
[36m [2m??[22m src/test/todo.feature.test.tsx:[2m513:11[22m[39m
    [90m511| [39m  [34mit[39m([32m'??젣 踰꾪듉 ?대┃ ????젣 ?뺤씤 ?ㅼ씠?쇰줈洹멸? ?대┛??[39m[33m,[39m [35masync[39m () [33m=
>[39m {
    [90m512| [39m    [34mrender[39m([33m<[39m[33mTodoListPage[39m [33m/[39m[33m>[39m[33m,[39m { wrapper[
33m:[39m [34mmakeWrapper[39m() })
    [90m513| [39m    [35mawait[39m [34mwaitFor[39m(() [33m=>[39m screen[33m.[39m[34mgetByText[39m([32m'? 
誘명똿 ?먮즺 以鍮?[39m))
    [90m   | [39m          [31m^[39m
    [90m514| [39m    fireEvent.click(screen.getByRole('button', { name: /??젣: ? 誘명똿 ?먮즺 以鍮꾟?    [90m515| [39m   
 expect(screen.getByRole('dialog', { name: '?좎씪 ??젣' })).toBeInTheDoc??
[31m[2m??렞??렞??렞??렞??렞??렞??렞??렞??렞??렞??렞[11/14]??[22m[39m

[41m[1m FAIL [22m[49m src/test/todo.feature.test.tsx[2m > [22mTodoListPage[2m > [22m??젣 紐⑤떖?먯꽌 痍⑥냼 ?대┃ ???ㅼ씠?쇰줈
洹멸? ?ロ엺??[31m[1mTestingLibraryElementError[22m[39m: Found multiple elements with the text: ? 誘명똿 ?먮즺 以鍮?
Here are the matching elements:

Ignored nodes: comments, script, style
[36m<div[39m
  [33mstyle[39m=[32m"font-size: 11px; padding: 1px 4px; border-radius: 3px; background-color: rgb(230, 124, 115); co
lor: rgb(255, 255, 255); overflow: hidden; text-overflow: ellipsis; white-space: nowrap; margin-top: 2px; line-height: 
1.4; text-decoration: none; opacity: 1;"[39m
  [33mtitle[39m=[32m"? 誘명똿 ?먮즺 以鍮?[39m
[36m>[39m
  [0m? 誘명똿 ?먮즺 以鍮?[0m
[36m</div>[39m

Ignored nodes: comments, script, style
[36m<p[39m
  [33mstyle[39m=[32m"font-size: 14px; font-weight: 500; color: var(--color-text-primary); text-decoration: none; mar
gin-bottom: 4px; word-break: break-word;"[39m
[36m>[39m
  [0m? 誘명똿 ?먮즺 以鍮?[0m
[36m</p>[39m

(If this is intentional, then use the `*AllBy*` variant of the query (like `queryAllByText`, `getAllByText`, or `findAl
lByText`)).

Ignored nodes: comments, script, style
[36m<body>[39m
  [36m<div>[39m
    [36m<div[39m
      [33mstyle[39m=[32m"min-height: 100vh; background-color: var(--color-surface); padding-bottom: 60px;"[39m
    [36m>[39m
      [36m<header[39m
        [33mstyle[39m=[32m"background-color: rgb(255, 255, 255); border-bottom: 1px solid var(--color-border); paddi
ng: 12px 16px; display: flex; align-items: center; justify-content: space-between; position: sticky; top: 0px; z-index:
 100;"[39m
      [36m>[39m
        [36m<span[39m
          [33mstyle[39m=[32m"font-size: 20px; font-weight: 600; letter-spacing: -0.3px;"[39m
        [36m>[39m
          [0mTodoList[0m
        [36m</span>[39m
        [36m<button[39m
          [33mstyle[39m=[32m"display: inline-flex; align-items: center; justify-content: center; gap: 6px; padding: 
8px 16px; border-radius: 4px; font-size: 14px; font-weight: 500; cursor: pointer; opacity: 1; transition: opacity 0.2s;
 background-color: rgb(255, 255, 255); color: var(--color-text-primary); border: 1px solid var(--color-border);"[39m
        [36m>[39m
          [0m濡쒓렇?꾩썐[0m
        [36m</button>[39m
      [36m</header>[39m
      [36m<main[39m
        [33mstyle[39m=[32m"max-width: 720px; margin: 0px auto; padding: 12px 16px;"[39m
      [36m>[39m
        [36m<div[39m
          [33mstyle[39m=[32m"display: flex; align-items: center; justify-content: space-between; margin-bottom: 12px
;"[39m
        [36m>[39m
          [36m<h1[39m
            [33mstyle[39m=[32m"font-size: 18px; font-weight: 600;"[39m
          [36m>[39m
            [0m?쇱젙 罹섎┛??[0m
          [36m</h1>[39m
          [36m<div[39m
            [33mstyle[39m=[32m"display: flex; gap: 4px; border: 1px solid var(--color-border); border-radius: 6px; o
verflow: hidden;"[39m
          [36m>[39m
            [36m<button[39m
              [33mstyle[39m=[32m"padding: 6px 14px; cursor: pointer; font-size: 13px; font-weight: 500; background: 
var(--color-brand-blue); color: rgb(255, 255, 255);"[39m
            [36m>[39m
              [0m罹섎┛??[0m
            [36m</button>[39m
            [36m<button[39m
              [33mstyle[39m=[32m"padding: 6px 14px; cursor: pointer; font-size: 13px; font-weight: 500; background: 
transparent; color: var(--color-text-secondary);"[39m
            [36m>[39m
              [0m紐⑸줉[0m
            [36m</button>[39m
          [36m</div>[39m
        [36m</div>[39m
        [36m<div[39m
          [33mstyle[39m=[32m"background-color: rgb(255, 255, 255); border: 1px solid var(--color-border); border-rad
ius: 10px; overflow: hidden; box-shadow: 0 1px 4px rgba(0,0,0,0.06);"[39m
        [36m>[39m
          [36m<div[39m
            [33mstyle[39m=[32m"display: flex; align-items: center; justify-content: space-between; padding: 14px 16p
x; border-bottom: 1px solid var(--color-border);"[39m
          [36m>[39m
            [36m<div[39m
              [33mstyle[39m=[32m"display: flex; align-items: center; gap: 10px;"[39m
            [36m>[39m
              [36m<span[39m
                [33mstyle[39m=[32m"font-size: 18px; font-weight: 600; color: var(--color-text-primary); letter-spaci
ng: -0.3px;"[39m
              [36m>[39m
                [0m2026[0m
                [0m??[0m
                [0m5[0m
                [0m??[0m
              [36m</span>[39m
              [36m<button[39m
                [33mstyle[39m=[32m"padding: 4px 12px; border: 1px solid var(--color-border); border-radius: 4px; bac
kground: rgb(255, 255, 255); font-size: 13px; color: var(--color-brand-blue); cursor: pointer; font-weight: 500;"[39m
              [36m>[39m
                [0m?ㅻ뒛[0m
              [36m</button>[39m
            [36m</div>[39m
            [36m<div[39m
              [33mstyle[39m=[32m"display: flex; gap: 2px;"[39m
            [36m>[39m
              [36m<button[39m
                [33maria-label[39m=[32m"?댁쟾 ??[39m
                [33mstyle[39m=[32m"width: 32px; height: 32px; border-radius: 50%; background: none; cursor: pointer;
 font-size: 16px; color: var(--color-text-secondary); display: flex; align-items: center; justify-content: center;"[39
m
              [36m>[39m
                [0m?[0m
              [36m</button>[39m
              [36m<button[39m
                [33maria-label[39m=[32m"?ㅼ쓬 ??[39m
                [33mstyle[39m=[32m"width: 32px; height: 32px; border-radius: 50%; background: none; cursor: pointer;
 font-size: 16px; color: var(--color-text-secondary); display: flex; align-items: center; justify-content: center;"[39
m
              [36m>[39m
                [0m??[0m
              [36m</button>[39m
            [36m</div>[39m
          [36m</div>[39m
          [36m<div[39m
            [33mstyle[39m=[32m"display: grid; grid-template-columns: repeat(7, 1fr); border-bottom: 1px solid var(--
color-border);"[39m
          [36m>[39m
            [36m<div[39m
              [33mstyle[39m=[32m"text-align: center; padding: 8px 0px; font-size: 12px; font-weight: 600; color: rgb
(213, 0, 0);"[39m
            [36m>[39m
              [0m??[0m
            [36m</div>[39m
            [36m<div[39m
              [33mstyle[39m=[32m"text-align: center; padding: 8px 0px; font-size: 12px; font-weight: 600; color: var
(--color-text-secondary);"[39m
            [36m>[39m
              [0m??[0m
            [36m</div>[39m
            [36m<div[39m
              [33mstyle[39m=[32m"text-align: center; padding: 8px 0px; font-size: 12px; font-weight: 600; color: var
(--color-text-secondary);"[39m
            [36m>[39m
              [0m??[0m
            [36m</div>[39m
            [36m<div[39m
              [33mstyle[39m=[32m"text-align: center; padding: 8px 0px; font-size: 12px; font-weight: 600; color: var
(--color-text-secondary);"[39m
            [36m>[39m
              [0m??[0m
            [36m</div>[39m
            [36m<div[39m
              [33mstyle[39m=[32m"text-align: center; padding: 8px 0px; font-size: 12px; font-weight: 600; color: var
(--color-text-secondary);"[39m
            [36m>[39m
              [0m紐?[0m
            [36m</div>[39m
            [36m<div[39m
              [33mstyle[39m=[32m"text-align: center; padding: 8px 0px; font-size: 12px; font-weight: 600; color: var
(--color-text-secondary);"[39m
            [36m>[39m
              [0m湲?[0m
            [36m</div>[39m
            [36m<div[39m
              [33mstyle[39m=[32m"text-align: center; padding: 8px 0px; font-size: 12px; font-weight: 600; color: rgb
(3, 155, 229);"[39m
            [36m>[39m
              [0m??[0m
            [36m</div>[39m
          [36m</div>[39m
          [36m<div[39m
            [33mstyle[39m=[32m"display: grid; grid-template-columns: repeat(7, 1fr);"[39m
          [36m>[39m
            [36m<div[39m
              [33mstyle[39m=[32m"min-height: 80px; background-color: rgb(248, 249, 250);"[39m
   ...

Ignored nodes: comments, script, style
[36m<html>[39m
  [36m<head />[39m
  [36m<body>[39m
    [36m<div>[39m
      [36m<div[39m
        [33mstyle[39m=[32m"min-height: 100vh; background-color: var(--color-surface); padding-bottom: 60px;"[39m
      [36m>[39m
        [36m<header[39m
          [33mstyle[39m=[32m"background-color: rgb(255, 255, 255); border-bottom: 1px solid var(--color-border); pad
ding: 12px 16px; display: flex; align-items: center; justify-content: space-between; position: sticky; top: 0px; z-inde
x: 100;"[39m
        [36m>[39m
          [36m<span[39m
            [33mstyle[39m=[32m"font-size: 20px; font-weight: 600; letter-spacing: -0.3px;"[39m
          [36m>[39m
            [0mTodoList[0m
          [36m</span>[39m
          [36m<button[39m
            [33mstyle[39m=[32m"display: inline-flex; align-items: center; justify-content: center; gap: 6px; padding
: 8px 16px; border-radius: 4px; font-size: 14px; font-weight: 500; cursor: pointer; opacity: 1; transition: opacity 0.2
s; background-color: rgb(255, 255, 255); color: var(--color-text-primary); border: 1px solid var(--color-border);"[39m
          [36m>[39m
            [0m濡쒓렇?꾩썐[0m
          [36m</button>[39m
        [36m</header>[39m
        [36m<main[39m
          [33mstyle[39m=[32m"max-width: 720px; margin: 0px auto; padding: 12px 16px;"[39m
        [36m>[39m
          [36m<div[39m
            [33mstyle[39m=[32m"display: flex; align-items: center; justify-content: space-between; margin-bottom: 12
px;"[39m
          [36m>[39m
            [36m<h1[39m
              [33mstyle[39m=[32m"font-size: 18px; font-weight: 600;"[39m
            [36m>[39m
              [0m?쇱젙 罹섎┛??[0m
            [36m</h1>[39m
            [36m<div[39m
              [33mstyle[39m=[32m"display: flex; gap: 4px; border: 1px solid var(--color-border); border-radius: 6px;
 overflow: hidden;"[39m
            [36m>[39m
              [36m<button[39m
                [33mstyle[39m=[32m"padding: 6px 14px; cursor: pointer; font-size: 13px; font-weight: 500; background
: var(--color-brand-blue); color: rgb(255, 255, 255);"[39m
              [36m>[39m
                [0m罹섎┛??[0m
              [36m</button>[39m
              [36m<button[39m
                [33mstyle[39m=[32m"padding: 6px 14px; cursor: pointer; font-size: 13px; font-weight: 500; background
: transparent; color: var(--color-text-secondary);"[39m
              [36m>[39m
                [0m紐⑸줉[0m
              [36m</button>[39m
            [36m</div>[39m
          [36m</div>[39m
          [36m<div[39m
            [33mstyle[39m=[32m"background-color: rgb(255, 255, 255); border: 1px solid var(--color-border); border-r
adius: 10px; overflow: hidden; box-shadow: 0 1px 4px rgba(0,0,0,0.06);"[39m
          [36m>[39m
            [36m<div[39m
              [33mstyle[39m=[32m"display: flex; align-items: center; justify-content: space-between; padding: 14px 1
6px; border-bottom: 1px solid var(--color-border);"[39m
            [36m>[39m
              [36m<div[39m
                [33mstyle[39m=[32m"display: flex; align-items: center; gap: 10px;"[39m
              [36m>[39m
                [36m<span[39m
                  [33mstyle[39m=[32m"font-size: 18px; font-weight: 600; color: var(--color-text-primary); letter-spa
cing: -0.3px;"[39m
                [36m>[39m
                  [0m2026[0m
                  [0m??[0m
                  [0m5[0m
                  [0m??[0m
                [36m</span>[39m
                [36m<button[39m
                  [33mstyle[39m=[32m"padding: 4px 12px; border: 1px solid var(--color-border); border-radius: 4px; b
ackground: rgb(255, 255, 255); font-size: 13px; color: var(--color-brand-blue); cursor: pointer; font-weight: 500;"[39
m
                [36m>[39m
                  [0m?ㅻ뒛[0m
                [36m</button>[39m
              [36m</div>[39m
              [36m<div[39m
                [33mstyle[39m=[32m"display: flex; gap: 2px;"[39m
              [36m>[39m
                [36m<button[39m
                  [33maria-label[39m=[32m"?댁쟾 ??[39m
                  [33mstyle[39m=[32m"width: 32px; height: 32px; border-radius: 50%; background: none; cursor: pointe
r; font-size: 16px; color: var(--color-text-secondary); display: flex; align-items: center; justify-content: center;"[
39m
                [36m>[39m
                  [0m?[0m
                [36m</button>[39m
                [36m<button[39m
                  [33maria-label[39m=[32m"?ㅼ쓬 ??[39m
                  [33mstyle[39m=[32m"width: 32px; height: 32px; border-radius: 50%; background: none; cursor: pointe
r; font-size: 16px; color: var(--color-text-secondary); display: flex; align-items: center; justify-content: center;"[
39m
                [36m>[39m
                  [0m??[0m
                [36m</button>[39m
              [36m</div>[39m
            [36m</div>[39m
            [36m<div[39m
              [33mstyle[39m=[32m"display: grid; grid-template-columns: repeat(7, 1fr); border-bottom: 1px solid var(
--color-border);"[39m
            [36m>[39m
              [36m<div[39m
                [33mstyle[39m=[32m"text-align: center; padding: 8px 0px; font-size: 12px; font-weight: 600; color: r
gb(213, 0, 0);"[39m
              [36m>[39m
                [0m??[0m
              [36m</div>[39m
              [36m<div[39m
                [33mstyle[39m=[32m"text-align: center; padding: 8px 0px; font-size: 12px; font-weight: 600; color: v
ar(--color-text-secondary);"[39m
              [36m>[39m
                [0m??[0m
              [36m</div>[39m
              [36m<div[39m
                [33mstyle[39m=[32m"text-align: center; padding: 8px 0px; font-size: 12px; font-weight: 600; color: v
ar(--color-text-secondary);"[39m
              [36m>[39m
                [0m??[0m
              [36m</div>[39m
              [36m<div[39m
                [33mstyle[39m=[32m"text-align: center; padding: 8px 0px; font-size: 12px; font-weight: 600; color: v
ar(--color-text-secondary);"[39m
              [36m>[39m
                [0m??[0m
              [36m</div>[39m
              [36m<div[39m
                [33mstyle[39m=[32m"text-align: center; padding: 8px 0px; font-size: 12px; font-weight: 600; color: v
ar(--color-text-secondary);"[39m
              [36m>[39m
                [0m紐?[0m
              [36m</div>[39m
              [36m<div[39m
                [33mstyle[39m=[32m"text-align: center; padding: 8px 0px; font-size: 12px; font-weight: 600; color: v
ar(--color-text-secondary);"[39m
              [36m>[39m
                [0m湲?[0m
              [36m</div>[39m
              [36m<div[39m
                [33mstyle[39m=[32m"text-align: center; padding: 8px 0px; font-size: 12px; font-weight: 600; color: r
gb(3, 155, 229);"[39m
              [36m>[39m
                [0m??[0m
              [36m</div>[39m
            ...
[90m [2m??[22m Proxy.waitForWrapper node_modules/@testing-library/dom/dist/wait-for.js:[2m163:27[22m[39m
[36m [2m??[22m src/test/todo.feature.test.tsx:[2m521:11[22m[39m
    [90m519| [39m  [34mit[39m([32m'??젣 紐⑤떖?먯꽌 痍⑥냼 ?대┃ ???ㅼ씠?쇰줈洹멸? ?ロ엺??[39m[33m,[39m [35masync[39m () [33m=>
[39m {
    [90m520| [39m    [34mrender[39m([33m<[39m[33mTodoListPage[39m [33m/[39m[33m>[39m[33m,[39m { wrapper[
33m:[39m [34mmakeWrapper[39m() })
    [90m521| [39m    [35mawait[39m [34mwaitFor[39m(() [33m=>[39m screen[33m.[39m[34mgetByText[39m([32m'? 
誘명똿 ?먮즺 以鍮?[39m))
    [90m   | [39m          [31m^[39m
    [90m522| [39m    fireEvent.click(screen.getByRole('button', { name: /??젣: ? 誘명똿 ?먮즺 以鍮꾟?    [90m523| [39m   
 fireEvent[33m.[39m[34mclick[39m(screen[33m.[39m[34mgetByRole[39m([32m'button'[39m[33m,[39m { name[33m:[3
9m [32m'痍⑥냼'[39m }))

[31m[2m??렞??렞??렞??렞??렞??렞??렞??렞??렞??렞??렞[12/14]??[22m[39m

[41m[1m FAIL [22m[49m src/test/todo.feature.test.tsx[2m > [22mTodoListPage[2m > [22m?섏젙 踰꾪듉 ?대┃ ???섏젙 紐⑤떖???대━怨
?湲곗〈 媛믪씠 梨꾩썙吏꾨떎
[31m[1mTestingLibraryElementError[22m[39m: Found multiple elements with the text: ? 誘명똿 ?먮즺 以鍮?
Here are the matching elements:

Ignored nodes: comments, script, style
[36m<div[39m
  [33mstyle[39m=[32m"font-size: 11px; padding: 1px 4px; border-radius: 3px; background-color: rgb(230, 124, 115); co
lor: rgb(255, 255, 255); overflow: hidden; text-overflow: ellipsis; white-space: nowrap; margin-top: 2px; line-height: 
1.4; text-decoration: none; opacity: 1;"[39m
  [33mtitle[39m=[32m"? 誘명똿 ?먮즺 以鍮?[39m
[36m>[39m
  [0m? 誘명똿 ?먮즺 以鍮?[0m
[36m</div>[39m

Ignored nodes: comments, script, style
[36m<p[39m
  [33mstyle[39m=[32m"font-size: 14px; font-weight: 500; color: var(--color-text-primary); text-decoration: none; mar
gin-bottom: 4px; word-break: break-word;"[39m
[36m>[39m
  [0m? 誘명똿 ?먮즺 以鍮?[0m
[36m</p>[39m

(If this is intentional, then use the `*AllBy*` variant of the query (like `queryAllByText`, `getAllByText`, or `findAl
lByText`)).

Ignored nodes: comments, script, style
[36m<body>[39m
  [36m<div>[39m
    [36m<div[39m
      [33mstyle[39m=[32m"min-height: 100vh; background-color: var(--color-surface); padding-bottom: 60px;"[39m
    [36m>[39m
      [36m<header[39m
        [33mstyle[39m=[32m"background-color: rgb(255, 255, 255); border-bottom: 1px solid var(--color-border); paddi
ng: 12px 16px; display: flex; align-items: center; justify-content: space-between; position: sticky; top: 0px; z-index:
 100;"[39m
      [36m>[39m
        [36m<span[39m
          [33mstyle[39m=[32m"font-size: 20px; font-weight: 600; letter-spacing: -0.3px;"[39m
        [36m>[39m
          [0mTodoList[0m
        [36m</span>[39m
        [36m<button[39m
          [33mstyle[39m=[32m"display: inline-flex; align-items: center; justify-content: center; gap: 6px; padding: 
8px 16px; border-radius: 4px; font-size: 14px; font-weight: 500; cursor: pointer; opacity: 1; transition: opacity 0.2s;
 background-color: rgb(255, 255, 255); color: var(--color-text-primary); border: 1px solid var(--color-border);"[39m
        [36m>[39m
          [0m濡쒓렇?꾩썐[0m
        [36m</button>[39m
      [36m</header>[39m
      [36m<main[39m
        [33mstyle[39m=[32m"max-width: 720px; margin: 0px auto; padding: 12px 16px;"[39m
      [36m>[39m
        [36m<div[39m
          [33mstyle[39m=[32m"display: flex; align-items: center; justify-content: space-between; margin-bottom: 12px
;"[39m
        [36m>[39m
          [36m<h1[39m
            [33mstyle[39m=[32m"font-size: 18px; font-weight: 600;"[39m
          [36m>[39m
            [0m?쇱젙 罹섎┛??[0m
          [36m</h1>[39m
          [36m<div[39m
            [33mstyle[39m=[32m"display: flex; gap: 4px; border: 1px solid var(--color-border); border-radius: 6px; o
verflow: hidden;"[39m
          [36m>[39m
            [36m<button[39m
              [33mstyle[39m=[32m"padding: 6px 14px; cursor: pointer; font-size: 13px; font-weight: 500; background: 
var(--color-brand-blue); color: rgb(255, 255, 255);"[39m
            [36m>[39m
              [0m罹섎┛??[0m
            [36m</button>[39m
            [36m<button[39m
              [33mstyle[39m=[32m"padding: 6px 14px; cursor: pointer; font-size: 13px; font-weight: 500; background: 
transparent; color: var(--color-text-secondary);"[39m
            [36m>[39m
              [0m紐⑸줉[0m
            [36m</button>[39m
          [36m</div>[39m
        [36m</div>[39m
        [36m<div[39m
          [33mstyle[39m=[32m"background-color: rgb(255, 255, 255); border: 1px solid var(--color-border); border-rad
ius: 10px; overflow: hidden; box-shadow: 0 1px 4px rgba(0,0,0,0.06);"[39m
        [36m>[39m
          [36m<div[39m
            [33mstyle[39m=[32m"display: flex; align-items: center; justify-content: space-between; padding: 14px 16p
x; border-bottom: 1px solid var(--color-border);"[39m
          [36m>[39m
            [36m<div[39m
              [33mstyle[39m=[32m"display: flex; align-items: center; gap: 10px;"[39m
            [36m>[39m
              [36m<span[39m
                [33mstyle[39m=[32m"font-size: 18px; font-weight: 600; color: var(--color-text-primary); letter-spaci
ng: -0.3px;"[39m
              [36m>[39m
                [0m2026[0m
                [0m??[0m
                [0m5[0m
                [0m??[0m
              [36m</span>[39m
              [36m<button[39m
                [33mstyle[39m=[32m"padding: 4px 12px; border: 1px solid var(--color-border); border-radius: 4px; bac
kground: rgb(255, 255, 255); font-size: 13px; color: var(--color-brand-blue); cursor: pointer; font-weight: 500;"[39m
              [36m>[39m
                [0m?ㅻ뒛[0m
              [36m</button>[39m
            [36m</div>[39m
            [36m<div[39m
              [33mstyle[39m=[32m"display: flex; gap: 2px;"[39m
            [36m>[39m
              [36m<button[39m
                [33maria-label[39m=[32m"?댁쟾 ??[39m
                [33mstyle[39m=[32m"width: 32px; height: 32px; border-radius: 50%; background: none; cursor: pointer;
 font-size: 16px; color: var(--color-text-secondary); display: flex; align-items: center; justify-content: center;"[39
m
              [36m>[39m
                [0m?[0m
              [36m</button>[39m
              [36m<button[39m
                [33maria-label[39m=[32m"?ㅼ쓬 ??[39m
                [33mstyle[39m=[32m"width: 32px; height: 32px; border-radius: 50%; background: none; cursor: pointer;
 font-size: 16px; color: var(--color-text-secondary); display: flex; align-items: center; justify-content: center;"[39
m
              [36m>[39m
                [0m??[0m
              [36m</button>[39m
            [36m</div>[39m
          [36m</div>[39m
          [36m<div[39m
            [33mstyle[39m=[32m"display: grid; grid-template-columns: repeat(7, 1fr); border-bottom: 1px solid var(--
color-border);"[39m
          [36m>[39m
            [36m<div[39m
              [33mstyle[39m=[32m"text-align: center; padding: 8px 0px; font-size: 12px; font-weight: 600; color: rgb
(213, 0, 0);"[39m
            [36m>[39m
              [0m??[0m
            [36m</div>[39m
            [36m<div[39m
              [33mstyle[39m=[32m"text-align: center; padding: 8px 0px; font-size: 12px; font-weight: 600; color: var
(--color-text-secondary);"[39m
            [36m>[39m
              [0m??[0m
            [36m</div>[39m
            [36m<div[39m
              [33mstyle[39m=[32m"text-align: center; padding: 8px 0px; font-size: 12px; font-weight: 600; color: var
(--color-text-secondary);"[39m
            [36m>[39m
              [0m??[0m
            [36m</div>[39m
            [36m<div[39m
              [33mstyle[39m=[32m"text-align: center; padding: 8px 0px; font-size: 12px; font-weight: 600; color: var
(--color-text-secondary);"[39m
            [36m>[39m
              [0m??[0m
            [36m</div>[39m
            [36m<div[39m
              [33mstyle[39m=[32m"text-align: center; padding: 8px 0px; font-size: 12px; font-weight: 600; color: var
(--color-text-secondary);"[39m
            [36m>[39m
              [0m紐?[0m
            [36m</div>[39m
            [36m<div[39m
              [33mstyle[39m=[32m"text-align: center; padding: 8px 0px; font-size: 12px; font-weight: 600; color: var
(--color-text-secondary);"[39m
            [36m>[39m
              [0m湲?[0m
            [36m</div>[39m
            [36m<div[39m
              [33mstyle[39m=[32m"text-align: center; padding: 8px 0px; font-size: 12px; font-weight: 600; color: rgb
(3, 155, 229);"[39m
            [36m>[39m
              [0m??[0m
            [36m</div>[39m
          [36m</div>[39m
          [36m<div[39m
            [33mstyle[39m=[32m"display: grid; grid-template-columns: repeat(7, 1fr);"[39m
          [36m>[39m
            [36m<div[39m
              [33mstyle[39m=[32m"min-height: 80px; background-color: rgb(248, 249, 250);"[39m
   ...

Ignored nodes: comments, script, style
[36m<html>[39m
  [36m<head />[39m
  [36m<body>[39m
    [36m<div>[39m
      [36m<div[39m
        [33mstyle[39m=[32m"min-height: 100vh; background-color: var(--color-surface); padding-bottom: 60px;"[39m
      [36m>[39m
        [36m<header[39m
          [33mstyle[39m=[32m"background-color: rgb(255, 255, 255); border-bottom: 1px solid var(--color-border); pad
ding: 12px 16px; display: flex; align-items: center; justify-content: space-between; position: sticky; top: 0px; z-inde
x: 100;"[39m
        [36m>[39m
          [36m<span[39m
            [33mstyle[39m=[32m"font-size: 20px; font-weight: 600; letter-spacing: -0.3px;"[39m
          [36m>[39m
            [0mTodoList[0m
          [36m</span>[39m
          [36m<button[39m
            [33mstyle[39m=[32m"display: inline-flex; align-items: center; justify-content: center; gap: 6px; padding
: 8px 16px; border-radius: 4px; font-size: 14px; font-weight: 500; cursor: pointer; opacity: 1; transition: opacity 0.2
s; background-color: rgb(255, 255, 255); color: var(--color-text-primary); border: 1px solid var(--color-border);"[39m
          [36m>[39m
            [0m濡쒓렇?꾩썐[0m
          [36m</button>[39m
        [36m</header>[39m
        [36m<main[39m
          [33mstyle[39m=[32m"max-width: 720px; margin: 0px auto; padding: 12px 16px;"[39m
        [36m>[39m
          [36m<div[39m
            [33mstyle[39m=[32m"display: flex; align-items: center; justify-content: space-between; margin-bottom: 12
px;"[39m
          [36m>[39m
            [36m<h1[39m
              [33mstyle[39m=[32m"font-size: 18px; font-weight: 600;"[39m
            [36m>[39m
              [0m?쇱젙 罹섎┛??[0m
            [36m</h1>[39m
            [36m<div[39m
              [33mstyle[39m=[32m"display: flex; gap: 4px; border: 1px solid var(--color-border); border-radius: 6px;
 overflow: hidden;"[39m
            [36m>[39m
              [36m<button[39m
                [33mstyle[39m=[32m"padding: 6px 14px; cursor: pointer; font-size: 13px; font-weight: 500; background
: var(--color-brand-blue); color: rgb(255, 255, 255);"[39m
              [36m>[39m
                [0m罹섎┛??[0m
              [36m</button>[39m
              [36m<button[39m
                [33mstyle[39m=[32m"padding: 6px 14px; cursor: pointer; font-size: 13px; font-weight: 500; background
: transparent; color: var(--color-text-secondary);"[39m
              [36m>[39m
                [0m紐⑸줉[0m
              [36m</button>[39m
            [36m</div>[39m
          [36m</div>[39m
          [36m<div[39m
            [33mstyle[39m=[32m"background-color: rgb(255, 255, 255); border: 1px solid var(--color-border); border-r
adius: 10px; overflow: hidden; box-shadow: 0 1px 4px rgba(0,0,0,0.06);"[39m
          [36m>[39m
            [36m<div[39m
              [33mstyle[39m=[32m"display: flex; align-items: center; justify-content: space-between; padding: 14px 1
6px; border-bottom: 1px solid var(--color-border);"[39m
            [36m>[39m
              [36m<div[39m
                [33mstyle[39m=[32m"display: flex; align-items: center; gap: 10px;"[39m
              [36m>[39m
                [36m<span[39m
                  [33mstyle[39m=[32m"font-size: 18px; font-weight: 600; color: var(--color-text-primary); letter-spa
cing: -0.3px;"[39m
                [36m>[39m
                  [0m2026[0m
                  [0m??[0m
                  [0m5[0m
                  [0m??[0m
                [36m</span>[39m
                [36m<button[39m
                  [33mstyle[39m=[32m"padding: 4px 12px; border: 1px solid var(--color-border); border-radius: 4px; b
ackground: rgb(255, 255, 255); font-size: 13px; color: var(--color-brand-blue); cursor: pointer; font-weight: 500;"[39
m
                [36m>[39m
                  [0m?ㅻ뒛[0m
                [36m</button>[39m
              [36m</div>[39m
              [36m<div[39m
                [33mstyle[39m=[32m"display: flex; gap: 2px;"[39m
              [36m>[39m
                [36m<button[39m
                  [33maria-label[39m=[32m"?댁쟾 ??[39m
                  [33mstyle[39m=[32m"width: 32px; height: 32px; border-radius: 50%; background: none; cursor: pointe
r; font-size: 16px; color: var(--color-text-secondary); display: flex; align-items: center; justify-content: center;"[
39m
                [36m>[39m
                  [0m?[0m
                [36m</button>[39m
                [36m<button[39m
                  [33maria-label[39m=[32m"?ㅼ쓬 ??[39m
                  [33mstyle[39m=[32m"width: 32px; height: 32px; border-radius: 50%; background: none; cursor: pointe
r; font-size: 16px; color: var(--color-text-secondary); display: flex; align-items: center; justify-content: center;"[
39m
                [36m>[39m
                  [0m??[0m
                [36m</button>[39m
              [36m</div>[39m
            [36m</div>[39m
            [36m<div[39m
              [33mstyle[39m=[32m"display: grid; grid-template-columns: repeat(7, 1fr); border-bottom: 1px solid var(
--color-border);"[39m
            [36m>[39m
              [36m<div[39m
                [33mstyle[39m=[32m"text-align: center; padding: 8px 0px; font-size: 12px; font-weight: 600; color: r
gb(213, 0, 0);"[39m
              [36m>[39m
                [0m??[0m
              [36m</div>[39m
              [36m<div[39m
                [33mstyle[39m=[32m"text-align: center; padding: 8px 0px; font-size: 12px; font-weight: 600; color: v
ar(--color-text-secondary);"[39m
              [36m>[39m
                [0m??[0m
              [36m</div>[39m
              [36m<div[39m
                [33mstyle[39m=[32m"text-align: center; padding: 8px 0px; font-size: 12px; font-weight: 600; color: v
ar(--color-text-secondary);"[39m
              [36m>[39m
                [0m??[0m
              [36m</div>[39m
              [36m<div[39m
                [33mstyle[39m=[32m"text-align: center; padding: 8px 0px; font-size: 12px; font-weight: 600; color: v
ar(--color-text-secondary);"[39m
              [36m>[39m
                [0m??[0m
              [36m</div>[39m
              [36m<div[39m
                [33mstyle[39m=[32m"text-align: center; padding: 8px 0px; font-size: 12px; font-weight: 600; color: v
ar(--color-text-secondary);"[39m
              [36m>[39m
                [0m紐?[0m
              [36m</div>[39m
              [36m<div[39m
                [33mstyle[39m=[32m"text-align: center; padding: 8px 0px; font-size: 12px; font-weight: 600; color: v
ar(--color-text-secondary);"[39m
              [36m>[39m
                [0m湲?[0m
              [36m</div>[39m
              [36m<div[39m
                [33mstyle[39m=[32m"text-align: center; padding: 8px 0px; font-size: 12px; font-weight: 600; color: r
gb(3, 155, 229);"[39m
              [36m>[39m
                [0m??[0m
              [36m</div>[39m
            ...
[90m [2m??[22m Proxy.waitForWrapper node_modules/@testing-library/dom/dist/wait-for.js:[2m163:27[22m[39m
[36m [2m??[22m src/test/todo.feature.test.tsx:[2m529:11[22m[39m
    [90m527| [39m  [34mit[39m([32m'?섏젙 踰꾪듉 ?대┃ ???섏젙 紐⑤떖???대━怨?湲곗〈 媛믪씠 梨꾩썙吏꾨떎'[39m[33m,[39m [35masync[39m () 
[33m=>[39m {
    [90m528| [39m    [34mrender[39m([33m<[39m[33mTodoListPage[39m [33m/[39m[33m>[39m[33m,[39m { wrapper[
33m:[39m [34mmakeWrapper[39m() })
    [90m529| [39m    [35mawait[39m [34mwaitFor[39m(() [33m=>[39m screen[33m.[39m[34mgetByText[39m([32m'? 
誘명똿 ?먮즺 以鍮?[39m))
    [90m   | [39m          [31m^[39m
    [90m530| [39m    fireEvent.click(screen.getByRole('button', { name: /?섏젙: ? 誘명똿 ?먮즺 以鍮꾟?    [90m531| [39m   
 expect(screen.getByRole('dialog', { name: '?좎씪 ?섏젙' })).toBeInTheDoc??
[31m[2m??렞??렞??렞??렞??렞??렞??렞??렞??렞??렞??렞[13/14]??[22m[39m

[41m[1m FAIL [22m[49m src/test/todo.feature.test.tsx[2m > [22mTodoListPage[2m > [22m?꾨즺 ?좉? ??toggleTodoComplet
e媛 ?몄텧?쒕떎
[31m[1mTestingLibraryElementError[22m[39m: Found multiple elements with the text: ? 誘명똿 ?먮즺 以鍮?
Here are the matching elements:

Ignored nodes: comments, script, style
[36m<div[39m
  [33mstyle[39m=[32m"font-size: 11px; padding: 1px 4px; border-radius: 3px; background-color: rgb(230, 124, 115); co
lor: rgb(255, 255, 255); overflow: hidden; text-overflow: ellipsis; white-space: nowrap; margin-top: 2px; line-height: 
1.4; text-decoration: none; opacity: 1;"[39m
  [33mtitle[39m=[32m"? 誘명똿 ?먮즺 以鍮?[39m
[36m>[39m
  [0m? 誘명똿 ?먮즺 以鍮?[0m
[36m</div>[39m

Ignored nodes: comments, script, style
[36m<p[39m
  [33mstyle[39m=[32m"font-size: 14px; font-weight: 500; color: var(--color-text-primary); text-decoration: none; mar
gin-bottom: 4px; word-break: break-word;"[39m
[36m>[39m
  [0m? 誘명똿 ?먮즺 以鍮?[0m
[36m</p>[39m

(If this is intentional, then use the `*AllBy*` variant of the query (like `queryAllByText`, `getAllByText`, or `findAl
lByText`)).

Ignored nodes: comments, script, style
[36m<body>[39m
  [36m<div>[39m
    [36m<div[39m
      [33mstyle[39m=[32m"min-height: 100vh; background-color: var(--color-surface); padding-bottom: 60px;"[39m
    [36m>[39m
      [36m<header[39m
        [33mstyle[39m=[32m"background-color: rgb(255, 255, 255); border-bottom: 1px solid var(--color-border); paddi
ng: 12px 16px; display: flex; align-items: center; justify-content: space-between; position: sticky; top: 0px; z-index:
 100;"[39m
      [36m>[39m
        [36m<span[39m
          [33mstyle[39m=[32m"font-size: 20px; font-weight: 600; letter-spacing: -0.3px;"[39m
        [36m>[39m
          [0mTodoList[0m
        [36m</span>[39m
        [36m<button[39m
          [33mstyle[39m=[32m"display: inline-flex; align-items: center; justify-content: center; gap: 6px; padding: 
8px 16px; border-radius: 4px; font-size: 14px; font-weight: 500; cursor: pointer; opacity: 1; transition: opacity 0.2s;
 background-color: rgb(255, 255, 255); color: var(--color-text-primary); border: 1px solid var(--color-border);"[39m
        [36m>[39m
          [0m濡쒓렇?꾩썐[0m
        [36m</button>[39m
      [36m</header>[39m
      [36m<main[39m
        [33mstyle[39m=[32m"max-width: 720px; margin: 0px auto; padding: 12px 16px;"[39m
      [36m>[39m
        [36m<div[39m
          [33mstyle[39m=[32m"display: flex; align-items: center; justify-content: space-between; margin-bottom: 12px
;"[39m
        [36m>[39m
          [36m<h1[39m
            [33mstyle[39m=[32m"font-size: 18px; font-weight: 600;"[39m
          [36m>[39m
            [0m?쇱젙 罹섎┛??[0m
          [36m</h1>[39m
          [36m<div[39m
            [33mstyle[39m=[32m"display: flex; gap: 4px; border: 1px solid var(--color-border); border-radius: 6px; o
verflow: hidden;"[39m
          [36m>[39m
            [36m<button[39m
              [33mstyle[39m=[32m"padding: 6px 14px; cursor: pointer; font-size: 13px; font-weight: 500; background: 
var(--color-brand-blue); color: rgb(255, 255, 255);"[39m
            [36m>[39m
              [0m罹섎┛??[0m
            [36m</button>[39m
            [36m<button[39m
              [33mstyle[39m=[32m"padding: 6px 14px; cursor: pointer; font-size: 13px; font-weight: 500; background: 
transparent; color: var(--color-text-secondary);"[39m
            [36m>[39m
              [0m紐⑸줉[0m
            [36m</button>[39m
          [36m</div>[39m
        [36m</div>[39m
        [36m<div[39m
          [33mstyle[39m=[32m"background-color: rgb(255, 255, 255); border: 1px solid var(--color-border); border-rad
ius: 10px; overflow: hidden; box-shadow: 0 1px 4px rgba(0,0,0,0.06);"[39m
        [36m>[39m
          [36m<div[39m
            [33mstyle[39m=[32m"display: flex; align-items: center; justify-content: space-between; padding: 14px 16p
x; border-bottom: 1px solid var(--color-border);"[39m
          [36m>[39m
            [36m<div[39m
              [33mstyle[39m=[32m"display: flex; align-items: center; gap: 10px;"[39m
            [36m>[39m
              [36m<span[39m
                [33mstyle[39m=[32m"font-size: 18px; font-weight: 600; color: var(--color-text-primary); letter-spaci
ng: -0.3px;"[39m
              [36m>[39m
                [0m2026[0m
                [0m??[0m
                [0m5[0m
                [0m??[0m
              [36m</span>[39m
              [36m<button[39m
                [33mstyle[39m=[32m"padding: 4px 12px; border: 1px solid var(--color-border); border-radius: 4px; bac
kground: rgb(255, 255, 255); font-size: 13px; color: var(--color-brand-blue); cursor: pointer; font-weight: 500;"[39m
              [36m>[39m
                [0m?ㅻ뒛[0m
              [36m</button>[39m
            [36m</div>[39m
            [36m<div[39m
              [33mstyle[39m=[32m"display: flex; gap: 2px;"[39m
            [36m>[39m
              [36m<button[39m
                [33maria-label[39m=[32m"?댁쟾 ??[39m
                [33mstyle[39m=[32m"width: 32px; height: 32px; border-radius: 50%; background: none; cursor: pointer;
 font-size: 16px; color: var(--color-text-secondary); display: flex; align-items: center; justify-content: center;"[39
m
              [36m>[39m
                [0m?[0m
              [36m</button>[39m
              [36m<button[39m
                [33maria-label[39m=[32m"?ㅼ쓬 ??[39m
                [33mstyle[39m=[32m"width: 32px; height: 32px; border-radius: 50%; background: none; cursor: pointer;
 font-size: 16px; color: var(--color-text-secondary); display: flex; align-items: center; justify-content: center;"[39
m
              [36m>[39m
                [0m??[0m
              [36m</button>[39m
            [36m</div>[39m
          [36m</div>[39m
          [36m<div[39m
            [33mstyle[39m=[32m"display: grid; grid-template-columns: repeat(7, 1fr); border-bottom: 1px solid var(--
color-border);"[39m
          [36m>[39m
            [36m<div[39m
              [33mstyle[39m=[32m"text-align: center; padding: 8px 0px; font-size: 12px; font-weight: 600; color: rgb
(213, 0, 0);"[39m
            [36m>[39m
              [0m??[0m
            [36m</div>[39m
            [36m<div[39m
              [33mstyle[39m=[32m"text-align: center; padding: 8px 0px; font-size: 12px; font-weight: 600; color: var
(--color-text-secondary);"[39m
            [36m>[39m
              [0m??[0m
            [36m</div>[39m
            [36m<div[39m
              [33mstyle[39m=[32m"text-align: center; padding: 8px 0px; font-size: 12px; font-weight: 600; color: var
(--color-text-secondary);"[39m
            [36m>[39m
              [0m??[0m
            [36m</div>[39m
            [36m<div[39m
              [33mstyle[39m=[32m"text-align: center; padding: 8px 0px; font-size: 12px; font-weight: 600; color: var
(--color-text-secondary);"[39m
            [36m>[39m
              [0m??[0m
            [36m</div>[39m
            [36m<div[39m
              [33mstyle[39m=[32m"text-align: center; padding: 8px 0px; font-size: 12px; font-weight: 600; color: var
(--color-text-secondary);"[39m
            [36m>[39m
              [0m紐?[0m
            [36m</div>[39m
            [36m<div[39m
              [33mstyle[39m=[32m"text-align: center; padding: 8px 0px; font-size: 12px; font-weight: 600; color: var
(--color-text-secondary);"[39m
            [36m>[39m
              [0m湲?[0m
            [36m</div>[39m
            [36m<div[39m
              [33mstyle[39m=[32m"text-align: center; padding: 8px 0px; font-size: 12px; font-weight: 600; color: rgb
(3, 155, 229);"[39m
            [36m>[39m
              [0m??[0m
            [36m</div>[39m
          [36m</div>[39m
          [36m<div[39m
            [33mstyle[39m=[32m"display: grid; grid-template-columns: repeat(7, 1fr);"[39m
          [36m>[39m
            [36m<div[39m
              [33mstyle[39m=[32m"min-height: 80px; background-color: rgb(248, 249, 250);"[39m
   ...

Ignored nodes: comments, script, style
[36m<html>[39m
  [36m<head />[39m
  [36m<body>[39m
    [36m<div>[39m
      [36m<div[39m
        [33mstyle[39m=[32m"min-height: 100vh; background-color: var(--color-surface); padding-bottom: 60px;"[39m
      [36m>[39m
        [36m<header[39m
          [33mstyle[39m=[32m"background-color: rgb(255, 255, 255); border-bottom: 1px solid var(--color-border); pad
ding: 12px 16px; display: flex; align-items: center; justify-content: space-between; position: sticky; top: 0px; z-inde
x: 100;"[39m
        [36m>[39m
          [36m<span[39m
            [33mstyle[39m=[32m"font-size: 20px; font-weight: 600; letter-spacing: -0.3px;"[39m
          [36m>[39m
            [0mTodoList[0m
          [36m</span>[39m
          [36m<button[39m
            [33mstyle[39m=[32m"display: inline-flex; align-items: center; justify-content: center; gap: 6px; padding
: 8px 16px; border-radius: 4px; font-size: 14px; font-weight: 500; cursor: pointer; opacity: 1; transition: opacity 0.2
s; background-color: rgb(255, 255, 255); color: var(--color-text-primary); border: 1px solid var(--color-border);"[39m
          [36m>[39m
            [0m濡쒓렇?꾩썐[0m
          [36m</button>[39m
        [36m</header>[39m
        [36m<main[39m
          [33mstyle[39m=[32m"max-width: 720px; margin: 0px auto; padding: 12px 16px;"[39m
        [36m>[39m
          [36m<div[39m
            [33mstyle[39m=[32m"display: flex; align-items: center; justify-content: space-between; margin-bottom: 12
px;"[39m
          [36m>[39m
            [36m<h1[39m
              [33mstyle[39m=[32m"font-size: 18px; font-weight: 600;"[39m
            [36m>[39m
              [0m?쇱젙 罹섎┛??[0m
            [36m</h1>[39m
            [36m<div[39m
              [33mstyle[39m=[32m"display: flex; gap: 4px; border: 1px solid var(--color-border); border-radius: 6px;
 overflow: hidden;"[39m
            [36m>[39m
              [36m<button[39m
                [33mstyle[39m=[32m"padding: 6px 14px; cursor: pointer; font-size: 13px; font-weight: 500; background
: var(--color-brand-blue); color: rgb(255, 255, 255);"[39m
              [36m>[39m
                [0m罹섎┛??[0m
              [36m</button>[39m
              [36m<button[39m
                [33mstyle[39m=[32m"padding: 6px 14px; cursor: pointer; font-size: 13px; font-weight: 500; background
: transparent; color: var(--color-text-secondary);"[39m
              [36m>[39m
                [0m紐⑸줉[0m
              [36m</button>[39m
            [36m</div>[39m
          [36m</div>[39m
          [36m<div[39m
            [33mstyle[39m=[32m"background-color: rgb(255, 255, 255); border: 1px solid var(--color-border); border-r
adius: 10px; overflow: hidden; box-shadow: 0 1px 4px rgba(0,0,0,0.06);"[39m
          [36m>[39m
            [36m<div[39m
              [33mstyle[39m=[32m"display: flex; align-items: center; justify-content: space-between; padding: 14px 1
6px; border-bottom: 1px solid var(--color-border);"[39m
            [36m>[39m
              [36m<div[39m
                [33mstyle[39m=[32m"display: flex; align-items: center; gap: 10px;"[39m
              [36m>[39m
                [36m<span[39m
                  [33mstyle[39m=[32m"font-size: 18px; font-weight: 600; color: var(--color-text-primary); letter-spa
cing: -0.3px;"[39m
                [36m>[39m
                  [0m2026[0m
                  [0m??[0m
                  [0m5[0m
                  [0m??[0m
                [36m</span>[39m
                [36m<button[39m
                  [33mstyle[39m=[32m"padding: 4px 12px; border: 1px solid var(--color-border); border-radius: 4px; b
ackground: rgb(255, 255, 255); font-size: 13px; color: var(--color-brand-blue); cursor: pointer; font-weight: 500;"[39
m
                [36m>[39m
                  [0m?ㅻ뒛[0m
                [36m</button>[39m
              [36m</div>[39m
              [36m<div[39m
                [33mstyle[39m=[32m"display: flex; gap: 2px;"[39m
              [36m>[39m
                [36m<button[39m
                  [33maria-label[39m=[32m"?댁쟾 ??[39m
                  [33mstyle[39m=[32m"width: 32px; height: 32px; border-radius: 50%; background: none; cursor: pointe
r; font-size: 16px; color: var(--color-text-secondary); display: flex; align-items: center; justify-content: center;"[
39m
                [36m>[39m

[2m Test Files [22m [1m[31m2 failed[39m[22m[2m | [22m[1m[32m16 passed[39m[22m[90m (18)[39m
[2m      Tests [22m [1m[31m14 failed[39m[22m[2m | [22m[1m[32m244 passed[39m[22m[90m (258)[39m
[2m   Start at [22m 16:00:45
[2m   Duration [22m 9.31s[2m (transform 1.24s, setup 1.79s, collect 5.46s, tests 12.95s, environment 15.83s, prepare 2.68s)[22m

                  [0m?[0m
                [36m</button>[39m
                [36m<button[39m
                  [33maria-label[39m=[32m"?ㅼ쓬 ??[39m
                  [33mstyle[39m=[32m"width: 32px; height: 32px; border-radius: 50%; background: none; cursor: pointe
r; font-size: 16px; color: var(--color-text-secondary); display: flex; align-items: center; justify-content: center;"[
39m
                [36m>[39m
                  [0m??[0m
                [36m</button>[39m
              [36m</div>[39m
            [36m</div>[39m
            [36m<div[39m
              [33mstyle[39m=[32m"display: grid; grid-template-columns: repeat(7, 1fr); border-bottom: 1px solid var(
--color-border);"[39m
            [36m>[39m
              [36m<div[39m
                [33mstyle[39m=[32m"text-align: center; padding: 8px 0px; font-size: 12px; font-weight: 600; color: r
gb(213, 0, 0);"[39m
              [36m>[39m
                [0m??[0m
              [36m</div>[39m
              [36m<div[39m
                [33mstyle[39m=[32m"text-align: center; padding: 8px 0px; font-size: 12px; font-weight: 600; color: v
ar(--color-text-secondary);"[39m
              [36m>[39m
                [0m??[0m
              [36m</div>[39m
              [36m<div[39m
                [33mstyle[39m=[32m"text-align: center; padding: 8px 0px; font-size: 12px; font-weight: 600; color: v
ar(--color-text-secondary);"[39m
              [36m>[39m
                [0m??[0m
              [36m</div>[39m
              [36m<div[39m
                [33mstyle[39m=[32m"text-align: center; padding: 8px 0px; font-size: 12px; font-weight: 600; color: v
ar(--color-text-secondary);"[39m
              [36m>[39m
                [0m??[0m
              [36m</div>[39m
              [36m<div[39m
                [33mstyle[39m=[32m"text-align: center; padding: 8px 0px; font-size: 12px; font-weight: 600; color: v
ar(--color-text-secondary);"[39m
              [36m>[39m
                [0m紐?[0m
              [36m</div>[39m
              [36m<div[39m
                [33mstyle[39m=[32m"text-align: center; padding: 8px 0px; font-size: 12px; font-weight: 600; color: v
ar(--color-text-secondary);"[39m
              [36m>[39m
                [0m湲?[0m
              [36m</div>[39m
              [36m<div[39m
                [33mstyle[39m=[32m"text-align: center; padding: 8px 0px; font-size: 12px; font-weight: 600; color: r
gb(3, 155, 229);"[39m
              [36m>[39m
                [0m??[0m
              [36m</div>[39m
            ...
[90m [2m??[22m Proxy.waitForWrapper node_modules/@testing-library/dom/dist/wait-for.js:[2m163:27[22m[39m
[36m [2m??[22m src/test/todo.feature.test.tsx:[2m545:11[22m[39m
    [90m543| [39m    vi.mocked(todoApi.toggleTodoComplete).mockResolvedValue({ ...mockT??    [90m544| [39m    [34m
render[39m([33m<[39m[33mTodoListPage[39m [33m/[39m[33m>[39m[33m,[39m { wrapper[33m:[39m [34mmakeWrapper[
39m() })
    [90m545| [39m    [35mawait[39m [34mwaitFor[39m(() [33m=>[39m screen[33m.[39m[34mgetByText[39m([32m'? 
誘명똿 ?먮즺 以鍮?[39m))
    [90m   | [39m          [31m^[39m
    [90m546| [39m    fireEvent[33m.[39m[34mclick[39m(screen[33m.[39m[34mgetByRole[39m([32m'checkbox'[39m))
    [90m547| [39m    await waitFor(() => expect(todoApi.toggleTodoComplete).toHaveBeenC??
[31m[2m??렞??렞??렞??렞??렞??렞??렞??렞??렞??렞??렞[14/14]??[22m[39m

